07-03 00:51:46.038  3128  3157 V WindowManagerShell:  try handler com.android.wm.shell.pip.PipTransition@8f287fc
07-03 00:51:46.038  3128  3157 V WindowManagerShell:  try handler com.android.wm.shell.splitscreen.StageCoordinator@d9ade85
07-03 00:51:46.038  3128  3157 V WindowManagerShell:  try handler com.android.wm.shell.transition.RemoteTransitionHandler@a9b74da
07-03 00:51:46.038  3128  3157 V WindowManagerShell:  try handler com.android.wm.shell.transition.DefaultTransitionHandler@8acbee7
07-03 00:51:46.038  3128  3157 V WindowManagerShell: start default transition animation, info = {id=91 t=CHANGE f=0x0 trk=0 r=[0@Point(0, 0)] c=[{WCT{android.window.IWindowContainerToken$Stub$Proxy@6291e11} m=CHANGE f=NONE p=WCT{android.window.IWindowContainerToken$Stub$Proxy@8d12b76} leash=Surface(name=Task=792)/@0x8653d95 sb=Rect(0, 0 - 1080, 2340) eb=Rect(0, 0 - 2340, 1080) d=0 r=0->1:-1},{WCT{android.window.IWindowContainerToken$Stub$Proxy@f91a577} m=CHANGE f=NONE p=WCT{android.window.IWindowContainerToken$Stub$Proxy@277e5e4} leash=Surface(name=DefaultTaskDisplayArea)/@0x21cceaa sb=Rect(0, 0 - 1080, 2340) eb=Rect(0, 0 - 2340, 1080) d=0 r=0->1:-1},{WCT{android.window.IWindowContainerToken$Stub$Proxy@7708a4d} m=CHANGE f=IS_DISPLAY leash=Surface(name=WindowedMagnification:0:31)/@0xeb7fa9b sb=Rect(0, 0 - 1080, 2340) eb=Rect(0, 0 - 2340, 1080) d=0 r=0->1:3}]}
07-03 00:51:46.038  3128  3157 V WindowManagerShell: Display is changing, resolve the animation hint.
07-03 00:51:46.038  3128  3157 V WindowManagerShell:   display requests explicit seamless
07-03 00:51:46.040  3128  3157 V WindowManagerShell: Transition animation finished (aborted=false), notifying core (#91)android.os.BinderProxy@8ade206@0
07-03 00:51:46.041  2251  2324 I WindowManager: finishDrawing of orientation change: Window{a51325e u0 ScreenDecorOverlayBottom} 70ms
07-03 00:51:46.043 13379 13379 D b/254119092: DisplayInfoChangeListener#CHANGE_ROTATION
07-03 00:51:46.043 13379 13379 D b/254119092: mActivity and mContext agree taskbarIsPresent=false
07-03 00:51:46.046  3128  3157 V WindowManagerShell: Track 0 became idle
07-03 00:51:46.046  3128  3157 V WindowManagerShell: All active transition animations finished
07-03 00:51:46.046  3128  3157 V WindowManagerShell:  animated by com.android.wm.shell.transition.DefaultTransitionHandler@8acbee7
07-03 00:51:46.046  3128  3157 V WindowManagerShell: Track 0 became idle
07-03 00:51:46.046  3128  3157 V WindowManagerShell: All active transition animations finished
07-03 00:51:46.047 18947 19024 I SP      : Sync for content_cache succeeded in 30 ms: no changes
07-03 00:51:46.047 18947 19024 I SP      : GC for 'content_cache' (10) with ttl of 0 ms took 0 ms (0/0/0)
07-03 00:51:46.047 18947 19024 I SuperpacksManagerImpl: SuperpacksManagerImpl$19.onSyncSuccess():947 content_cache.sync() succeeded
07-03 00:51:46.050  2251  2540 V WindowManager: Finish Transition #91: created at 07-03 00:51:45.916 collect-started=0.074ms request-sent=0.146ms started=85.814ms ready=86.654ms sent=119.542ms finished=128.131ms
07-03 00:51:46.051   666   731 I SDM     : HWDeviceDRM::UpdateMixerAttributes: Mixer WxH 1080x2340-1 for Peripheral
07-03 00:51:46.051   666   731 I SDM     : DisplayBase::SetActiveConfig: Active configuration changed to: 1
07-03 00:51:46.059  1456  2902 I sensors-hal: [ssc_utils]get_qmi_debug_flag:243, support_qmi_debug : false
07-03 00:51:46.061   664   746 W HWComposer: Ignoring duplicate VSYNC event from HWC for display 4630946523002478721 (t=327732954423000)
07-03 00:51:46.065  3128  3169 E OpenGLRenderer: Unable to match the desired swap behavior.
07-03 00:51:46.068  2251  2324 I WindowManager: finishDrawing of orientation change: Window{cf0ed6b u0 ScreenDecorOverlay} 97ms
07-03 00:51:46.068  2251  2543 I DisplayDeviceRepository: Display device changed: DisplayDeviceInfo{"Built-in Screen": uniqueId="local:4630946523002478721", 1080 x 2340, modeId 2, renderFrameRate 90.0, defaultModeId 2, supportedModes [{id=1, width=1080, height=2340, fps=60.000004, alternativeRefreshRates=[90.0], supportedHdrTypes=[2, 3]}, {id=2, width=1080, height=2340, fps=90.0, alternativeRefreshRates=[60.000004], supportedHdrTypes=[2, 3]}], colorMode 0, supportedColorModes [0, 7, 9], hdrCapabilities HdrCapabilities{mSupportedHdrTypes=[2, 3], mMaxLuminance=500.0, mMaxAverageLuminance=500.0, mMinLuminance=0.0}, allmSupported false, gameContentTypeSupported false, density 440, 435.428 x 433.839 dpi, appVsyncOff 2333333, presDeadline 11500000, cutout DisplayCutout{insets=Rect(0, 136 - 0, 0) waterfall=Insets{left=0, top=0, right=0, bottom=0} boundingRect={Bounds=[Rect(0, 0 - 0, 0), Rect(0, 0 - 145, 136), Rect(0, 0 - 0, 0), Rect(0, 0 - 0, 0)]} cutoutPathParserInfo={CutoutPathParserInfo{displayWidth=1080 displayHeight=2340 physicalDisplayWidth=1080 physicalDisplayHeight=2340 density={2.75} cutoutSpec={M 41,77 a 40,40 0 1 0 80,0 40,40 0 1 0 -80,0 Z @left} rotation={0} scale={1.0} physicalPixelDisplaySizeRatio={1.0}}}}, touch INTERNAL, rotation 0, type INTERNAL, address {port=129, model=0x40446d53ad64a0}, deviceProductInfo DeviceProductInfo{name=, manufacturerPnpId=QCM, productId=1, modelYear=null, manufactureDate=ManufactureDate{week=27, year=2006}, connectionToSinkType=0}, state ON, committedState ON, frameRateOverride , brightnessMinimum 0.0, brightnessMaximum 1.0, brightnessDefault 0.2901961, hdrSdrRatio NaN, roundedCorners RoundedCorners{[RoundedCorner{position=TopLeft, radius=108, center=Point(108, 108)}, RoundedCorner{position=TopRight, radius=108, center=Point(972, 108)}, RoundedCorner{position=BottomRight, radius=108, center=Point(972, 2232)}, RoundedCorner{position=BottomLeft, radius=108, center=Point(108, 2232)}]}, FLAG_ALLOWED_TO_BE_DEFAULT_DISPLAY, FLAG_ROTATES_WITH_CONTENT, FLAG_SECURE, FLAG_SUPPORTS_PROTECTED_BUFFERS, FLAG_TRUSTED, installOrientation 0, displayShape DisplayShape{ spec=784481599 displayWidth=1080 displayHeight=2340 physicalPixelDisplaySizeRatio=1.0 rotation=0 offsetX=0 offsetY=0 scale=1.0}}
07-03 00:51:46.069  2251  4429 I WindowManager: finishDrawing of orientation change: Window{326ca14 u0 NavigationBar0} 98ms
07-03 00:51:46.071  2251  2543 D DisplayManagerService: Ignore redundant display event 0/2 to 10161/13276
07-03 00:51:46.071  2251  2543 D DisplayManagerService: Ignore redundant display event 0/2 to 10242/20118
07-03 00:51:46.071  2251  2543 D DisplayManagerService: Ignore redundant display event 0/2 to 10152/24397
07-03 00:51:46.071  2251  2543 D DisplayManagerService: Ignore redundant display event 0/2 to 10202/26210
07-03 00:51:46.071  2251  2543 D DisplayManagerService: Ignore redundant display event 0/2 to 10069/27002
07-03 00:51:46.071  2251  2543 D DisplayManagerService: Ignore redundant display event 0/2 to 10195/28758
07-03 00:51:46.077   664   746 W HWComposer: Ignoring duplicate VSYNC event from HWC for display 4630946523002478721 (t=327732971118000)
07-03 00:51:46.089   664   746 W HWComposer: Ignoring duplicate VSYNC event from HWC for display 4630946523002478721 (t=327732982234000)
07-03 00:51:46.095  2251  7335 I WindowManager: finishDrawing of orientation change: Window{171055d u0 StatusBar} 124ms
07-03 00:51:46.100   664   746 W HWComposer: Ignoring duplicate VSYNC event from HWC for display 4630946523002478721 (t=327732993336000)
07-03 00:51:46.104 27624 27624 D nativeloader: Load /data/app/~~bCp76kZb3_FzSFExynto0Q==/com.bob.agent-QPxXNLy1Er7-lKYlh6G0JA==/base.apk!/lib/arm64-v8a/libapp_lib.so using class loader ns clns-4 (caller=/data/app/~~bCp76kZb3_FzSFExynto0Q==/com.bob.agent-QPxXNLy1Er7-lKYlh6G0JA==/base.apk!classes9.dex): ok
--------- beginning of crash
07-03 00:51:46.106 27624 27652 F libc    : Fatal signal 6 (SIGABRT), code -1 (SI_QUEUE) in tid 27652 (com.bob.agent), pid 27624 (com.bob.agent)
07-03 00:51:46.106 27624 27651 I RustStdoutStderr: 
07-03 00:51:46.106 27624 27651 I RustStdoutStderr: thread '<unnamed>' (27652) panicked at src/db.rs:59:10:
07-03 00:51:46.106 27624 27651 I RustStdoutStderr: Failed to open SQLite database even after self-healing attempts: SqliteFailure(Error { code: CannotOpen, extended_code: 14 }, Some("unable to open database file: ./bob-agent/bob.db"))
07-03 00:51:46.106 27624 27651 I RustStdoutStderr: note: run with `RUST_BACKTRACE=1` environment variable to display a backtrace
07-03 00:51:46.106 27624 27651 I RustStdoutStderr: attempt to unwind out of `rust` with err: Any { .. }
07-03 00:51:46.111   664   746 W HWComposer: Ignoring duplicate VSYNC event from HWC for display 4630946523002478721 (t=327733004498000)
07-03 00:51:46.122   664   746 W HWComposer: Ignoring duplicate VSYNC event from HWC for display 4630946523002478721 (t=327733015618000)
07-03 00:51:46.133   664   746 W HWComposer: Ignoring duplicate VSYNC event from HWC for display 4630946523002478721 (t=327733026759000)
07-03 00:51:46.149 27655 27655 I crash_dump64: obtaining output fd from tombstoned, type: kDebuggerdTombstoneProto
07-03 00:51:46.150   906   906 I tombstoned: received crash request for pid 27652
07-03 00:51:46.151 27655 27655 I crash_dump64: performing dump of process 27624 (target tid = 27652)
07-03 00:51:46.196 27624 27624 I com.bob.agent: hiddenapi: Accessing hidden method Landroid/view/ViewGroup;->makeOptionalFitsSystemWindows()V (runtime_flags=0, domain=platform, api=unsupported) from Landroidx/appcompat/widget/ViewUtils; (domain=app, TargetSdkVersion=36) using reflection: allowed
07-03 00:51:46.203 27624 27624 D CompatibilityChangeReporter: Compat change id reported: 237531167; UID 10373; state: DISABLED
07-03 00:51:46.208 27624 27658 W Parcel  : Expecting binder but got null!
07-03 00:51:46.219 27624 27624 I Choreographer: Skipped 31 frames!  The application may be doing too much work on its main thread.
07-03 00:51:46.224  2251  7335 D CoreBackPreview: Window{2e5b88c u0 com.bob.agent/com.bob.agent.MainActivity}: Setting back callback OnBackInvokedCallbackInfo{mCallback=android.window.IOnBackInvokedCallback$Stub$Proxy@35272db, mPriority=0, mIsAnimationCallback=false}
07-03 00:51:46.239   664  3651 W ServiceManagerCppClient: Permission failure: android.permission.ROTATE_SURFACE_FLINGER from uid=10373 pid=0
07-03 00:51:46.239   664  3651 D PermissionCache: checking android.permission.ROTATE_SURFACE_FLINGER for uid=10373 => denied (422 us)
07-03 00:51:46.239   664  3651 W ServiceManagerCppClient: Permission failure: android.permission.INTERNAL_SYSTEM_WINDOW from uid=10373 pid=0
07-03 00:51:46.239   664  3594 W ServiceManagerCppClient: Permission failure: android.permission.ROTATE_SURFACE_FLINGER from uid=10373 pid=27624
07-03 00:51:46.239   664  3651 D PermissionCache: checking android.permission.INTERNAL_SYSTEM_WINDOW for uid=10373 => denied (265 us)
07-03 00:51:46.239   664  3594 D PermissionCache: checking android.permission.ROTATE_SURFACE_FLINGER for uid=10373 => denied (303 us)
07-03 00:51:46.239   664  3651 W ServiceManagerCppClient: Permission failure: android.permission.ACCESS_SURFACE_FLINGER from uid=10373 pid=0
07-03 00:51:46.239   664  3594 W ServiceManagerCppClient: Permission failure: android.permission.ACCESS_SURFACE_FLINGER from uid=10373 pid=27624
07-03 00:51:46.239   664  3594 D PermissionCache: checking android.permission.ACCESS_SURFACE_FLINGER for uid=10373 => denied (193 us)
07-03 00:51:46.239   664  3651 D PermissionCache: checking android.permission.ACCESS_SURFACE_FLINGER for uid=10373 => denied (200 us)
07-03 00:51:46.240 27624 27640 I AdrenoGLES-0: QUALCOMM build                   : 4783c89, I46ff5fc46f
07-03 00:51:46.240 27624 27640 I AdrenoGLES-0: Build Date                       : 11/30/20
07-03 00:51:46.240 27624 27640 I AdrenoGLES-0: OpenGL ES Shader Compiler Version: EV031.31.04.01
07-03 00:51:46.240 27624 27640 I AdrenoGLES-0: Local Branch                     : QPR2
07-03 00:51:46.240 27624 27640 I AdrenoGLES-0: Remote Branch                    : 
07-03 00:51:46.240 27624 27640 I AdrenoGLES-0: Remote Branch                    : 
07-03 00:51:46.240 27624 27640 I AdrenoGLES-0: Reconstruct Branch               : 
07-03 00:51:46.241 27624 27640 I AdrenoGLES-0: Build Config                     : S P 10.0.4 AArch64
07-03 00:51:46.241 27624 27640 I AdrenoGLES-0: Driver Path                      : /vendor/lib64/egl/libGLESv2_adreno.so
07-03 00:51:46.245 27624 27640 I AdrenoGLES-0: PFP: 0x016dd093, ME: 0x00000000
07-03 00:51:46.246 27624 27640 W AdrenoUtils: <ReadGpuID_from_sysfs:197>: Failed to open /sys/class/kgsl/kgsl-3d0/gpu_model
07-03 00:51:46.246 27624 27640 W AdrenoUtils: <ReadGpuID:221>: Failed to read chip ID from gpu_model. Fallback to use the GSL path
07-03 00:51:46.251 27624 27640 E OpenGLRenderer: Unable to match the desired swap behavior.
07-03 00:51:46.263  2251  7335 W ServiceManagerCppClient: Permission failure: android.permission.ROTATE_SURFACE_FLINGER from uid=10373 pid=0
07-03 00:51:46.263  2251  7335 D PermissionCache: checking android.permission.ROTATE_SURFACE_FLINGER for uid=10373 => denied (244 us)
07-03 00:51:46.263  2251  7335 W ServiceManagerCppClient: Permission failure: android.permission.INTERNAL_SYSTEM_WINDOW from uid=10373 pid=0
07-03 00:51:46.263  2251  7335 D PermissionCache: checking android.permission.INTERNAL_SYSTEM_WINDOW for uid=10373 => denied (240 us)
07-03 00:51:46.263  2251  7335 W ServiceManagerCppClient: Permission failure: android.permission.ACCESS_SURFACE_FLINGER from uid=10373 pid=0
07-03 00:51:46.263  2251  7335 D PermissionCache: checking android.permission.ACCESS_SURFACE_FLINGER for uid=10373 => denied (68 us)
07-03 00:51:46.271  2251  2540 I ActivityTaskManager: Displayed com.bob.agent/.MainActivity for user 0: +684ms
07-03 00:51:46.273  2251  7335 W ActivityTaskManager: Request to remove task ignored for non-existent task 791
07-03 00:51:46.281 13509 13509 I cgrl    : onStop
07-03 00:51:46.283  2251  3668 D CompatibilityChangeReporter: Compat change id reported: 214016041; UID 10373; state: ENABLED
07-03 00:51:46.283  2251  3668 I ImeTracker: com.bob.agent:f3ca4813: onRequestHide at ORIGIN_SERVER_HIDE_INPUT reason HIDE_UNSPECIFIED_WINDOW
07-03 00:51:46.283  2251  3668 I ImeTracker: com.bob.agent:f3ca4813: onCancelled at PHASE_SERVER_SHOULD_HIDE
07-03 00:51:46.289 13379 13396 I ImeTracker: com.google.android.apps.nexuslauncher:7e9269e5: onRequestHide at ORIGIN_CLIENT_HIDE_SOFT_INPUT reason HIDE_SOFT_INPUT
07-03 00:51:46.290  2251  3668 W InputMethodManagerService: Ignoring hideSoftInput of uid 10226 : com.android.internal.inputmethod.IInputMethodClient$Stub$Proxy@b9ed0af
07-03 00:51:46.290  2251  3668 I ImeTracker: com.google.android.apps.nexuslauncher:7e9269e5: onCancelled at PHASE_SERVER_CLIENT_FOCUSED
07-03 00:51:46.293 18947 18947 I GoogleInputMethodService: GoogleInputMethodService.onFinishInput():2274 
07-03 00:51:46.293 18947 18947 I Module  : DeviceLockedStatusModuleProvider$Module.updateDeviceLockedStatusInternal():128 repeatCheckTimes = 0, locked = false
07-03 00:51:46.294 18947 18947 I GoogleInputMethodService: GoogleInputMethodService.onStartInput():1459 onStartInput(EditorInfo{EditorInfo{packageName=com.bob.agent, inputType=0, inputTypeString=NULL, enableLearning=false, autoCorrection=false, autoComplete=false, imeOptions=0, privateImeOptions=null, actionName=UNSPECIFIED, actionLabel=null, initialSelStart=-1, initialSelEnd=-1, initialCapsMode=0, label=null, fieldId=0, fieldName=null, extras=null, hintText=null, hintLocales=[]}}, false)
07-03 00:51:46.294 18947 18947 W LatinIMEBase: LatinIMEBase.updateInputViewCoverNavigation():322 Null input view, cannot update padding!
07-03 00:51:46.295 18947 18947 I Module  : DeviceLockedStatusModuleProvider$Module.updateDeviceLockedStatusInternal():128 repeatCheckTimes = 1, locked = false
07-03 00:51:46.298  2251  4429 W PackageConfigPersister: App-specific configuration not found for packageName: com.bob.agent and userId: 0
07-03 00:51:46.383 27655 27655 F DEBUG   : *** *** *** *** *** *** *** *** *** *** *** *** *** *** *** ***
07-03 00:51:46.383 27655 27655 F DEBUG   : Build fingerprint: 'google/redfin/redfin:14/UP1A.231105.001.B2/11260668:user/release-keys'
07-03 00:51:46.383 27655 27655 F DEBUG   : Revision: 'MP1.0'
07-03 00:51:46.383 27655 27655 F DEBUG   : ABI: 'arm64'
07-03 00:51:46.383 27655 27655 F DEBUG   : Timestamp: 2026-07-03 00:51:46.167358093+0800
07-03 00:51:46.383 27655 27655 F DEBUG   : Process uptime: 2s
07-03 00:51:46.383 27655 27655 F DEBUG   : Cmdline: com.bob.agent
07-03 00:51:46.383 27655 27655 F DEBUG   : pid: 27624, tid: 27652, name: com.bob.agent  >>> com.bob.agent <<<
07-03 00:51:46.383 27655 27655 F DEBUG   : uid: 10373
07-03 00:51:46.383 27655 27655 F DEBUG   : signal 6 (SIGABRT), code -1 (SI_QUEUE), fault addr --------
07-03 00:51:46.383 27655 27655 F DEBUG   :     x0  0000000000000000  x1  0000000000006c04  x2  0000000000000006  x3  0000007ae1573550
07-03 00:51:46.383 27655 27655 F DEBUG   :     x4  000000000000000a  x5  000000000000000a  x6  000000000000000a  x7  73722e62642f6372
07-03 00:51:46.383 27655 27655 F DEBUG   :     x8  00000000000000f0  x9  0000007d79838090  x10 0000000000000001  x11 0000007d7987e058
07-03 00:51:46.383 27655 27655 F DEBUG   :     x12 0000000000000dfd  x13 0000007ae156f976  x14 0000000000000000  x15 0000007ae156fa3b
07-03 00:51:46.383 27655 27655 F DEBUG   :     x16 0000007d798e2d08  x17 0000007d798bfe90  x18 0000007a66eb0000  x19 0000000000006be8
07-03 00:51:46.383 27655 27655 F DEBUG   :     x20 0000000000006c04  x21 00000000ffffffff  x22 b400007ba94c3d50  x23 0000007a6c1b3670
07-03 00:51:46.383 27655 27655 F DEBUG   :     x24 0000007ae1573c30  x25 0000007ae1573c30  x26 0000007ae1573f78  x27 0000000000204000
07-03 00:51:46.383 27655 27655 F DEBUG   :     x28 0000000000206000  x29 0000007ae15735d0
07-03 00:51:46.383 27655 27655 F DEBUG   :     lr  0000007d7986f9b8  sp  0000007ae1573530  pc  0000007d7986f9e4  pst 0000000000001000
07-03 00:51:46.383 27655 27655 F DEBUG   : 16 total frames
07-03 00:51:46.383 27655 27655 F DEBUG   : backtrace:
07-03 00:51:46.383 27655 27655 F DEBUG   :       #00 pc 00000000000599e4  /apex/com.android.runtime/lib64/bionic/libc.so (abort+164) (BuildId: c74277f481a383c87215b672f6465e24)
07-03 00:51:46.384 27655 27655 F DEBUG   :       #01 pc 0000000004ebf738  /data/app/~~bCp76kZb3_FzSFExynto0Q==/com.bob.agent-QPxXNLy1Er7-lKYlh6G0JA==/base.apk (offset 0x53c000) (_RNvNtNtNtCscEKxFfhXKRp_3std3sys3pal4unix14abort_internal+8)
07-03 00:51:46.384 27655 27655 F DEBUG   :       #02 pc 0000000004ebb7fc  /data/app/~~bCp76kZb3_FzSFExynto0Q==/com.bob.agent-QPxXNLy1Er7-lKYlh6G0JA==/base.apk (offset 0x53c000) (_RNvNtCscEKxFfhXKRp_3std7process5abort+8)
07-03 00:51:46.384 27655 27655 F DEBUG   :       #03 pc 00000000022febe0  /data/app/~~bCp76kZb3_FzSFExynto0Q==/com.bob.agent-QPxXNLy1Er7-lKYlh6G0JA==/base.apk (offset 0x53c000) (app_lib::stop_unwind::he41bd684d72bef7d+176)
07-03 00:51:46.384 27655 27655 F DEBUG   :       #04 pc 00000000022fe2a0  /data/app/~~bCp76kZb3_FzSFExynto0Q==/com.bob.agent-QPxXNLy1Er7-lKYlh6G0JA==/base.apk (offset 0x53c000) (app_lib::_start_app::hfacd3a18ca855494+8)
07-03 00:51:46.384 27655 27655 F DEBUG   :       #05 pc 0000000004929154  /data/app/~~bCp76kZb3_FzSFExynto0Q==/com.bob.agent-QPxXNLy1Er7-lKYlh6G0JA==/base.apk (offset 0x53c000) (tao::platform_impl::platform::ndk_glue::create::_$u7b$$u7b$closure$u7d$$u7d$::hcc75600d0595c211+780)
07-03 00:51:46.384 27655 27655 F DEBUG   :       #06 pc 00000000049790bc  /data/app/~~bCp76kZb3_FzSFExynto0Q==/com.bob.agent-QPxXNLy1Er7-lKYlh6G0JA==/base.apk (offset 0x53c000) (std::sys::backtrace::__rust_begin_short_backtrace::h73a39af29e9e8309+28)
07-03 00:51:46.384 27655 27655 F DEBUG   :       #07 pc 000000000497dbac  /data/app/~~bCp76kZb3_FzSFExynto0Q==/com.bob.agent-QPxXNLy1Er7-lKYlh6G0JA==/base.apk (offset 0x53c000) (std::thread::lifecycle::spawn_unchecked::_$u7b$$u7b$closure$u7d$$u7d$::_$u7b$$u7b$closure$u7d$$u7d$::h2f00d335729a61bc+100)
07-03 00:51:46.384 27655 27655 F DEBUG   :       #08 pc 000000000494cbf4  /data/app/~~bCp76kZb3_FzSFExynto0Q==/com.bob.agent-QPxXNLy1Er7-lKYlh6G0JA==/base.apk (offset 0x53c000) (_$LT$core..panic..unwind_safe..AssertUnwindSafe$LT$F$GT$$u20$as$u20$core..ops..function..FnOnce$LT$$LP$$RP$$GT$$GT$::call_once::h6f0af004e730e3ba+40)
07-03 00:51:46.384 27655 27655 F DEBUG   :       #09 pc 0000000004972cd0  /data/app/~~bCp76kZb3_FzSFExynto0Q==/com.bob.agent-QPxXNLy1Er7-lKYlh6G0JA==/base.apk (offset 0x53c000) (std::panicking::catch_unwind::do_call::h932ffb3fe421d747+48)
07-03 00:51:46.384 27655 27655 F DEBUG   :       #10 pc 000000000497fb50  /data/app/~~bCp76kZb3_FzSFExynto0Q==/com.bob.agent-QPxXNLy1Er7-lKYlh6G0JA==/base.apk (offset 0x53c000) (__rust_try+28)
07-03 00:51:46.384 27655 27655 F DEBUG   :       #11 pc 000000000497d900  /data/app/~~bCp76kZb3_FzSFExynto0Q==/com.bob.agent-QPxXNLy1Er7-lKYlh6G0JA==/base.apk (offset 0x53c000) (std::thread::lifecycle::spawn_unchecked::_$u7b$$u7b$closure$u7d$$u7d$::hd24d9327209bf52d+216)
07-03 00:51:46.384 27655 27655 F DEBUG   :       #12 pc 000000000494cfcc  /data/app/~~bCp76kZb3_FzSFExynto0Q==/com.bob.agent-QPxXNLy1Er7-lKYlh6G0JA==/base.apk (offset 0x53c000) (core::ops::function::FnOnce::call_once$u7b$$u7b$vtable.shim$u7d$$u7d$::h893f3a5354321782+20)
07-03 00:51:46.384 27655 27655 F DEBUG   :       #13 pc 0000000004ec1cd8  /data/app/~~bCp76kZb3_FzSFExynto0Q==/com.bob.agent-QPxXNLy1Er7-lKYlh6G0JA==/base.apk (offset 0x53c000) (_RNvNvMs0_NtNtNtCscEKxFfhXKRp_3std3sys6thread4unixNtB7_6Thread3new12thread_start+348)
07-03 00:51:46.384 27655 27655 F DEBUG   :       #14 pc 00000000000be6a8  /apex/com.android.runtime/lib64/bionic/libc.so (__pthread_start(void*)+208) (BuildId: c74277f481a383c87215b672f6465e24)
07-03 00:51:46.384 27655 27655 F DEBUG   :       #15 pc 000000000005b21c  /apex/com.android.runtime/lib64/bionic/libc.so (__start_thread+64) (BuildId: c74277f481a383c87215b672f6465e24)
07-03 00:51:46.395   906   906 E tombstoned: Tombstone written to: tombstone_05
07-03 00:51:46.397  2251 27663 I DropBoxManagerService: add tag=data_app_native_crash isTagEnabled=true flags=0x2
07-03 00:51:46.398  2251 27662 W ActivityTaskManager:   Force finishing activity com.bob.agent/.MainActivity
07-03 00:51:46.399  3128  3157 V WindowManagerShell: Transition requested: android.os.BinderProxy@3ba1898 TransitionRequestInfo { type = CLOSE, triggerTask = null, remoteTransition = null, displayChange = null }
07-03 00:51:46.404  2251  2854 I BootReceiver: Copying /data/tombstones/tombstone_05 to DropBox (SYSTEM_TOMBSTONE)
07-03 00:51:46.404  2251  2854 I DropBoxManagerService: add tag=SYSTEM_TOMBSTONE isTagEnabled=true flags=0x6
07-03 00:51:46.423  2251  2854 I DropBoxManagerService: add tag=SYSTEM_TOMBSTONE_PROTO_WITH_HEADERS isTagEnabled=true flags=0x4
07-03 00:51:46.440   664   664 I BpBinder: onLastStrongRef automatically unlinking death recipients: 
07-03 00:51:46.441  2251  5861 I ActivityManager: Process com.bob.agent (pid 27624) has died: fg  TOP 
07-03 00:51:46.442  1901  1901 I adbd    : Remote process closed the socket (on MSG_PEEK)
07-03 00:51:46.442  2251  2541 D DisplayManagerService: Drop pending events for gone uid 10373
07-03 00:51:46.442  1431  1431 I Zygote  : Process 27624 exited due to signal 6 (Aborted)
07-03 00:51:46.443  2251  2602 I libprocessgroup: Successfully killed process cgroup uid 10373 pid 27624 in 1ms
07-03 00:51:46.444  2251  5861 W InputManager-JNI: Input channel object 'Letterbox_left_ActivityRecord{54fbb6c u0 com.bob.agent/.MainActivity t792} (client)' was disposed without first being removed with the input manager!
07-03 00:51:46.444  2251  5861 W InputManager-JNI: Input channel object 'Letterbox_top_ActivityRecord{54fbb6c u0 com.bob.agent/.MainActivity t792} (client)' was disposed without first being removed with the input manager!
07-03 00:51:46.445  2251  5861 W InputManager-JNI: Input channel object 'Letterbox_right_ActivityRecord{54fbb6c u0 com.bob.agent/.MainActivity t792} (client)' was disposed without first being removed with the input manager!
07-03 00:51:46.445  2251  5861 W InputManager-JNI: Input channel object 'Letterbox_bottom_ActivityRecord{54fbb6c u0 com.bob.agent/.MainActivity t792} (client)' was disposed without first being removed with the input manager!
07-03 00:51:46.445  2251  3668 I ImeTracker: com.bob.agent:453ed10a: onRequestHide at ORIGIN_SERVER_HIDE_INPUT reason HIDE_REMOVE_CLIENT
07-03 00:51:46.445  2251  3668 I ImeTracker: com.bob.agent:453ed10a: onCancelled at PHASE_SERVER_SHOULD_HIDE
07-03 00:51:46.450  3128  3157 D WindowManagerShell: onFixedRotationStarted: null, state=PipTransitionState(mState=undefined, mInSwipePipToHomeTransition=false)
07-03 00:51:46.458 13379 13379 D AutofillManager: view is not autofillable - activity denied for autofill
07-03 00:51:46.461 13379 13397 D QuickstepModelDelegate: notifyAppTargetEvent action=1 launchLocation=
07-03 00:51:46.462  2251  4429 I WindowManager: WIN DEATH: Window{2e5b88c u0 com.bob.agent/com.bob.agent.MainActivity}
07-03 00:51:46.462  2251  4429 W InputManager-JNI: Input channel object '2e5b88c com.bob.agent/com.bob.agent.MainActivity (client)' was disposed without first being removed with the input manager!
07-03 00:51:46.477  3128  3163 W WindowOnBackDispatcher: sendCancelIfRunning: isInProgress=falsecallback=android.view.ViewRootImpl$$ExternalSyntheticLambda17@915b507
07-03 00:51:46.479 13509 13879 E OpenGLRenderer: Unable to match the desired swap behavior.
07-03 00:51:46.484  2251  4629 D CoreBackPreview: Window{1f5c45d u0 Splash Screen com.bob.agent EXITING}: Setting back callback null
07-03 00:51:46.484 13509 13509 I cgrl    : onStart
07-03 00:51:46.485  2251  3257 W InputManager-JNI: Input channel object '1f5c45d Splash Screen com.bob.agent (client)' was disposed without first being removed with the input manager!
07-03 00:51:46.486 13379 13412 E OpenGLRenderer: Unable to match the desired swap behavior.
07-03 00:51:46.490  4337  4929 I AiAiEcho: (REDACTED) Predicting[%d]: %s
07-03 00:51:46.491  4337  4929 I AiAiEcho: (REDACTED) EchoTargets: %s
07-03 00:51:46.491  4337  4929 I AiAiEcho: Filtered by AiAi flag check: %s
07-03 00:51:46.492  4337  4929 I AiAiEcho: (REDACTED) #weatherTwiddler: Weather removes SubtitleSupplementalItem in surface: %s
07-03 00:51:46.492  4337  4929 I AiAiEcho: #remoteViewsTwiddler: feature disabled.
07-03 00:51:46.493 13509 13509 I ceiq    : (REDACTED) [%s] onStart()
07-03 00:51:46.493 13509 13509 I celc    : Reloading theme data
07-03 00:51:46.496 13509 13509 E NetworkErrorMessage: (REDACTED) Invalid connectivity state: %s
07-03 00:51:46.496 13509 13509 I cgrl    : onResume
07-03 00:51:46.496 13509 13509 W dxcb    : missing event name
07-03 00:51:46.498  4337  4929 I AiAiEcho: (REDACTED) #postPredictionTargets: Sending updates to UISurface %s with targets# %s (types=[%s])
07-03 00:51:46.500 13379 13379 D SearchTargetUtil:  query= size=45
07-03 00:51:46.501 13379 13379 D SearchTargetUtil: layoutType=short_icon_row resultType=131072 packageName=com.google.android.googlequicksearchbox extras=Bundle{suggestion_type=36,suggest_truncate_start=false,is_answer=false,is_entity=false,is_personal=true,suggest_raw_text=gemini,group_id=web1297412247,zero_state_cache=[B@eac8a1a,response_id=c1aed9b3-346c-48e1-807c-21539bb96782,support_query_builder=true,} searchAction=gemini searchActionExtras=Bundle{learn_more_url=https://support.google.com/websearch/?p=delete_recent_history&hl=en,suggestion_action_text=Delete,should_start_for_result=true,allow_pinning=true,skip_logging_in_target_handler=true,suggestion_action_rpc=1,}ParentID: null targetID: 6b1fa7d6-11e9-476b-8156-8619f932fca6
07-03 00:51:46.501 13379 13379 D SearchTargetUtil: layoutType=short_icon_row resultType=131072 packageName=com.google.android.googlequicksearchbox extras=Bundle{suggestion_type=36,suggest_truncate_start=false,is_answer=false,is_entity=false,is_personal=true,suggest_raw_text=google pixel,group_id=web1297412247,response_id=c1aed9b3-346c-48e1-807c-21539bb96782,support_query_builder=true,} searchAction=google pixel searchActionExtras=Bundle{learn_more_url=https://support.google.com/websearch/?p=delete_recent_history&hl=en,suggestion_action_text=Delete,should_start_for_result=true,allow_pinning=true,skip_logging_in_target_handler=true,suggestion_action_rpc=1,}ParentID: null targetID: 332d2f0d-5765-416a-b0bc-d558831018e9
07-03 00:51:46.501 13379 13379 D SearchTargetUtil: layoutType=short_icon_row resultType=131072 packageName=com.google.android.googlequicksearchbox extras=Bundle{suggestion_type=36,suggest_truncate_start=false,is_answer=false,is_entity=false,is_personal=true,suggest_raw_text=weather tomorrow,group_id=web1297412247,response_id=c1aed9b3-346c-48e1-807c-21539bb96782,support_query_builder=true,} searchAction=weather tomorrow searchActionExtras=Bundle{learn_more_url=https://support.google.com/websearch/?p=delete_recent_history&hl=en,suggestion_action_text=Delete,should_start_for_result=true,allow_pinning=true,skip_logging_in_target_handler=true,suggestion_action_rpc=1,}ParentID: null targetID: f13d6002-c425-47a2-a098-48e41ddb4a69
07-03 00:51:46.501 13379 13379 D SearchTargetUtil: layoutType=short_icon_row resultType=131072 packageName=com.google.android.googlequicksearchbox extras=Bundle{suggestion_type=36,suggest_truncate_start=false,is_answer=false,is_entity=false,is_personal=true,suggest_raw_text=google,group_id=web1297412247,response_id=c1aed9b3-346c-48e1-807c-21539bb96782,support_query_builder=true,} searchAction=google searchActionExtras=Bundle{learn_more_url=https://support.google.com/websearch/?p=delete_recent_history&hl=en,suggestion_action_text=Delete,should_start_for_result=true,allow_pinning=true,skip_logging_in_target_handler=true,suggestion_action_rpc=1,}ParentID: null targetID: e02890e3-cee5-4636-8ecb-514e5b2d811a
07-03 00:51:46.501 13379 13379 D SearchTargetUtil: layoutType=short_icon_row resultType=131072 packageName=com.google.android.googlequicksearchbox extras=Bundle{suggestion_type=36,suggest_truncate_start=false,is_answer=false,is_entity=false,is_personal=true,suggest_raw_text=google home speaker,group_id=web1297412247,response_id=c1aed9b3-346c-48e1-807c-21539bb96782,support_query_builder=true,} searchAction=google home speaker searchActionExtras=Bundle{learn_more_url=https://support.google.com/websearch/?p=delete_recent_history&hl=en,suggestion_action_text=Delete,should_start_for_result=true,allow_pinning=true,skip_logging_in_target_handler=true,suggestion_action_rpc=1,}ParentID: null targetID: 822dd36a-53ef-4622-b379-014c3fd1f693
07-03 00:51:46.501 13379 13379 D SearchTargetUtil: layoutType=short_icon_row resultType=131072 packageName=com.google.android.googlequicksearchbox extras=Bundle{suggestion_type=36,suggest_truncate_start=false,is_answer=false,is_entity=false,is_personal=true,suggest_raw_text=deepseek,group_id=web1297412247,response_id=c1aed9b3-346c-48e1-807c-21539bb96782,support_query_builder=true,} searchAction=deepseek searchActionExtras=Bundle{learn_more_url=https://support.google.com/websearch/?p=delete_recent_history&hl=en,suggestion_action_text=Delete,should_start_for_result=true,allow_pinning=true,skip_logging_in_target_handler=true,suggestion_action_rpc=1,}ParentID: null targetID: 000052a1-3271-49c0-8847-15eb40bcd803
07-03 00:51:46.501 13379 13379 D SearchTargetUtil: layoutType=short_icon_row resultType=131072 packageName=com.google.android.googlequicksearchbox extras=Bundle{suggestion_type=36,suggest_truncate_start=false,is_answer=false,is_entity=false,is_personal=true,suggest_raw_text=duckduckgo,group_id=web1297412247,response_id=c1aed9b3-346c-48e1-807c-21539bb96782,support_query_builder=true,} searchAction=duckduckgo searchActionExtras=Bundle{learn_more_url=https://support.google.com/websearch/?p=delete_recent_history&hl=en,suggestion_action_text=Delete,should_start_for_result=true,allow_pinning=true,skip_logging_in_target_handler=true,suggestion_action_rpc=1,}ParentID: null targetID: 30527712-a982-49b0-af21-4225951f6345
07-03 00:51:46.501 13379 13379 D SearchTargetUtil: layoutType=short_icon_row resultType=131072 packageName=com.google.android.googlequicksearchbox extras=Bundle{suggestion_type=36,suggest_truncate_start=false,is_answer=false,is_entity=false,is_personal=true,suggest_raw_text=android 17,group_id=web1297412247,response_id=c1aed9b3-346c-48e1-807c-21539bb96782,support_query_builder=true,} searchAction=android 17 searchActionExtras=Bundle{learn_more_url=https://support.google.com/websearch/?p=delete_recent_history&hl=en,suggestion_action_text=Delete,should_start_for_result=true,allow_pinning=true,skip_logging_in_target_handler=true,suggestion_action_rpc=1,}ParentID: null targetID: b552951f-4bc9-4c77-add3-1f4c99e7e9c3
07-03 00:51:46.501 13379 13379 D SearchTargetUtil: layoutType=short_icon_row resultType=131072 packageName=com.google.android.googlequicksearchbox extras=Bundle{suggestion_type=36,suggest_truncate_start=false,is_answer=false,is_entity=false,is_personal=true,suggest_raw_text=microsoft surface,group_id=web1297412247,response_id=c1aed9b3-346c-48e1-807c-21539bb96782,support_query_builder=true,} searchAction=microsoft surface searchActionExtras=Bundle{learn_more_url=https://support.google.com/websearch/?p=delete_recent_history&hl=en,suggestion_action_text=Delete,should_start_for_result=true,allow_pinning=true,skip_logging_in_target_handler=true,suggestion_action_rpc=1,}ParentID: null targetID: 06cc07fa-870a-48b8-bd31-c7c2ae80d777
07-03 00:51:46.501 13379 13379 D SearchTargetUtil: layoutType=short_icon_row resultType=131072 packageName=com.google.android.googlequicksearchbox extras=Bundle{suggestion_type=36,suggest_truncate_start=false,is_answer=false,is_entity=false,is_personal=true,suggest_raw_text=antigravity cli,group_id=web1297412247,response_id=c1aed9b3-346c-48e1-807c-21539bb96782,support_query_builder=true,} searchAction=antigravity cli searchActionExtras=Bundle{learn_more_url=https://support.google.com/websearch/?p=delete_recent_history&hl=en,suggestion_action_text=Delete,should_start_for_result=true,allow_pinning=true,skip_logging_in_target_handler=true,suggestion_action_rpc=1,}ParentID: null targetID: 01cb87cf-2d6f-440a-aecf-f4b8463236c4
07-03 00:51:46.501 13379 13379 D SearchTargetUtil: layoutType=short_icon_row resultType=131072 packageName=com.google.android.googlequicksearchbox extras=Bundle{suggestion_type=36,suggest_truncate_start=false,is_answer=false,is_entity=false,is_personal=true,suggest_raw_text=tencent marvis icon,group_id=web1297412247,response_id=c1aed9b3-346c-48e1-807c-21539bb96782,support_query_builder=true,} searchAction=tencent marvis icon searchActionExtras=Bundle{learn_more_url=https://support.google.com/websearch/?p=delete_recent_history&hl=en,suggestion_action_text=Delete,should_start_for_result=true,allow_pinning=true,skip_logging_in_target_handler=true,suggestion_action_rpc=1,}ParentID: null targetID: 25f190e3-e6ad-466f-a108-18964c9c1b98
07-03 00:51:46.501 13379 13379 D SearchTargetUtil: layoutType=short_icon_row resultType=131072 packageName=com.google.android.googlequicksearchbox extras=Bundle{suggestion_type=36,suggest_truncate_start=false,is_answer=false,is_entity=false,is_personal=true,suggest_raw_text=google workspace,group_id=web1297412247,response_id=c1aed9b3-346c-48e1-807c-21539bb96782,support_query_builder=true,} searchAction=google workspace searchActionExtras=Bundle{learn_more_url=https://support.google.com/websearch/?p=delete_recent_history&hl=en,suggestion_action_text=Delete,should_start_for_result=true,allow_pinning=true,skip_logging_in_target_handler=true,suggestion_action_rpc=1,}ParentID: null targetID: 51736a24-1867-4623-adbd-709ae2a2f22e
07-03 00:51:46.501 13379 13379 D SearchTargetUtil: layoutType=short_icon_row resultType=131072 packageName=com.google.android.googlequicksearchbox extras=Bundle{suggestion_type=36,suggest_truncate_start=false,is_answer=false,is_entity=false,is_personal=true,suggest_raw_text=new york,group_id=web1297412247,response_id=c1aed9b3-346c-48e1-807c-21539bb96782,support_query_builder=true,} searchAction=new york searchActionExtras=Bundle{learn_more_url=https://support.google.com/websearch/?p=delete_recent_history&hl=en,suggestion_action_text=Delete,should_start_for_result=true,allow_pinning=true,skip_logging_in_target_handler=true,suggestion_action_rpc=1,}ParentID: null targetID: 14e2f5ae-4f24-41c6-8e68-ea46e9c22e08
07-03 00:51:46.501 13379 13379 D SearchTargetUtil: layoutType=short_icon_row resultType=131072 packageName=com.google.android.googlequicksearchbox extras=Bundle{suggestion_type=36,suggest_truncate_start=false,is_answer=false,is_entity=false,is_personal=true,suggest_raw_text=gemini play store,group_id=web1297412247,response_id=c1aed9b3-346c-48e1-807c-21539bb96782,support_query_builder=true,} searchAction=gemini play store searchActionExtras=Bundle{learn_more_url=https://support.google.com/websearch/?p=delete_recent_history&hl=en,suggestion_action_text=Delete,should_start_for_result=true,allow_pinning=true,skip_logging_in_target_handler=true,suggestion_action_rpc=1,}ParentID: null targetID: 6d0bd73e-fba6-4121-b16f-cdaa92e83cd6
07-03 00:51:46.501 13379 13379 D SearchTargetUtil: layoutType=short_icon_row resultType=131072 packageName=com.google.android.googlequicksearchbox extras=Bundle{suggestion_type=36,suggest_truncate_start=false,is_answer=false,is_entity=false,is_personal=true,suggest_raw_text=artificial intelligence,group_id=web1297412247,response_id=c1aed9b3-346c-48e1-807c-21539bb96782,support_query_builder=true,} searchAction=artificial intelligence searchActionExtras=Bundle{learn_more_url=https://support.google.com/websearch/?p=delete_recent_history&hl=en,suggestion_action_text=Delete,should_start_for_result=true,allow_pinning=true,skip_logging_in_target_handler=true,suggestion_action_rpc=1,}ParentID: null targetID: 78bd3494-369f-4977-bf7c-367dda2b9fbf
07-03 00:51:46.501 13379 13379 D SearchTargetUtil: layoutType=short_icon_row resultType=131072 packageName=com.google.android.googlequicksearchbox extras=Bundle{suggestion_type=36,suggest_truncate_start=false,is_answer=false,is_entity=false,is_personal=true,suggest_raw_text=ollama,group_id=web1297412247,response_id=c1aed9b3-346c-48e1-807c-21539bb96782,support_query_builder=true,} searchAction=ollama searchActionExtras=Bundle{learn_more_url=https://support.google.com/websearch/?p=delete_recent_history&hl=en,suggestion_action_text=Delete,should_start_for_result=true,allow_pinning=true,skip_logging_in_target_handler=true,suggestion_action_rpc=1,}ParentID: null targetID: 145ff5be-8d71-4506-9f41-0d962558ca07
07-03 00:51:46.501 13379 13379 D SearchTargetUtil: layoutType=short_icon_row resultType=131072 packageName=com.google.android.googlequicksearchbox extras=Bundle{suggestion_type=36,suggest_truncate_start=false,is_answer=false,is_entity=false,is_personal=true,suggest_raw_text=louis vuitton frick collection,group_id=web1297412247,response_id=c1aed9b3-346c-48e1-807c-21539bb96782,support_query_builder=true,} searchAction=louis vuitton frick collection searchActionExtras=Bundle{learn_more_url=https://support.google.com/websearch/?p=delete_recent_history&hl=en,suggestion_action_text=Delete,should_start_for_result=true,allow_pinning=true,skip_logging_in_target_handler=true,suggestion_action_rpc=1,}ParentID: null targetID: 6e02c520-918d-4cdb-b703-725e90af90f5
07-03 00:51:46.501 13379 13379 D SearchTargetUtil: layoutType=short_icon_row resultType=131072 packageName=com.google.android.googlequicksearchbox extras=Bundle{suggestion_type=36,suggest_truncate_start=false,is_answer=false,is_entity=false,is_personal=true,suggest_raw_text=dell xps 14,group_id=web1297412247,response_id=c1aed9b3-346c-48e1-807c-21539bb96782,support_query_builder=true,} searchAction=dell xps 14 searchActionExtras=Bundle{learn_more_url=https://support.google.com/websearch/?p=delete_recent_history&hl=en,suggestion_action_text=Delete,should_start_for_result=true,allow_pinning=true,skip_logging_in_target_handler=true,suggestion_action_rpc=1,}ParentID: null targetID: 51f09635-27ba-444e-a95c-d02967e11d8a
07-03 00:51:46.501 13379 13379 D SearchTargetUtil: layoutType=short_icon_row resultType=131072 packageName=com.google.android.googlequicksearchbox extras=Bundle{suggestion_type=36,suggest_truncate_start=false,is_answer=false,is_entity=false,is_personal=true,suggest_raw_text=pixel screenshots,group_id=web1297412247,response_id=c1aed9b3-346c-48e1-807c-21539bb96782,support_query_builder=true,} searchAction=pixel screenshots searchActionExtras=Bundle{learn_more_url=https://support.google.com/websearch/?p=delete_recent_history&hl=en,suggestion_action_text=Delete,should_start_for_result=true,allow_pinning=true,skip_logging_in_target_handler=true,suggestion_action_rpc=1,}ParentID: null targetID: 023dc197-7d30-4294-9bf5-29203a955f35
07-03 00:51:46.501 13379 13379 D SearchTargetUtil: layoutType=short_icon_row resultType=131072 packageName=com.google.android.googlequicksearchbox extras=Bundle{suggestion_type=36,suggest_truncate_start=false,is_answer=false,is_entity=false,is_personal=true,suggest_raw_text=june 2026 pixel drop features,group_id=web1297412247,response_id=c1aed9b3-346c-48e1-807c-21539bb96782,support_query_builder=true,} searchAction=june 2026 pixel drop features searchActionExtras=Bundle{learn_more_url=https://support.google.com/websearch/?p=delete_recent_history&hl=en,suggestion_action_text=Delete,should_start_for_result=true,allow_pinning=true,skip_logging_in_target_handler=true,suggestion_action_rpc=1,}ParentID: null targetID: f0ade0da-b8c2-46b5-8303-faa814ec1ec1
07-03 00:51:46.501 13379 13379 D SearchTargetUtil: layoutType=short_icon_row resultType=131072 packageName=com.google.android.googlequicksearchbox extras=Bundle{suggestion_type=36,suggest_truncate_start=false,is_answer=false,is_entity=false,is_personal=true,suggest_raw_text=google gemini 3.5 flash agents,group_id=web1297412247,response_id=c1aed9b3-346c-48e1-807c-21539bb96782,support_query_builder=true,} searchAction=google gemini 3.5 flash agents searchActionExtras=Bundle{learn_more_url=https://support.google.com/websearch/?p=delete_recent_history&hl=en,suggestion_action_text=Delete,should_start_for_result=true,allow_pinning=true,skip_logging_in_target_handler=true,suggestion_action_rpc=1,}ParentID: null targetID: 540d3c52-79a2-417e-9e3e-e9fa74467fa9
07-03 00:51:46.501 13379 13379 D SearchTargetUtil: layoutType=short_icon_row resultType=131072 packageName=com.google.android.googlequicksearchbox extras=Bundle{suggestion_type=36,suggest_truncate_start=false,is_answer=false,is_entity=false,is_personal=true,suggest_raw_text=which gate is my flight,group_id=web1297412247,response_id=c1aed9b3-346c-48e1-807c-21539bb96782,support_query_builder=true,} searchAction=which gate is my flight searchActionExtras=Bundle{learn_more_url=https://support.google.com/websearch/?p=delete_recent_history&hl=en,suggestion_action_text=Delete,should_start_for_result=true,allow_pinning=true,skip_logging_in_target_handler=true,suggestion_action_rpc=1,}ParentID: null targetID: c7060c75-fd4c-489d-be1d-3cbe2ac6e8a1
07-03 00:51:46.501 13379 13379 D SearchTargetUtil: layoutType=short_icon_row resultType=131072 packageName=com.google.android.googlequicksearchbox extras=Bundle{suggestion_type=36,suggest_truncate_start=false,is_answer=false,is_entity=false,is_personal=true,suggest_raw_text=google ai ultra,group_id=web1297412247,response_id=c1aed9b3-346c-48e1-807c-21539bb96782,support_query_builder=true,} searchAction=google ai ultra searchActionExtras=Bundle{learn_more_url=https://support.google.com/websearch/?p=delete_recent_history&hl=en,suggestion_action_text=Delete,should_start_for_result=true,allow_pinning=true,skip_logging_in_target_handler=true,suggestion_action_rpc=1,}ParentID: null targetID: 71a3b56a-c008-4bf3-99f5-3fd82cea7b99
07-03 00:51:46.501 13379 13379 D SearchTargetUtil: layoutType=short_icon_row resultType=131072 packageName=com.google.android.googlequicksearchbox extras=Bundle{suggestion_type=36,suggest_truncate_start=false,is_answer=false,is_entity=false,is_personal=true,suggest_raw_text=spurs vs trail blazers,group_id=web1297412247,response_id=c1aed9b3-346c-48e1-807c-21539bb96782,support_query_builder=true,} searchAction=spurs vs trail blazers searchActionExtras=Bundle{learn_more_url=https://support.google.com/websearch/?p=delete_recent_history&hl=en,suggestion_action_text=Delete,should_start_for_result=true,allow_pinning=true,skip_logging_in_target_handler=true,suggestion_action_rpc=1,}ParentID: null targetID: 80c8269e-e66e-4d26-83db-447f701d0f87
07-03 00:51:46.501 13379 13379 D SearchTargetUtil: layoutType=short_icon_row resultType=131072 packageName=com.google.android.googlequicksearchbox extras=Bundle{suggestion_type=36,suggest_truncate_start=false,is_answer=false,is_entity=false,is_personal=true,suggest_raw_text=hong kong international airport,group_id=web1297412247,response_id=c1aed9b3-346c-48e1-807c-21539bb96782,support_query_builder=true,} searchAction=hong kong international airport searchActionExtras=Bundle{learn_more_url=https://support.google.com/websearch/?p=delete_recent_history&hl=en,suggestion_action_text=Delete,should_start_for_result=true,allow_pinning=true,skip_logging_in_target_handler=true,suggestion_action_rpc=1,}ParentID: null targetID: 30a55a99-01c2-439a-9a45-3c715b38452a
07-03 00:51:46.501 13379 13379 D SearchTargetUtil: layoutType=short_icon_row resultType=131072 packageName=com.google.android.googlequicksearchbox extras=Bundle{suggestion_type=36,suggest_truncate_start=false,is_answer=false,is_entity=false,is_personal=true,suggest_raw_text=wizards vs trail blazers,group_id=web1297412247,response_id=c1aed9b3-346c-48e1-807c-21539bb96782,support_query_builder=true,} searchAction=wizards vs trail blazers searchActionExtras=Bundle{learn_more_url=https://support.google.com/websearch/?p=delete_recent_history&hl=en,suggestion_action_text=Delete,should_start_for_result=true,allow_pinning=true,skip_logging_in_target_handler=true,suggestion_action_rpc=1,}ParentID: null targetID: 47d5f644-9b47-4f14-9472-faacdb022172
07-03 00:51:46.501 13379 13379 D SearchTargetUtil: layoutType=short_icon_row resultType=131072 packageName=com.google.android.googlequicksearchbox extras=Bundle{suggestion_type=36,suggest_truncate_start=false,is_answer=false,is_entity=false,is_personal=true,suggest_raw_text=google ad manager ai assistant,group_id=web1297412247,response_id=c1aed9b3-346c-48e1-807c-21539bb96782,support_query_builder=true,} searchAction=google ad manager ai assistant searchActionExtras=Bundle{learn_more_url=https://support.google.com/websearch/?p=delete_recent_history&hl=en,suggestion_action_text=Delete,should_start_for_result=true,allow_pinning=true,skip_logging_in_target_handler=true,suggestion_action_rpc=1,}ParentID: null targetID: 7c01c367-3790-43dd-b734-5f1b834fda50
07-03 00:51:46.501 13379 13379 D SearchTargetUtil: layoutType=short_icon_row resultType=131072 packageName=com.google.android.googlequicksearchbox extras=Bundle{suggestion_type=36,suggest_truncate_start=false,is_answer=false,is_entity=false,is_personal=true,suggest_raw_text=consolidated ai platform subscription,group_id=web1297412247,response_id=c1aed9b3-346c-48e1-807c-21539bb96782,support_query_builder=true,} searchAction=consolidated ai platform subscription searchActionExtras=Bundle{learn_more_url=https://support.google.com/websearch/?p=delete_recent_history&hl=en,suggestion_action_text=Delete,should_start_for_result=true,allow_pinning=true,skip_logging_in_target_handler=true,suggestion_action_rpc=1,}ParentID: null targetID: 7d496850-acda-4524-9273-ff3481aaab7c
07-03 00:51:46.501 13379 13379 D SearchTargetUtil: layoutType=short_icon_row resultType=131072 packageName=com.google.android.googlequicksearchbox extras=Bundle{suggestion_type=36,suggest_truncate_start=false,is_answer=false,is_entity=false,is_personal=true,suggest_raw_text=google android 17 release,group_id=web1297412247,response_id=c1aed9b3-346c-48e1-807c-21539bb96782,support_query_builder=true,} searchAction=google android 17 release searchActionExtras=Bundle{learn_more_url=https://support.google.com/websearch/?p=delete_recent_history&hl=en,suggestion_action_text=Delete,should_start_for_result=true,allow_pinning=true,skip_logging_in_target_handler=true,suggestion_action_rpc=1,}ParentID: null targetID: 3417d974-5a22-4658-b53b-c3353a351134
07-03 00:51:46.501 13379 13379 D SearchTargetUtil: layoutType=short_icon_row resultType=131072 packageName=com.google.android.googlequicksearchbox extras=Bundle{suggestion_type=36,suggest_truncate_start=false,is_answer=false,is_entity=false,is_personal=true,suggest_raw_text=rockets vs trail blazers,group_id=web1297412247,response_id=c1aed9b3-346c-48e1-807c-21539bb96782,support_query_builder=true,} searchAction=rockets vs trail blazers searchActionExtras=Bundle{learn_more_url=https://support.google.com/websearch/?p=delete_recent_history&hl=en,suggestion_action_text=Delete,should_start_for_result=true,allow_pinning=true,skip_logging_in_target_handler=true,suggestion_action_rpc=1,}ParentID: null targetID: 28197b3b-d08b-42ad-abde-63e21392237a
07-03 00:51:46.501 13379 13379 D SearchTargetUtil: layoutType=short_icon_row resultType=131072 packageName=com.google.android.googlequicksearchbox extras=Bundle{suggestion_type=33,suggest_truncate_start=false,is_answer=false,is_entity=false,is_personal=false,suggest_raw_text=dansby swanson cubs home runs,group_id=web1297412247,response_id=c1aed9b3-346c-48e1-807c-21539bb96782,support_query_builder=false,} searchAction=dansby swanson cubs home runs searchActionExtras=Bundle{learn_more_url=https://support.google.com/websearch/answer/106230?hl=en,suggestion_action_text=Report this,should_start_for_result=true,allow_pinning=true,skip_logging_in_target_handler=true,suggestion_action_rpc=2,}ParentID: null targetID: f7ce6a59-11b5-4739-83ad-ba4a144a1df1
