--------- beginning of main
07-03 00:51:30.586  1457  2997 I android.hardware.usb.aidl-service: port0
07-03 00:51:30.587  1457  2997 I android.hardware.usb.aidl-service: 0:port0 connected:1 canChangeMode:1 canChagedata:0 canChangePower:0 usbDataEnabled:1
07-03 00:51:30.588  1457  2997 I android.hardware.usb.aidl-service: ContaminantDetectionStatus:2 ContaminantProtectionStatus:0
07-03 00:51:30.588  1457  2997 I android.hardware.usb.aidl-service: powerTransferLimited:0
--------- beginning of system
07-03 00:51:30.589  2251  7482 I UsbPortManager: AIDL UsbDataStatus:1
07-03 00:51:30.589  2251  7482 I UsbPortManager: ClientCallback AIDL V1: port0
07-03 00:51:30.604  3128  3128 D DLObserver: onReceive(); android.intent.action.BATTERY_CHANGED
07-03 00:51:30.604  3128  3128 D DLObserver: plugged=2
07-03 00:51:30.610  3128  3128 I ReverseChargingControl: handleIntentForReverseCharging(): rtx=0 wlc=0 plgac=0 ac=0 acrtx=0 extra=2 this=com.google.android.systemui.reversecharging.ReverseChargingController@7db33da
07-03 00:51:30.610  3128  3128 D PowerNotificationWarningsGoogleImpl: onReceive: android.intent.action.BATTERY_CHANGED
07-03 00:51:30.610  3128  3673 D PowerUI : can't show warning due to - plugged: true status unknown: false
07-03 00:51:30.610  3128  3128 D BatteryDefenderNotification: isPlugged: true | isBatteryDefender: false | defenderEnabled: false | isCharged: false | isPluggedInDock: false
07-03 00:51:30.611  3128  3128 D IncompatibleChargerNotification: dispatchIntent: android.intent.action.BATTERY_CHANGED
07-03 00:51:30.613  3425  3425 V DeviceStatisticsService: chargerType=2 batteryLevel=93 totalBatteryCapacity=2715800
07-03 00:51:30.628  1456  2902 I sensors-hal: [ssc_utils]get_qmi_debug_flag:243, support_qmi_debug : false
07-03 00:51:30.645 23013 27511 I NearbySharing: [NS_CONTROL] DiscoveryStateManager emitted ReportLost(id=1).
07-03 00:51:30.645 23013 27511 I NearbySharing: NearbySharing Internal event ReceiverLost(receiverId=1)
07-03 00:51:30.646 23013 27452 I NearbySharing: SendProvider: SendManager event Lost(receiverId=1)
07-03 00:51:30.646 23013 27511 I NearbySharing: ShareTargetDiscoveredCallback: onShareTargetLost()
07-03 00:51:30.650 23013 23013 I NearbySharing: ShortcutInfoManager removed shortcut WEI's Pixel 8
07-03 00:51:30.652  2251  2557 W NotificationHistory: Attempted to remove conversation for locked/gone/disabled user 0
07-03 00:51:30.716  1456  2902 I sensors-hal: [ssc_utils]get_qmi_debug_flag:243, support_qmi_debug : false
07-03 00:51:31.461  2251  2958 I HalDevMgr: bestIfaceCreationProposal is null, requestIface=STA, existingIface=[name=wlan0 type=STA]
07-03 00:51:31.464  3128  3128 D StatusBarIconController: ignoring old pipeline callback because the new wifi icon is enabled
07-03 00:51:31.785  1456  1639 D VSC     : @ 1300368.498: [WO] Proposed rotation: 1, flat angle threshold: 40
07-03 00:51:31.785  1456  1639 D VSC     : @ 1300368.498: [WO] orientation angle 90, orientation 1
07-03 00:51:31.785  1456  1639 D VSC     : @ 1300368.498: [WO] Gyro angle integrated: 0.021772
07-03 00:51:31.785  1456  1639 D VSC     : @ 1300368.498: [WO] Gyro angle integrated: 0.021772
07-03 00:51:32.589  2392  2393 I pixel-thermal: skin-therm-monitor:35.432 raw data: skin-therm-monitor:35432 
07-03 00:51:32.953  2251  2859 D ActivityManager: freezing 14237 com.android.settings
07-03 00:51:33.762  1456  1639 D VSC     : @ 1300370.475: [WO] Proposed rotation: 1, flat angle threshold: 40
07-03 00:51:33.762  1456  1639 D VSC     : @ 1300370.475: [WO] orientation angle 90, orientation 1
07-03 00:51:33.762  1456  1639 D VSC     : @ 1300370.475: [WO] Gyro angle integrated: 0.063311
07-03 00:51:33.762  1456  1639 D VSC     : @ 1300370.475: [WO] Gyro angle integrated: 0.063311
07-03 00:51:34.494  2251  2958 I HalDevMgr: bestIfaceCreationProposal is null, requestIface=STA, existingIface=[name=wlan0 type=STA]
07-03 00:51:34.498  3128  3128 D StatusBarIconController: ignoring old pipeline callback because the new wifi icon is enabled
07-03 00:51:34.595  2392  2393 I pixel-thermal: skin-therm-monitor:35.422 raw data: skin-therm-monitor:35422 
07-03 00:51:35.203 29610 29628 I PhenotypeProcessReaper: Memory state is: 300
07-03 00:51:35.410 23013 27511 I NearbyConnections: Found BleAdvertisement [ 0x23 0x49 0x53 0x53 0x4a 0x11 0x32 0xa7 0x97 0xd6 0x86 0x2a 0x12 0x4f 0x5d 0x8e 0xb5 0xc6 0xb4 0x5c 0x1a 0x22 0x24 ] (with EndpointId ISSJ and EndpointInfo [ 0x32 0xa7 0x97 0xd6 0x86 0x2a 0x12 0x4f 0x5d 0x8e 0xb5 0xc6 0xb4 0x5c 0x1a 0x22 0x24 ])
07-03 00:51:35.412 23013 27511 I NearbyConnections: ClientProxy(230048935 0p:com.google.android.gms.nearby.sharing) reporting onEndpointFound(ISSJ)
07-03 00:51:35.412 23013 27511 I NearbyConnections: ClientProxy(230048935) reporting onEndpointDistanceChanged(ISSJ, UNKNOWN)
07-03 00:51:35.412 23013 27512 I NearbySharing: NearbySharing Internal event EndpointDiscovered(endpointId=ISSJ)
07-03 00:51:35.422 23013 27511 I NearbySharing: [NS_DISCOVERY] DiscoveryController reported Discovered(endpointId=ISSJ, metadata=DeviceMetadata(version=1, deviceType=1, deviceName=WEI's Pixel 8, displayName=WEI HE, modelName=Pixel 8, imageUri=content://com.google.android.gms.fileprovider/nearby_share_images/-641535173.jpg, isSelfShare=true, isKnown=true, bluetoothMacAddress=[-108, 69, 96, 115, 96, 2], vendorId=0, matchesLocalQrCode=false, devicePairingBindingIds=[]))
07-03 00:51:35.422 23013 27511 I NearbySharing: [NS_DEBUG] Dedupped: same endpoint ID ISSJ
07-03 00:51:35.423 23013 27511 I NearbySharing: [NS_DEBUG] previous receiver info ReceiverInfo(endpointIds=[DiscoveryEndpoint(id=ISSJ, origin=NEARBY_CONNECTIONS)], metadata=DeviceMetadata(version=1, deviceType=1, deviceName=WEI's Pixel 8, displayName=WEI HE, modelName=Pixel 8, imageUri=content://com.google.android.gms.fileprovider/nearby_share_images/-641535173.jpg, isSelfShare=true, isKnown=true, bluetoothMacAddress=[-108, 69, 96, 115, 96, 2], vendorId=0, matchesLocalQrCode=false, devicePairingBindingIds=[]), state=Tomb(delayedStateChangeJob=jzpl{Active}@f632ef8))
07-03 00:51:35.423 23013 27511 I NearbySharing: NearbySharing Internal event ReceiverEndpointMapping(endpointId=ISSJ, receiverId=1)
07-03 00:51:35.424 23013 27519 I NearbySharing: [NS_CONTROL] DiscoveryStateManager emitted ReportDiscovered(id=1, metadata=DeviceMetadata(version=1, deviceType=1, deviceName=WEI's Pixel 8, displayName=WEI HE, modelName=Pixel 8, imageUri=content://com.google.android.gms.fileprovider/nearby_share_images/-641535173.jpg, isSelfShare=true, isKnown=true, bluetoothMacAddress=[-108, 69, 96, 115, 96, 2], vendorId=0, matchesLocalQrCode=false, devicePairingBindingIds=[])).
07-03 00:51:35.424 23013 27519 I NearbySharing: NearbySharing Internal event ReceiverDiscovered(receiverId=1, deviceName=WEI's Pixel 8, isKnown=true, isSelfShare=true, deviceType=1, hasMatchingQrCode=false, isExternal=false, providerName=null, providerId=null, cloudReceiverSessionId=null, cloudSharingId=null)
07-03 00:51:35.424 23013 27512 I NearbySharing: SendProvider: SendManager event Discovered(receiverId=1, receiverMetadata=DeviceMetadata(version=1, deviceType=1, deviceName=WEI's Pixel 8, displayName=WEI HE, modelName=Pixel 8, imageUri=content://com.google.android.gms.fileprovider/nearby_share_images/-641535173.jpg, isSelfShare=true, isKnown=true, bluetoothMacAddress=[-108, 69, 96, 115, 96, 2], vendorId=0, matchesLocalQrCode=false, devicePairingBindingIds=[]))
07-03 00:51:35.425 23013 27452 I NearbySharing: ShareTargetDiscoveredCallback: onShareTargetDiscovered()
07-03 00:51:35.425 23013 27512 I NearbySharing: SendProvider: SendManager event DistanceChanged(receiverId=1, distance=1, rangingData=null)
07-03 00:51:35.425 23013 27452 I NearbySharing: ShareTargetDiscoveredCallback: onShareTargetDistanceChanged() with distance: 1, rangingData: null
07-03 00:51:35.430 23013 23013 I NearbySharing: ShortcutInfoManager added shortcut WEI's Pixel 8
07-03 00:51:35.745  1456  1639 D VSC     : @ 1300372.458: [WO] Proposed rotation: 1, flat angle threshold: 40
07-03 00:51:35.745  1456  1639 D VSC     : @ 1300372.458: [WO] orientation angle 90, orientation 1
07-03 00:51:35.745  1456  1639 D VSC     : @ 1300372.458: [WO] Gyro angle integrated: 0.087994
07-03 00:51:35.745  1456  1639 D VSC     : @ 1300372.458: [WO] Gyro angle integrated: 0.087994
07-03 00:51:36.600  2392  2393 I pixel-thermal: skin-therm-monitor:35.415 raw data: skin-therm-monitor:35415 
07-03 00:51:37.529  2251  2958 I HalDevMgr: bestIfaceCreationProposal is null, requestIface=STA, existingIface=[name=wlan0 type=STA]
07-03 00:51:37.533  3128  3128 D StatusBarIconController: ignoring old pipeline callback because the new wifi icon is enabled
07-03 00:51:37.785  1456  1639 D VSC     : @ 1300374.498: [WO] Proposed rotation: 1, flat angle threshold: 40
07-03 00:51:37.785  1456  1639 D VSC     : @ 1300374.498: [WO] orientation angle 90, orientation 1
07-03 00:51:37.785  1456  1639 D VSC     : @ 1300374.498: [WO] Gyro angle integrated: 0.005938
07-03 00:51:37.785  1456  1639 D VSC     : @ 1300374.498: [WO] Gyro angle integrated: 0.005938
07-03 00:51:38.604  2392  2393 I pixel-thermal: skin-therm-monitor:35.402 raw data: skin-therm-monitor:35402 
07-03 00:51:39.748  1456  1639 D VSC     : @ 1300376.462: [WO] Proposed rotation: 1, flat angle threshold: 40
07-03 00:51:39.748  1456  1639 D VSC     : @ 1300376.462: [WO] orientation angle 90, orientation 1
07-03 00:51:39.748  1456  1639 D VSC     : @ 1300376.462: [WO] Gyro angle integrated: 0.140520
07-03 00:51:39.748  1456  1639 D VSC     : @ 1300376.462: [WO] Gyro angle integrated: 0.140520
07-03 00:51:40.139 23013 27519 I NearbyMediums: Found Fast Ble Advertisements :
07-03 00:51:40.139 23013 27519 I NearbyMediums: BleAdvertisement { version=2, socketVersion=2, isFast=true, serviceIdHash=null, data=[ 0x23 0x49 0x53 0x53 0x4a 0x11 0x32 0xa7 0x97 0xd6 0x86 0x2a 0x12 0x4f 0x5d 0x8e 0xb5 0xc6 0xb4 0x5c 0x1a 0x22 0x24 ], deviceToken=[ 0xc6 0xfa ], rxAdvertisement=null } : 2 times.
07-03 00:51:40.139 23013 27519 I NearbyMediums: Total 2 fast advertisements from 1 unique advertisers.
07-03 00:51:40.140 23013 27519 I NearbyMediums: Found BLE GATT Advertisements :
07-03 00:51:40.140 23013 27519 I NearbyMediums: BleAdvertisement { version=2, socketVersion=2, isFast=false, serviceIdHash=[ 0xfc 0x9f 0x5e ], data=[ 0x23 0xfc 0x9f 0x5e 0x5a 0x34 0x46 0x42 0x1a 0x06 0xfa 0xfe 0x12 0xb4 0xe0 0x06 0x73 0x10 0xf9 0x9b 0x3d 0xbb 0x99 0xcb 0xa5 0xb3 0x08 0x57 0x45 0x49 0x27 0x73 0x20 0x50 0x43 0xe4 0x5e 0x37 0xae 0xf5 0x2d 0x00 0x00 ], deviceToken=[ 0x64 0xed ], rxAdvertisement=null } : 7 times.
07-03 00:51:40.140 23013 27519 I NearbyMediums: Total 7 GATT advertisements from 1 unique advertisers.
07-03 00:51:40.140 23013 27519 I NearbyMediums: Current Tracked Scanning Clients are : {NearbyConnections.EnvironmentMonitor, NearbySharing}
07-03 00:51:40.553  2251  2958 I HalDevMgr: bestIfaceCreationProposal is null, requestIface=STA, existingIface=[name=wlan0 type=STA]
07-03 00:51:40.610  2392  2393 I pixel-thermal: skin-therm-monitor:35.392 raw data: skin-therm-monitor:35392 
07-03 00:51:40.983  1456  2902 I sensors-hal: [ssc_utils]get_qmi_debug_flag:243, support_qmi_debug : false
07-03 00:51:41.020 23013 27519 I AlarmManager: setExactAndAllowWhileIdle [name: EQMon type: 2 triggerAtMillis: 1]
07-03 00:51:41.066  2251  2324 W ProcessStats: Tracking association SourceState{fb2f5c7 com.google.android.googlequicksearchbox:googleapp/10153 BTop #590700} whose proc state 2 is better than process ProcessState{1287859 com.google.android.gms/10162 pkg=com.google.android.gms} proc state 14 (175 skipped)
07-03 00:51:41.105  3295  3326 I native  : I0000 00:00:1783011101.105286    3326 tf_lite_classifier.cc:400] Event stream classified as kNone
07-03 00:51:41.784  1456  1639 D VSC     : @ 1300378.498: [WO] Proposed rotation: 1, flat angle threshold: 40
07-03 00:51:41.784  1456  1639 D VSC     : @ 1300378.498: [WO] orientation angle 90, orientation 1
07-03 00:51:41.784  1456  1639 D VSC     : @ 1300378.498: [WO] Gyro angle integrated: 0.330565
07-03 00:51:41.784  1456  1639 D VSC     : @ 1300378.498: [WO] Gyro angle integrated: 0.330565
07-03 00:51:41.879  1466  1501 D rlsservice: MonitorDisplayStatus client num 1, display status 1, sensor status 1
07-03 00:51:42.037  3286 24809 D TcpSocketTracker/101: data stall suspected, uids: {10162, 10183}
07-03 00:51:42.038  2251  2324 D ConnectivityService: Data stall detected with methods: 2
07-03 00:51:42.038  3286 24809 D NetworkMonitor/101: isDataStall: result=2, tcp packets received=0, latest tcp fail rate=90, consecutive dns timeout count=0
07-03 00:51:42.038  3286 24809 D NetworkMonitor/101: Suspecting data stall, reevaluate
07-03 00:51:42.039  2251  2958 I WifiClientModeImpl: WifiConnectivityDiagnosticsCallback onDataStallSuspected
07-03 00:51:42.050  3286 27523 D NetworkMonitor/101: PROBE_DNS connectivitycheck.gstatic.com 10ms OK 220.181.174.162
07-03 00:51:42.187  3286 27523 D NetworkMonitor/101: PROBE_HTTP http://connectivitycheck.gstatic.com/generate_204 time=136ms ret=204 request={Connection=[close], User-Agent=[Mozilla/5.0 (X11; Linux x86_64) AppleWebKit/537.36 (KHTML, like Gecko) Chrome/60.0.3112.32 Safari/537.36]} headers={null=[HTTP/1.1 204 No Content], Connection=[close], Content-Length=[0], Cross-Origin-Resource-Policy=[cross-origin], Date=[Thu, 02 Jul 2026 16:51:40 GMT], X-Android-Received-Millis=[1783011102186], X-Android-Response-Source=[NETWORK 204], X-Android-Selected-Protocol=[http/1.1], X-Android-Sent-Millis=[1783011102109]}
07-03 00:51:42.189  3286 27523 D NetworkMonitor/101: isCaptivePortal: isSuccessful()=true isPortal()=false RedirectUrl=null isPartialConnectivity()=false Time=149ms
07-03 00:51:42.192  2251  2965 D ConnectivityService: [101 WIFI] validation passed
07-03 00:51:42.193  2251  2958 I WifiClientModeImpl: WifiConnectivityDiagnosticsCallback onConnectivityReportAvailable
07-03 00:51:42.196  3286  3577 D IpClient/wlan0: interfaceLinkStateChanged: ifindex 20 up
07-03 00:51:42.413  3295  3326 I native  : I0000 00:00:1783011102.413168    3326 tf_lite_classifier.cc:400] Event stream classified as kNone
07-03 00:51:42.614  2392  2393 I pixel-thermal: skin-therm-monitor:35.395 raw data: skin-therm-monitor:35395 
07-03 00:51:42.968  3295  3326 I native  : I0000 00:00:1783011102.968346    3326 tf_lite_classifier.cc:400] Event stream classified as kNone
07-03 00:51:43.574 29610 29649 D DeviceStateHelper: Wifi freq: 5220
07-03 00:51:43.574 24191 24191 W JobService: onNetworkChanged() not implemented in org.chromium.components.background_task_scheduler.internal.BackgroundTaskJobService. Must override in a subclass.
07-03 00:51:43.577  3128  3128 D StatusBarIconController: ignoring old pipeline callback because the new wifi icon is enabled
07-03 00:51:43.577  2251  2958 I HalDevMgr: bestIfaceCreationProposal is null, requestIface=STA, existingIface=[name=wlan0 type=STA]
07-03 00:51:43.577 29610 29677 I WifiSignalInfo: onCapabilitiesChanged: rssi:-44
07-03 00:51:43.579  3128  3128 D StatusBarIconController: ignoring old pipeline callback because the new wifi icon is enabled
07-03 00:51:43.580 26379 26477 I BugleRcsEngine: handleMessage processing message:[NOTIFY_UPTIME_IGNORE_STATE_CHANGED] with [non-null]:RcsEngineImpl reference [CONTEXT log_prefix="RcsEngineImpl[DUAL_REG]:[a740ebab-72b3]>Handler" thread_id=112 ]
07-03 00:51:43.581 26379 26455 I BugleRcsEngine: Connected state: [1], networkType: [WIFI] [CONTEXT thread_id=103 ]
07-03 00:51:43.581  3486  3859 E PhoneInterfaceManager: getCarrierPrivilegeStatusForUid: Invalid subId
07-03 00:51:43.582 23013 23175 I NullBinder: NullBinder for android.net.action.RECOMMEND_NETWORKS triggering remote TransactionTooLargeException due to Service without Chimera impl, calling uid: 1000, calling pid: 0
07-03 00:51:43.582 23013 23175 W .gms.persistent: Large reply transaction of 1056768 bytes, interface descriptor , code 1
07-03 00:51:43.586 23013 23013 I MagicTether: (REDACTED) [ActiveNetworkTracker] setActiveNetwork: %s
07-03 00:51:43.586 23013 23013 I MagicTether: (REDACTED) [TetherService] onActiveNetworkChanged: network=%s isLost=%s
07-03 00:51:43.586 23013 27115 I MagicTether: [WifiConnectionHandler] Ignoring getWifiConfigurationByNetworkId when checking connected state [CONTEXT service_id=276 ]
07-03 00:51:43.586 23013 27115 I MagicTether: [WifiConnectionHandler] No networkId set, can't be connected. [CONTEXT service_id=276 ]
07-03 00:51:43.587 23013 27115 I MagicTether: (REDACTED) [TetherService] TRANSPORT_CELLULAR [%s], TRANSPORT_ETHERNET [%s], TRANSPORT_WIFI [%s]
07-03 00:51:43.589  1456  1639 D CHRE    : @ 1300380.302: Parsed nanoapp message from host: app ID 0x476f6f676c00100b, endpoint 0x6d, msgType 112, payload size 14
07-03 00:51:43.589  1456  1639 I CHRE    : @ 1300380.302: [NanoMinion] received MSG Type 0x70, Version 1, 10 bytes
07-03 00:51:43.589  1456  1639 I CHRE    : @ 1300380.302: [AR] context-signal: has_bt=0, bt=0, has_wifi=1, wifi=1
07-03 00:51:43.589 23013 27115 I MagicTether: (REDACTED) [TetherService] setRoles hasActiveNetworkConnection=%s canActiveNetworkBeTethered=%s isConnectedToInstantTether=%s isWifiEnabled=%s isHosting=%s
07-03 00:51:43.590 26379 26477 I BugleRcsEngine: No RCS Configuration was found in Bugle for simID: redacted-pii:sim_id[chars:0,last3:] [CONTEXT log_prefix="ProvisioningEngineDataRetriever" thread_id=112 ]
07-03 00:51:43.592 23013 27519 I NearbyMediums: Wifi changed new SSID: "Bob_V_5G"
07-03 00:51:43.592  2251  2965 D ConnectivityService: NetReassign [no changes] [c 0] [a 2] [i 2]
07-03 00:51:43.592 23013 27519 I NearbyMediums: WifiLanConnectivityInfo is not changed, skip notify.
07-03 00:51:43.593 23013 23013 I MagicTether: (REDACTED) [LaunchUtils] Instant Wifi for status account: name: %s | type: %s | isLaunched: %s
07-03 00:51:43.593 23013 23013 I MagicTether: (REDACTED) [TidepoolFeatureStatusManager] isInstantHotspotEnabled=%s
07-03 00:51:43.593 23013 23013 I MagicTether: (REDACTED) [TidepoolFeatureStatusManager] isInstantWifiEnabled=%s
07-03 00:51:43.593 23013 23013 I MagicTether: (REDACTED) [TetherService] startNearbyClientRole: start: %s isInstantHotspotEnabled: %s isInstantWifiEnabled: %s
07-03 00:51:43.593 23013 23013 I MagicTether: [TetherService] Stopping Nearby client role [CONTEXT service_id=276 ]
07-03 00:51:43.593 23013 23013 I MagicTether: [ClientTetherRole] Client role already stopped [CONTEXT service_id=276 ]
07-03 00:51:43.594 23013 23013 I MagicTether: (REDACTED) [LaunchUtils] Instant Wifi for status account: name: %s | type: %s | isLaunched: %s
07-03 00:51:43.594 23013 23013 I MagicTether: (REDACTED) [TidepoolFeatureStatusManager] isInstantHotspotEnabled=%s
07-03 00:51:43.594 23013 23013 I MagicTether: (REDACTED) [TidepoolFeatureStatusManager] isInstantWifiEnabled=%s
07-03 00:51:43.594 23013 23013 I MagicTether: (REDACTED) [TetherService] startNearbyHostRole: start: %s isInstantHotspotEnabled: %s isInstantWifiEnabled: %s
07-03 00:51:43.594 23013 23013 I MagicTether: (REDACTED) [TidepoolFeatureStatusManager] isInstantHotspotEnabled=%s
07-03 00:51:43.594 23013 23013 I MagicTether: [HostTetherRole] Nearby host role already started [CONTEXT service_id=276 ]
07-03 00:51:43.752  1456  1639 D VSC     : @ 1300380.465: [WO] Proposed rotation: 1, flat angle threshold: 40
07-03 00:51:43.752  1456  1639 D VSC     : @ 1300380.465: [WO] orientation angle 90, orientation 1
07-03 00:51:43.752  1456  1639 D VSC     : @ 1300380.465: [WO] Gyro angle integrated: 0.505172
07-03 00:51:43.752  1456  1639 D VSC     : @ 1300380.465: [WO] Gyro angle integrated: 0.505172
07-03 00:51:44.086 23013 27452 I NearbySharing: Network state changed: NetworkState(isRestricted=false, isOnline=true, isCongested=false, isMetered=false, isWifiConnected=true)
07-03 00:51:44.086 23013 27519 I NearbySharing: Network state changed: NetworkState(isRestricted=false, isOnline=true, isCongested=false, isMetered=false, isWifiConnected=true)
07-03 00:51:44.088  1456  2902 I sensors-hal: [ssc_utils]get_qmi_debug_flag:243, support_qmi_debug : false
07-03 00:51:44.335  1456  2902 I sensors-hal: [ssc_utils]get_qmi_debug_flag:243, support_qmi_debug : false
07-03 00:51:44.378  2251  2847 D CompatibilityChangeReporter: Compat change id reported: 271850009; UID 10176; state: ENABLED
07-03 00:51:44.382  2251  2847 D CompatibilityChangeReporter: Compat change id reported: 135634846; UID 10176; state: DISABLED
07-03 00:51:44.382  2251  2847 D CompatibilityChangeReporter: Compat change id reported: 177438394; UID 10176; state: DISABLED
07-03 00:51:44.382  2251  2847 D CompatibilityChangeReporter: Compat change id reported: 135772972; UID 10176; state: DISABLED
07-03 00:51:44.383  2251  2847 D CompatibilityChangeReporter: Compat change id reported: 135754954; UID 10176; state: ENABLED
07-03 00:51:44.383  2251  2559 D CompatibilityChangeReporter: Compat change id reported: 143937733; UID 10176; state: ENABLED
07-03 00:51:44.391  1431  1431 D Zygote  : Forked child process 27531
07-03 00:51:44.392  2251  2559 I ActivityManager: Start proc 27531:com.google.android.youtube/u0a176 for service {com.google.android.youtube/androidx.work.impl.background.systemjob.SystemJobService}
07-03 00:51:44.400 27531 27531 I android.youtube: Using generational CollectorTypeCC GC.
07-03 00:51:44.400 13379 13379 I KeyboardInsetsHandler: shouldKeyboardTransition, status=false toState:AllApps StateManager(mLastStableState:Normal, mCurrentStableState:Normal, mState:Normal, mRestState:null, isInTransition:false) isImeShown:false enableKeyboardAlwaysUp:false enableKeyboardSync:true isUserControlled:true
07-03 00:51:44.410 27531 27531 D nativeloader: Load libframework-connectivity-tiramisu-jni.so using APEX ns com_android_tethering for caller /apex/com.android.tethering/javalib/framework-connectivity-t.jar: ok
07-03 00:51:44.417  2251  3678 D CompatibilityChangeReporter: Compat change id reported: 168419799; UID 10176; state: DISABLED
07-03 00:51:44.417  2251  3678 D CompatibilityChangeReporter: Compat change id reported: 273564678; UID 10176; state: DISABLED
07-03 00:51:44.421 27531 27531 D CompatibilityChangeReporter: Compat change id reported: 171979766; UID 10176; state: ENABLED
07-03 00:51:44.421 27531 27531 D CompatibilityChangeReporter: Compat change id reported: 242716250; UID 10176; state: ENABLED
07-03 00:51:44.421  2251  2847 D CompatibilityChangeReporter: Compat change id reported: 265195908; UID 10176; state: ENABLED
07-03 00:51:44.425  2251  3678 D CompatibilityChangeReporter: Compat change id reported: 170503758; UID 10176; state: ENABLED
07-03 00:51:44.438 27531 27531 D nativeloader: Configuring clns-4 for other apk /system/framework/org.apache.http.legacy.jar. target_sdk_version=37, uses_libraries=ALL, library_path=/data/app/~~oJ-J-uwdzpFmuLUYs5IfFA==/com.google.android.youtube-ie1OGUn0jT7r5k2YjSiGxw==/lib/arm64:/data/app/~~oJ-J-uwdzpFmuLUYs5IfFA==/com.google.android.youtube-ie1OGUn0jT7r5k2YjSiGxw==/base.apk!/lib/arm64-v8a:/data/app/~~oJ-J-uwdzpFmuLUYs5IfFA==/com.google.android.youtube-ie1OGUn0jT7r5k2YjSiGxw==/split_config.arm64_v8a.apk!/lib/arm64-v8a:/data/app/~~oJ-J-uwdzpFmuLUYs5IfFA==/com.google.android.youtube-ie1OGUn0jT7r5k2YjSiGxw==/split_config.en.apk!/lib/arm64-v8a:/data/app/~~oJ-J-uwdzpFmuLUYs5IfFA==/com.google.android.youtube-ie1OGUn0jT7r5k2YjSiGxw==/split_config.xxhdpi.apk!/lib/arm64-v8a:/data/app/~~oJ-J-uwdzpFmuLUYs5IfFA==/com.google.android.youtube-ie1OGUn0jT7r5k2YjSiGxw==/split_config.zh.apk!/lib/arm64-v8a, permitted_path=/data:/mnt/expand:/data/user/0/com.google.android.youtube
07-03 00:51:44.454  3295  3326 I native  : I0000 00:00:1783011104.454021    3326 tf_lite_classifier.cc:400] Event stream classified as kNone
07-03 00:51:44.454 13379 13379 D AutofillManager: view is not autofillable - activity denied for autofill
07-03 00:51:44.535 13379 13379 D SearchTargetUtil:  query= size=45
07-03 00:51:44.535 13379 13379 D SearchTargetUtil: layoutType=short_icon_row resultType=131072 packageName=com.google.android.googlequicksearchbox extras=Bundle{suggestion_type=36,suggest_truncate_start=false,is_answer=false,is_entity=false,is_personal=true,suggest_raw_text=gemini,group_id=web1297412247,zero_state_cache=[B@b4069d6,response_id=c1aed9b3-346c-48e1-807c-21539bb96782,support_query_builder=true,} searchAction=gemini searchActionExtras=Bundle{learn_more_url=https://support.google.com/websearch/?p=delete_recent_history&hl=en,suggestion_action_text=Delete,should_start_for_result=true,allow_pinning=true,skip_logging_in_target_handler=true,suggestion_action_rpc=1,}ParentID: null targetID: 6b1fa7d6-11e9-476b-8156-8619f932fca6
07-03 00:51:44.535 13379 13379 D SearchTargetUtil: layoutType=short_icon_row resultType=131072 packageName=com.google.android.googlequicksearchbox extras=Bundle{suggestion_type=36,suggest_truncate_start=false,is_answer=false,is_entity=false,is_personal=true,suggest_raw_text=google pixel,group_id=web1297412247,response_id=c1aed9b3-346c-48e1-807c-21539bb96782,support_query_builder=true,} searchAction=google pixel searchActionExtras=Bundle{learn_more_url=https://support.google.com/websearch/?p=delete_recent_history&hl=en,suggestion_action_text=Delete,should_start_for_result=true,allow_pinning=true,skip_logging_in_target_handler=true,suggestion_action_rpc=1,}ParentID: null targetID: 332d2f0d-5765-416a-b0bc-d558831018e9
07-03 00:51:44.535 13379 13379 D SearchTargetUtil: layoutType=short_icon_row resultType=131072 packageName=com.google.android.googlequicksearchbox extras=Bundle{suggestion_type=36,suggest_truncate_start=false,is_answer=false,is_entity=false,is_personal=true,suggest_raw_text=weather tomorrow,group_id=web1297412247,response_id=c1aed9b3-346c-48e1-807c-21539bb96782,support_query_builder=true,} searchAction=weather tomorrow searchActionExtras=Bundle{learn_more_url=https://support.google.com/websearch/?p=delete_recent_history&hl=en,suggestion_action_text=Delete,should_start_for_result=true,allow_pinning=true,skip_logging_in_target_handler=true,suggestion_action_rpc=1,}ParentID: null targetID: f13d6002-c425-47a2-a098-48e41ddb4a69
07-03 00:51:44.535 13379 13379 D SearchTargetUtil: layoutType=short_icon_row resultType=131072 packageName=com.google.android.googlequicksearchbox extras=Bundle{suggestion_type=36,suggest_truncate_start=false,is_answer=false,is_entity=false,is_personal=true,suggest_raw_text=google,group_id=web1297412247,response_id=c1aed9b3-346c-48e1-807c-21539bb96782,support_query_builder=true,} searchAction=google searchActionExtras=Bundle{learn_more_url=https://support.google.com/websearch/?p=delete_recent_history&hl=en,suggestion_action_text=Delete,should_start_for_result=true,allow_pinning=true,skip_logging_in_target_handler=true,suggestion_action_rpc=1,}ParentID: null targetID: e02890e3-cee5-4636-8ecb-514e5b2d811a
07-03 00:51:44.536 13379 13379 D SearchTargetUtil: layoutType=short_icon_row resultType=131072 packageName=com.google.android.googlequicksearchbox extras=Bundle{suggestion_type=36,suggest_truncate_start=false,is_answer=false,is_entity=false,is_personal=true,suggest_raw_text=google home speaker,group_id=web1297412247,response_id=c1aed9b3-346c-48e1-807c-21539bb96782,support_query_builder=true,} searchAction=google home speaker searchActionExtras=Bundle{learn_more_url=https://support.google.com/websearch/?p=delete_recent_history&hl=en,suggestion_action_text=Delete,should_start_for_result=true,allow_pinning=true,skip_logging_in_target_handler=true,suggestion_action_rpc=1,}ParentID: null targetID: 822dd36a-53ef-4622-b379-014c3fd1f693
07-03 00:51:44.536 13379 13379 D SearchTargetUtil: layoutType=short_icon_row resultType=131072 packageName=com.google.android.googlequicksearchbox extras=Bundle{suggestion_type=36,suggest_truncate_start=false,is_answer=false,is_entity=false,is_personal=true,suggest_raw_text=deepseek,group_id=web1297412247,response_id=c1aed9b3-346c-48e1-807c-21539bb96782,support_query_builder=true,} searchAction=deepseek searchActionExtras=Bundle{learn_more_url=https://support.google.com/websearch/?p=delete_recent_history&hl=en,suggestion_action_text=Delete,should_start_for_result=true,allow_pinning=true,skip_logging_in_target_handler=true,suggestion_action_rpc=1,}ParentID: null targetID: 000052a1-3271-49c0-8847-15eb40bcd803
07-03 00:51:44.536 13379 13379 D SearchTargetUtil: layoutType=short_icon_row resultType=131072 packageName=com.google.android.googlequicksearchbox extras=Bundle{suggestion_type=36,suggest_truncate_start=false,is_answer=false,is_entity=false,is_personal=true,suggest_raw_text=duckduckgo,group_id=web1297412247,response_id=c1aed9b3-346c-48e1-807c-21539bb96782,support_query_builder=true,} searchAction=duckduckgo searchActionExtras=Bundle{learn_more_url=https://support.google.com/websearch/?p=delete_recent_history&hl=en,suggestion_action_text=Delete,should_start_for_result=true,allow_pinning=true,skip_logging_in_target_handler=true,suggestion_action_rpc=1,}ParentID: null targetID: 30527712-a982-49b0-af21-4225951f6345
07-03 00:51:44.536 13379 13379 D SearchTargetUtil: layoutType=short_icon_row resultType=131072 packageName=com.google.android.googlequicksearchbox extras=Bundle{suggestion_type=36,suggest_truncate_start=false,is_answer=false,is_entity=false,is_personal=true,suggest_raw_text=android 17,group_id=web1297412247,response_id=c1aed9b3-346c-48e1-807c-21539bb96782,support_query_builder=true,} searchAction=android 17 searchActionExtras=Bundle{learn_more_url=https://support.google.com/websearch/?p=delete_recent_history&hl=en,suggestion_action_text=Delete,should_start_for_result=true,allow_pinning=true,skip_logging_in_target_handler=true,suggestion_action_rpc=1,}ParentID: null targetID: b552951f-4bc9-4c77-add3-1f4c99e7e9c3
07-03 00:51:44.536 13379 13379 D SearchTargetUtil: layoutType=short_icon_row resultType=131072 packageName=com.google.android.googlequicksearchbox extras=Bundle{suggestion_type=36,suggest_truncate_start=false,is_answer=false,is_entity=false,is_personal=true,suggest_raw_text=microsoft surface,group_id=web1297412247,response_id=c1aed9b3-346c-48e1-807c-21539bb96782,support_query_builder=true,} searchAction=microsoft surface searchActionExtras=Bundle{learn_more_url=https://support.google.com/websearch/?p=delete_recent_history&hl=en,suggestion_action_text=Delete,should_start_for_result=true,allow_pinning=true,skip_logging_in_target_handler=true,suggestion_action_rpc=1,}ParentID: null targetID: 06cc07fa-870a-48b8-bd31-c7c2ae80d777
07-03 00:51:44.536 13379 13379 D SearchTargetUtil: layoutType=short_icon_row resultType=131072 packageName=com.google.android.googlequicksearchbox extras=Bundle{suggestion_type=36,suggest_truncate_start=false,is_answer=false,is_entity=false,is_personal=true,suggest_raw_text=antigravity cli,group_id=web1297412247,response_id=c1aed9b3-346c-48e1-807c-21539bb96782,support_query_builder=true,} searchAction=antigravity cli searchActionExtras=Bundle{learn_more_url=https://support.google.com/websearch/?p=delete_recent_history&hl=en,suggestion_action_text=Delete,should_start_for_result=true,allow_pinning=true,skip_logging_in_target_handler=true,suggestion_action_rpc=1,}ParentID: null targetID: 01cb87cf-2d6f-440a-aecf-f4b8463236c4
07-03 00:51:44.536 13379 13379 D SearchTargetUtil: layoutType=short_icon_row resultType=131072 packageName=com.google.android.googlequicksearchbox extras=Bundle{suggestion_type=36,suggest_truncate_start=false,is_answer=false,is_entity=false,is_personal=true,suggest_raw_text=tencent marvis icon,group_id=web1297412247,response_id=c1aed9b3-346c-48e1-807c-21539bb96782,support_query_builder=true,} searchAction=tencent marvis icon searchActionExtras=Bundle{learn_more_url=https://support.google.com/websearch/?p=delete_recent_history&hl=en,suggestion_action_text=Delete,should_start_for_result=true,allow_pinning=true,skip_logging_in_target_handler=true,suggestion_action_rpc=1,}ParentID: null targetID: 25f190e3-e6ad-466f-a108-18964c9c1b98
07-03 00:51:44.536 13379 13379 D SearchTargetUtil: layoutType=short_icon_row resultType=131072 packageName=com.google.android.googlequicksearchbox extras=Bundle{suggestion_type=36,suggest_truncate_start=false,is_answer=false,is_entity=false,is_personal=true,suggest_raw_text=google workspace,group_id=web1297412247,response_id=c1aed9b3-346c-48e1-807c-21539bb96782,support_query_builder=true,} searchAction=google workspace searchActionExtras=Bundle{learn_more_url=https://support.google.com/websearch/?p=delete_recent_history&hl=en,suggestion_action_text=Delete,should_start_for_result=true,allow_pinning=true,skip_logging_in_target_handler=true,suggestion_action_rpc=1,}ParentID: null targetID: 51736a24-1867-4623-adbd-709ae2a2f22e
07-03 00:51:44.536 13379 13379 D SearchTargetUtil: layoutType=short_icon_row resultType=131072 packageName=com.google.android.googlequicksearchbox extras=Bundle{suggestion_type=36,suggest_truncate_start=false,is_answer=false,is_entity=false,is_personal=true,suggest_raw_text=new york,group_id=web1297412247,response_id=c1aed9b3-346c-48e1-807c-21539bb96782,support_query_builder=true,} searchAction=new york searchActionExtras=Bundle{learn_more_url=https://support.google.com/websearch/?p=delete_recent_history&hl=en,suggestion_action_text=Delete,should_start_for_result=true,allow_pinning=true,skip_logging_in_target_handler=true,suggestion_action_rpc=1,}ParentID: null targetID: 14e2f5ae-4f24-41c6-8e68-ea46e9c22e08
07-03 00:51:44.536 13379 13379 D SearchTargetUtil: layoutType=short_icon_row resultType=131072 packageName=com.google.android.googlequicksearchbox extras=Bundle{suggestion_type=36,suggest_truncate_start=false,is_answer=false,is_entity=false,is_personal=true,suggest_raw_text=gemini play store,group_id=web1297412247,response_id=c1aed9b3-346c-48e1-807c-21539bb96782,support_query_builder=true,} searchAction=gemini play store searchActionExtras=Bundle{learn_more_url=https://support.google.com/websearch/?p=delete_recent_history&hl=en,suggestion_action_text=Delete,should_start_for_result=true,allow_pinning=true,skip_logging_in_target_handler=true,suggestion_action_rpc=1,}ParentID: null targetID: 6d0bd73e-fba6-4121-b16f-cdaa92e83cd6
07-03 00:51:44.536 13379 13379 D SearchTargetUtil: layoutType=short_icon_row resultType=131072 packageName=com.google.android.googlequicksearchbox extras=Bundle{suggestion_type=36,suggest_truncate_start=false,is_answer=false,is_entity=false,is_personal=true,suggest_raw_text=artificial intelligence,group_id=web1297412247,response_id=c1aed9b3-346c-48e1-807c-21539bb96782,support_query_builder=true,} searchAction=artificial intelligence searchActionExtras=Bundle{learn_more_url=https://support.google.com/websearch/?p=delete_recent_history&hl=en,suggestion_action_text=Delete,should_start_for_result=true,allow_pinning=true,skip_logging_in_target_handler=true,suggestion_action_rpc=1,}ParentID: null targetID: 78bd3494-369f-4977-bf7c-367dda2b9fbf
07-03 00:51:44.536 13379 13379 D SearchTargetUtil: layoutType=short_icon_row resultType=131072 packageName=com.google.android.googlequicksearchbox extras=Bundle{suggestion_type=36,suggest_truncate_start=false,is_answer=false,is_entity=false,is_personal=true,suggest_raw_text=ollama,group_id=web1297412247,response_id=c1aed9b3-346c-48e1-807c-21539bb96782,support_query_builder=true,} searchAction=ollama searchActionExtras=Bundle{learn_more_url=https://support.google.com/websearch/?p=delete_recent_history&hl=en,suggestion_action_text=Delete,should_start_for_result=true,allow_pinning=true,skip_logging_in_target_handler=true,suggestion_action_rpc=1,}ParentID: null targetID: 145ff5be-8d71-4506-9f41-0d962558ca07
07-03 00:51:44.536 13379 13379 D SearchTargetUtil: layoutType=short_icon_row resultType=131072 packageName=com.google.android.googlequicksearchbox extras=Bundle{suggestion_type=36,suggest_truncate_start=false,is_answer=false,is_entity=false,is_personal=true,suggest_raw_text=louis vuitton frick collection,group_id=web1297412247,response_id=c1aed9b3-346c-48e1-807c-21539bb96782,support_query_builder=true,} searchAction=louis vuitton frick collection searchActionExtras=Bundle{learn_more_url=https://support.google.com/websearch/?p=delete_recent_history&hl=en,suggestion_action_text=Delete,should_start_for_result=true,allow_pinning=true,skip_logging_in_target_handler=true,suggestion_action_rpc=1,}ParentID: null targetID: 6e02c520-918d-4cdb-b703-725e90af90f5
07-03 00:51:44.536 13379 13379 D SearchTargetUtil: layoutType=short_icon_row resultType=131072 packageName=com.google.android.googlequicksearchbox extras=Bundle{suggestion_type=36,suggest_truncate_start=false,is_answer=false,is_entity=false,is_personal=true,suggest_raw_text=dell xps 14,group_id=web1297412247,response_id=c1aed9b3-346c-48e1-807c-21539bb96782,support_query_builder=true,} searchAction=dell xps 14 searchActionExtras=Bundle{learn_more_url=https://support.google.com/websearch/?p=delete_recent_history&hl=en,suggestion_action_text=Delete,should_start_for_result=true,allow_pinning=true,skip_logging_in_target_handler=true,suggestion_action_rpc=1,}ParentID: null targetID: 51f09635-27ba-444e-a95c-d02967e11d8a
07-03 00:51:44.536 13379 13379 D SearchTargetUtil: layoutType=short_icon_row resultType=131072 packageName=com.google.android.googlequicksearchbox extras=Bundle{suggestion_type=36,suggest_truncate_start=false,is_answer=false,is_entity=false,is_personal=true,suggest_raw_text=pixel screenshots,group_id=web1297412247,response_id=c1aed9b3-346c-48e1-807c-21539bb96782,support_query_builder=true,} searchAction=pixel screenshots searchActionExtras=Bundle{learn_more_url=https://support.google.com/websearch/?p=delete_recent_history&hl=en,suggestion_action_text=Delete,should_start_for_result=true,allow_pinning=true,skip_logging_in_target_handler=true,suggestion_action_rpc=1,}ParentID: null targetID: 023dc197-7d30-4294-9bf5-29203a955f35
07-03 00:51:44.537 13379 13379 D SearchTargetUtil: layoutType=short_icon_row resultType=131072 packageName=com.google.android.googlequicksearchbox extras=Bundle{suggestion_type=36,suggest_truncate_start=false,is_answer=false,is_entity=false,is_personal=true,suggest_raw_text=june 2026 pixel drop features,group_id=web1297412247,response_id=c1aed9b3-346c-48e1-807c-21539bb96782,support_query_builder=true,} searchAction=june 2026 pixel drop features searchActionExtras=Bundle{learn_more_url=https://support.google.com/websearch/?p=delete_recent_history&hl=en,suggestion_action_text=Delete,should_start_for_result=true,allow_pinning=true,skip_logging_in_target_handler=true,suggestion_action_rpc=1,}ParentID: null targetID: f0ade0da-b8c2-46b5-8303-faa814ec1ec1
07-03 00:51:44.537 13379 13379 D SearchTargetUtil: layoutType=short_icon_row resultType=131072 packageName=com.google.android.googlequicksearchbox extras=Bundle{suggestion_type=36,suggest_truncate_start=false,is_answer=false,is_entity=false,is_personal=true,suggest_raw_text=google gemini 3.5 flash agents,group_id=web1297412247,response_id=c1aed9b3-346c-48e1-807c-21539bb96782,support_query_builder=true,} searchAction=google gemini 3.5 flash agents searchActionExtras=Bundle{learn_more_url=https://support.google.com/websearch/?p=delete_recent_history&hl=en,suggestion_action_text=Delete,should_start_for_result=true,allow_pinning=true,skip_logging_in_target_handler=true,suggestion_action_rpc=1,}ParentID: null targetID: 540d3c52-79a2-417e-9e3e-e9fa74467fa9
07-03 00:51:44.537 13379 13379 D SearchTargetUtil: layoutType=short_icon_row resultType=131072 packageName=com.google.android.googlequicksearchbox extras=Bundle{suggestion_type=36,suggest_truncate_start=false,is_answer=false,is_entity=false,is_personal=true,suggest_raw_text=which gate is my flight,group_id=web1297412247,response_id=c1aed9b3-346c-48e1-807c-21539bb96782,support_query_builder=true,} searchAction=which gate is my flight searchActionExtras=Bundle{learn_more_url=https://support.google.com/websearch/?p=delete_recent_history&hl=en,suggestion_action_text=Delete,should_start_for_result=true,allow_pinning=true,skip_logging_in_target_handler=true,suggestion_action_rpc=1,}ParentID: null targetID: c7060c75-fd4c-489d-be1d-3cbe2ac6e8a1
07-03 00:51:44.537 13379 13379 D SearchTargetUtil: layoutType=short_icon_row resultType=131072 packageName=com.google.android.googlequicksearchbox extras=Bundle{suggestion_type=36,suggest_truncate_start=false,is_answer=false,is_entity=false,is_personal=true,suggest_raw_text=google ai ultra,group_id=web1297412247,response_id=c1aed9b3-346c-48e1-807c-21539bb96782,support_query_builder=true,} searchAction=google ai ultra searchActionExtras=Bundle{learn_more_url=https://support.google.com/websearch/?p=delete_recent_history&hl=en,suggestion_action_text=Delete,should_start_for_result=true,allow_pinning=true,skip_logging_in_target_handler=true,suggestion_action_rpc=1,}ParentID: null targetID: 71a3b56a-c008-4bf3-99f5-3fd82cea7b99
07-03 00:51:44.537 13379 13379 D SearchTargetUtil: layoutType=short_icon_row resultType=131072 packageName=com.google.android.googlequicksearchbox extras=Bundle{suggestion_type=36,suggest_truncate_start=false,is_answer=false,is_entity=false,is_personal=true,suggest_raw_text=spurs vs trail blazers,group_id=web1297412247,response_id=c1aed9b3-346c-48e1-807c-21539bb96782,support_query_builder=true,} searchAction=spurs vs trail blazers searchActionExtras=Bundle{learn_more_url=https://support.google.com/websearch/?p=delete_recent_history&hl=en,suggestion_action_text=Delete,should_start_for_result=true,allow_pinning=true,skip_logging_in_target_handler=true,suggestion_action_rpc=1,}ParentID: null targetID: 80c8269e-e66e-4d26-83db-447f701d0f87
07-03 00:51:44.537 13379 13379 D SearchTargetUtil: layoutType=short_icon_row resultType=131072 packageName=com.google.android.googlequicksearchbox extras=Bundle{suggestion_type=36,suggest_truncate_start=false,is_answer=false,is_entity=false,is_personal=true,suggest_raw_text=hong kong international airport,group_id=web1297412247,response_id=c1aed9b3-346c-48e1-807c-21539bb96782,support_query_builder=true,} searchAction=hong kong international airport searchActionExtras=Bundle{learn_more_url=https://support.google.com/websearch/?p=delete_recent_history&hl=en,suggestion_action_text=Delete,should_start_for_result=true,allow_pinning=true,skip_logging_in_target_handler=true,suggestion_action_rpc=1,}ParentID: null targetID: 30a55a99-01c2-439a-9a45-3c715b38452a
07-03 00:51:44.537 13379 13379 D SearchTargetUtil: layoutType=short_icon_row resultType=131072 packageName=com.google.android.googlequicksearchbox extras=Bundle{suggestion_type=36,suggest_truncate_start=false,is_answer=false,is_entity=false,is_personal=true,suggest_raw_text=wizards vs trail blazers,group_id=web1297412247,response_id=c1aed9b3-346c-48e1-807c-21539bb96782,support_query_builder=true,} searchAction=wizards vs trail blazers searchActionExtras=Bundle{learn_more_url=https://support.google.com/websearch/?p=delete_recent_history&hl=en,suggestion_action_text=Delete,should_start_for_result=true,allow_pinning=true,skip_logging_in_target_handler=true,suggestion_action_rpc=1,}ParentID: null targetID: 47d5f644-9b47-4f14-9472-faacdb022172
07-03 00:51:44.537 13379 13379 D SearchTargetUtil: layoutType=short_icon_row resultType=131072 packageName=com.google.android.googlequicksearchbox extras=Bundle{suggestion_type=36,suggest_truncate_start=false,is_answer=false,is_entity=false,is_personal=true,suggest_raw_text=google ad manager ai assistant,group_id=web1297412247,response_id=c1aed9b3-346c-48e1-807c-21539bb96782,support_query_builder=true,} searchAction=google ad manager ai assistant searchActionExtras=Bundle{learn_more_url=https://support.google.com/websearch/?p=delete_recent_history&hl=en,suggestion_action_text=Delete,should_start_for_result=true,allow_pinning=true,skip_logging_in_target_handler=true,suggestion_action_rpc=1,}ParentID: null targetID: 7c01c367-3790-43dd-b734-5f1b834fda50
07-03 00:51:44.537 13379 13379 D SearchTargetUtil: layoutType=short_icon_row resultType=131072 packageName=com.google.android.googlequicksearchbox extras=Bundle{suggestion_type=36,suggest_truncate_start=false,is_answer=false,is_entity=false,is_personal=true,suggest_raw_text=consolidated ai platform subscription,group_id=web1297412247,response_id=c1aed9b3-346c-48e1-807c-21539bb96782,support_query_builder=true,} searchAction=consolidated ai platform subscription searchActionExtras=Bundle{learn_more_url=https://support.google.com/websearch/?p=delete_recent_history&hl=en,suggestion_action_text=Delete,should_start_for_result=true,allow_pinning=true,skip_logging_in_target_handler=true,suggestion_action_rpc=1,}ParentID: null targetID: 7d496850-acda-4524-9273-ff3481aaab7c
07-03 00:51:44.537 13379 13379 D SearchTargetUtil: layoutType=short_icon_row resultType=131072 packageName=com.google.android.googlequicksearchbox extras=Bundle{suggestion_type=36,suggest_truncate_start=false,is_answer=false,is_entity=false,is_personal=true,suggest_raw_text=google android 17 release,group_id=web1297412247,response_id=c1aed9b3-346c-48e1-807c-21539bb96782,support_query_builder=true,} searchAction=google android 17 release searchActionExtras=Bundle{learn_more_url=https://support.google.com/websearch/?p=delete_recent_history&hl=en,suggestion_action_text=Delete,should_start_for_result=true,allow_pinning=true,skip_logging_in_target_handler=true,suggestion_action_rpc=1,}ParentID: null targetID: 3417d974-5a22-4658-b53b-c3353a351134
07-03 00:51:44.537 13379 13379 D SearchTargetUtil: layoutType=short_icon_row resultType=131072 packageName=com.google.android.googlequicksearchbox extras=Bundle{suggestion_type=36,suggest_truncate_start=false,is_answer=false,is_entity=false,is_personal=true,suggest_raw_text=rockets vs trail blazers,group_id=web1297412247,response_id=c1aed9b3-346c-48e1-807c-21539bb96782,support_query_builder=true,} searchAction=rockets vs trail blazers searchActionExtras=Bundle{learn_more_url=https://support.google.com/websearch/?p=delete_recent_history&hl=en,suggestion_action_text=Delete,should_start_for_result=true,allow_pinning=true,skip_logging_in_target_handler=true,suggestion_action_rpc=1,}ParentID: null targetID: 28197b3b-d08b-42ad-abde-63e21392237a
07-03 00:51:44.537 13379 13379 D SearchTargetUtil: layoutType=short_icon_row resultType=131072 packageName=com.google.android.googlequicksearchbox extras=Bundle{suggestion_type=33,suggest_truncate_start=false,is_answer=false,is_entity=false,is_personal=false,suggest_raw_text=dansby swanson cubs home runs,group_id=web1297412247,response_id=c1aed9b3-346c-48e1-807c-21539bb96782,support_query_builder=false,} searchAction=dansby swanson cubs home runs searchActionExtras=Bundle{learn_more_url=https://support.google.com/websearch/answer/106230?hl=en,suggestion_action_text=Report this,should_start_for_result=true,allow_pinning=true,skip_logging_in_target_handler=true,suggestion_action_rpc=2,}ParentID: null targetID: f7ce6a59-11b5-4739-83ad-ba4a144a1df1
07-03 00:51:44.537 13379 13379 D SearchTargetUtil: layoutType=short_icon_row resultType=131072 packageName=com.google.android.googlequicksearchbox extras=Bundle{suggestion_type=33,suggest_truncate_start=false,is_answer=false,is_entity=false,is_personal=false,suggest_raw_text=thunder island amusement park closure,group_id=web1297412247,response_id=c1aed9b3-346c-48e1-807c-21539bb96782,support_query_builder=false,} searchAction=thunder island amusement park closure searchActionExtras=Bundle{learn_more_url=https://support.google.com/websearch/answer/106230?hl=en,suggestion_action_text=Report this,should_start_for_result=true,allow_pinning=true,skip_logging_in_target_handler=true,suggestion_action_rpc=2,}ParentID: null targetID: acfad6e7-cb5f-4e0a-ba39-4a28338576b5
07-03 00:51:44.538 13379 13379 D SearchTargetUtil: layoutType=short_icon_row resultType=131072 packageName=com.google.android.googlequicksearchbox extras=Bundle{suggestion_type=33,suggest_truncate_start=false,is_answer=false,is_entity=false,is_personal=false,suggest_raw_text=extreme heat wave,group_id=web1297412247,response_id=c1aed9b3-346c-48e1-807c-21539bb96782,support_query_builder=false,} searchAction=extreme heat wave searchActionExtras=Bundle{learn_more_url=https://support.google.com/websearch/answer/106230?hl=en,suggestion_action_text=Report this,should_start_for_result=true,allow_pinning=true,skip_logging_in_target_handler=true,suggestion_action_rpc=2,}ParentID: null targetID: e8589e24-0c16-4574-8e50-1943253d22bc
07-03 00:51:44.538 13379 13379 D SearchTargetUtil: layoutType=short_icon_row resultType=131072 packageName=com.google.android.googlequicksearchbox extras=Bundle{suggestion_type=33,suggest_truncate_start=false,is_answer=false,is_entity=false,is_personal=false,suggest_raw_text=zelda ocarina of time remake price,group_id=web1297412247,response_id=c1aed9b3-346c-48e1-807c-21539bb96782,support_query_builder=false,} searchAction=zelda ocarina of time remake price searchActionExtras=Bundle{learn_more_url=https://support.google.com/websearch/answer/106230?hl=en,suggestion_action_text=Report this,should_start_for_result=true,allow_pinning=true,skip_logging_in_target_handler=true,suggestion_action_rpc=2,}ParentID: null targetID: 47c2e972-07a1-43f5-95e3-a50128b9fde4
07-03 00:51:44.538 13379 13379 D SearchTargetUtil: layoutType=short_icon_row resultType=131072 packageName=com.google.android.googlequicksearchbox extras=Bundle{suggestion_type=33,suggest_truncate_start=false,is_answer=false,is_entity=false,is_personal=false,suggest_raw_text=supergirl movie box office,group_id=web1297412247,response_id=c1aed9b3-346c-48e1-807c-21539bb96782,support_query_builder=false,} searchAction=supergirl movie box office searchActionExtras=Bundle{learn_more_url=https://support.google.com/websearch/answer/106230?hl=en,suggestion_action_text=Report this,should_start_for_result=true,allow_pinning=true,skip_logging_in_target_handler=true,suggestion_action_rpc=2,}ParentID: null targetID: 97126dc8-b717-43ad-9fea-5a93726ba491
