07-03 00:51:44.538 13379 13379 D SearchTargetUtil: layoutType=short_icon_row resultType=131072 packageName=com.google.android.googlequicksearchbox extras=Bundle{suggestion_type=33,suggest_truncate_start=false,is_answer=false,is_entity=false,is_personal=false,suggest_raw_text=jcpenney stores closing,group_id=web1297412247,response_id=c1aed9b3-346c-48e1-807c-21539bb96782,support_query_builder=false,} searchAction=jcpenney stores closing searchActionExtras=Bundle{learn_more_url=https://support.google.com/websearch/answer/106230?hl=en,suggestion_action_text=Report this,should_start_for_result=true,allow_pinning=true,skip_logging_in_target_handler=true,suggestion_action_rpc=2,}ParentID: null targetID: b5d96d5b-28db-4216-a33c-ff7a793a3615
07-03 00:51:44.538 13379 13379 D SearchTargetUtil: layoutType=extra_tall_icon_row resultType=131072 packageName=com.google.android.googlequicksearchbox extras=Bundle{bitmap_url=data:image/jpeg;base64,/9j/4AAQSkZJRgABAQAAAQABAAD/2wCEAAkGBwgHBgkIBwgKCgkLDRYPDQwMDRsUFRAWIB0iIiAdHx8kKDQsJCYxJx8fLT0tMTU3Ojo6Iys/RD84QzQ5OjcBCgoKDQwNGg8PGjclHyU3Nzc3Nzc3Nzc3Nzc3Nzc3Nzc3Nzc3Nzc3Nzc3Nzc3Nzc3Nzc3Nzc3Nzc3Nzc3Nzc3N//AABEIAG4AbgMBIgACEQEDEQH/xAAcAAABBAMBAAAAAAAAAAAAAAAAAgQGBwEDBQj/xAA3EAACAQMCAwcDAgMJAQAAAAABAgMABBEFIQYSMQcTIkFRYXEUgZEIMhUjwSRCRFJTYnKh8Bb/xAAaAQEAAgMBAAAAAAAAAAAAAAAAAwQCBQYB/8QAKhEAAgIBAgQEBwEAAAAAAAAAAAECEQMEIQUSMUETYYGRIlFxocHR8BT/2gAMAwEAAhEDEQA/ALxooooAooooAorgcWcWafwrbLPqST8jg8jJGSpbyUnyzUAvO3CwfQZJLKxmj1bIVYZhlB/u5gdxigLU1O/ttLsJr69cpbwrzSMFLYHwKcd4ndiQsApGcmvOc3a3rN3w9e6VqsMNy1xCY0ulHIwz5lQMHy6YrnX/AGka9eaBDo/PHDbwiMLKgPenkwQSxPXmGdgKA9P0VXXAfaJFfcLfxDia5trd4XZJZ+dVB328GeYdcdN6lnDfE+kcTQzzaNdi4SGTu38JU5wDnB3xv1oDs0UUUAUUUUAUUUUAVzte1qx0HTZr/UZljiiXOM7sfQDzNdGqV/UPc6e66bbrcodRiYu8O5YREYB22G/r1oCA8ccbapxbdBrkiGzQnu7aNzy9ep9T0/FRRifIgEdKwxYdQce9JdgP29D70AolgfICs5bGM5JrVzZ2NCk/5vjegNgHKPX4qwuxniV9I159NEsMI1N40765ZiiEZwAo6sxbGSR0quh05jnb086WjlCHjzGytlWDYIPt70B7TUEKAzcx9azVb9i3GN1xNpdza6nMZb2y5RnusAx4wpLeZ2P4qyKAKKKKAKKKKAKo39Q9kfqtNvDfAhwY1tcAcu2ef1OfwMe+95VSPa12ca9qeq3Wv2Fwl7EUH9nIIeJR5L15huT5edAUrIyg5OW8hWy1gmu5OWMDA6t5Cm7KQxVhunh2Nd3RC6mNI4ubIyTzBawnJpbEmKKlLc7FhwTHdWwla8k5ipxhRgGuNqvDlxYMoRxLkeW2DU90W/te6MTrLA6/3XAOfvXK1y6S4mk+kgkkCdZSwVagWSV0W3hx1ZXjo6MVYEFeoNAbffPxTzUsuwlZCpzynf8ArTAnDVZi7VlKSp0Xn+nbVrFINS0ko63zSCfvOodMYx7Y/rV11TvYfwPfab3muazbJC8gH0auFZwpG7ggnlBBxjGdvzcVemIUUUUAUUUUAUmSNJY2jlRXRhhlYZBHoRSqKA819r/CJ03jBpdL0qWHTJljeR4VJQOz4PmeXJIAG3sK5Om2du0YSRI+9jLKA6cwIIwQc16okjSVCkiK6HYqwyDXnrtIsV0bji9igjWOGbkuIo41CgBlwcD/AJK1RZU2rRYwSSdMXb6f3l5DFHAuUTxGJAM+HAH4pibQGzaPuYVeKQEtJEGJxnByfn4ppH/E9Tn57a37po1wxEh5ztgbA02Fzd2aS2k9sVcH+ZIH5sn3zvVXlnd2XXOFVQzvtNWeWCwsIWkdjhUQeJj7Yqe9l/ZIJ0j1biuFwh5+7sXBUg5HK7HI9G23ByD7UdjGmw6nxVcXtwiyDT4A6Bh+2RzhWHwFf81etW8aqJQzSTlsYRQiBV6AYFZooqQhCiiigCiiigCimGsazYaLam51K4WGPooO7OfRQNyarLiXj6+1VWttNRrG0bZnLfznHyNlHxn5qOeWMOpf0XDc+sfwLb59id8QcZaToTCKd5Li4LYMFsAzL85IA+5qju0jV/8A6fiN9RsYZIRFCkKJKRzMFJOTjp+73p3EwSZHPTO9Ik00S3ErJvk5BFVXqGzY6zhUdJKKTu118yN2mq6e0Yj1OGNnT/UUcw/NMNQ1GOdxBp8agdOVBgfNSC94civTzOuHHU4pdrw7HZplU3PTbevfEhV9yj4U7rsOOzvX73hG8uZYbaO6+rRRMsjFccpJGCPk1c+icfaNqbrDM72M52C3GArH2YbfnBqm4rdYAxI8R2FLKggg9Kx/0ST2NzouDYtTgcslp9meiwc1mqQ0PivWNFCJb3HfW67fTz+Jcex6r9tvapjb9qFjyr9Xpt3GceLuijgH7kVYjqIPrsa3U8C1eJ/AuZeX6J9RXK0HiHTtfikfTpWYxY7xHUqy56bfY7j0rq1MmmrRqcmOeOTjNU0FVRxF2g6s2pXVto728NrHIY0mEfM5xsTknHXONqnnF+uR8P6O15JbzTguI+WIbgHqxPkAM9cb4HnVRa3HoCrbS8Nyydy6nvIJc80RGMdfI5PmelV9RNpUmbzgWlx5cjllha6La1fXf8DO/vLvUrn6jULmS4lAwGkOcD29PtWmk5rOaot2dtGMYqoqkZHSnNlcNFKoLhV6ZYbCmtbYImnkEaFQx6cxxQi1GHHmxuOToSCOKMt/NVcncEdDSLjubaFmlwAOmDux9BTWxtL8+CERzKDy4D/tJ9/tWm6sbppiLmWMMozgk4A6+lZckqujn8ehg8/JKape/t2GEjmRy58+g9KTQdiRkH3FYrE6WMYxiox6CqwcGkk1jmoeku4ItpNOlXiGbVbaxskZoZI5v8QNsjqPbBGTkdPW2rW4iureK4t5FkhlQOjr0ZSMg1TGlx8I22nw3nEE813eNzYsYjsoBOM4x12OC3nVh8Bas+o2U0K6PLptpbkC1DDAkQ56bDoR/wB9TV7A0lynEcbxSnkeans6ukl6d39TTxY/E6arbz8PxW11axR4mtZGAZmJznJx5Y8/XY1AOKNSsr2Ac3D76RqqTYm5Y8JIMHIztvnB6fet3af/ABHSeMmvYb6SIXkcbQdy5Up3YAIYee5JHya5N1xjrGr6bLp+ozRzxSFWLGIKylTnblwPLzH4qPLPdxZd4VppKOPLBJr5q0/O+0vsczmpYNM5pniBCAZHmaVDKxHiOaqnTqauh5mjO/vWsNWcnG3WvDMlvCXENlYSSLqcLNzhcTJjIxnr+a5vEurRanqEktpD3EDcvh82wAMn8VILTRdJ5Ef6QOvhxzk5bKDrv677UjU9ItIdGuZRaWyzLAcuiYwwGSR8/wDvSrbhkcKvY53HqdHHVeNGL5nt5EKzWCaRzUlnxVQ6KzMk0aDL5A9awWU7qQfiufezFUpUR7qBnydlJ28hXpF4m5LNJ4tttC0lY7bSbaS/MhMl3dKCoGdgPM7e4pNt2gcUSalJc20T3pZWAtbaBmRFyPF4QT19SepqBzF5VEkrcxO4BP7as39PLxl9fj7pe9RoWEuN+Vuccvxlc/erWJSltZyGt1mnuUlitvu3/V6H/9k=,suggestion_type=33,suggest_truncate_start=false,is_answer=false,is_entity=true,is_personal=false,suggest_raw_text=brandon aiyuk,group_id=web1297412247,response_id=c1aed9b3-346c-48e1-807c-21539bb96782,support_query_builder=false,} searchAction=Brandon Aiyuk searchActionExtras=Bundle{learn_more_url=https://support.google.com/websearch/answer/106230?hl=en,suggestion_action_text=Report this,should_start_for_result=true,
07-03 00:51:44.538 13379 13379 D SearchTargetUtil: layoutType=short_icon_row resultType=131072 packageName=com.google.android.googlequicksearchbox extras=Bundle{suggestion_type=33,suggest_truncate_start=false,is_answer=false,is_entity=false,is_personal=false,suggest_raw_text=playstation plus monthly games,group_id=web1297412247,response_id=c1aed9b3-346c-48e1-807c-21539bb96782,support_query_builder=false,} searchAction=playstation plus monthly games searchActionExtras=Bundle{learn_more_url=https://support.google.com/websearch/answer/106230?hl=en,suggestion_action_text=Report this,should_start_for_result=true,allow_pinning=true,skip_logging_in_target_handler=true,suggestion_action_rpc=2,}ParentID: null targetID: 8c155208-3dbd-4317-9c16-0611724e63b9
07-03 00:51:44.538 13379 13379 D SearchTargetUtil: layoutType=short_icon_row resultType=131072 packageName=com.google.android.googlequicksearchbox extras=Bundle{suggestion_type=33,suggest_truncate_start=false,is_answer=false,is_entity=false,is_personal=false,suggest_raw_text=death toll venezuela earthquakes,group_id=web1297412247,response_id=c1aed9b3-346c-48e1-807c-21539bb96782,support_query_builder=false,} searchAction=death toll venezuela earthquakes searchActionExtras=Bundle{learn_more_url=https://support.google.com/websearch/answer/106230?hl=en,suggestion_action_text=Report this,should_start_for_result=true,allow_pinning=true,skip_logging_in_target_handler=true,suggestion_action_rpc=2,}ParentID: null targetID: 4faa82fe-273e-40d6-8e07-184d7083f05d
07-03 00:51:44.538 13379 13379 D SearchTargetUtil: layoutType=short_icon_row resultType=131072 packageName=com.google.android.googlequicksearchbox extras=Bundle{suggestion_type=33,suggest_truncate_start=false,is_answer=false,is_entity=false,is_personal=false,suggest_raw_text=nyt connections answers,group_id=web1297412247,response_id=c1aed9b3-346c-48e1-807c-21539bb96782,support_query_builder=false,} searchAction=nyt connections answers searchActionExtras=Bundle{learn_more_url=https://support.google.com/websearch/answer/106230?hl=en,suggestion_action_text=Report this,should_start_for_result=true,allow_pinning=true,skip_logging_in_target_handler=true,suggestion_action_rpc=2,}ParentID: null targetID: f932f60b-e08d-4ea9-9941-1d28192f5efe
07-03 00:51:44.538 13379 13379 D SearchTargetUtil: layoutType=short_icon_row resultType=131072 packageName=com.google.android.googlequicksearchbox extras=Bundle{suggestion_type=33,suggest_truncate_start=false,is_answer=false,is_entity=false,is_personal=false,suggest_raw_text=microsoft layoffs,group_id=web1297412247,response_id=c1aed9b3-346c-48e1-807c-21539bb96782,support_query_builder=false,} searchAction=microsoft layoffs searchActionExtras=Bundle{learn_more_url=https://support.google.com/websearch/answer/106230?hl=en,suggestion_action_text=Report this,should_start_for_result=true,allow_pinning=true,skip_logging_in_target_handler=true,suggestion_action_rpc=2,}ParentID: null targetID: 47338a69-f94f-4a9d-a4d6-8d91ae28499b
07-03 00:51:44.538 13379 13379 D SearchTargetUtil: layoutType=short_icon_row resultType=131072 packageName=com.google.android.googlequicksearchbox extras=Bundle{suggestion_type=33,suggest_truncate_start=false,is_answer=false,is_entity=false,is_personal=false,suggest_raw_text=synthetic cells,group_id=web1297412247,response_id=c1aed9b3-346c-48e1-807c-21539bb96782,support_query_builder=false,} searchAction=synthetic cells searchActionExtras=Bundle{learn_more_url=https://support.google.com/websearch/answer/106230?hl=en,suggestion_action_text=Report this,should_start_for_result=true,allow_pinning=true,skip_logging_in_target_handler=true,suggestion_action_rpc=2,}ParentID: null targetID: f9775d36-aef7-4b86-b81b-6dad2f5f9c04
07-03 00:51:44.539 13379 13379 D SearchTargetUtil: layoutType=short_icon_row resultType=131072 packageName=com.google.android.googlequicksearchbox extras=Bundle{suggestion_type=33,suggest_truncate_start=false,is_answer=false,is_entity=false,is_personal=false,suggest_raw_text=archaeologists in israel uncovered massive walls linked to biblical shiloh,group_id=web1297412247,response_id=c1aed9b3-346c-48e1-807c-21539bb96782,support_query_builder=false,} searchAction=archaeologists in israel uncovered massive walls linked to biblical shiloh searchActionExtras=Bundle{learn_more_url=https://support.google.com/websearch/answer/106230?hl=en,suggestion_action_text=Report this,should_start_for_result=true,allow_pinning=true,skip_logging_in_target_handler=true,suggestion_action_rpc=2,}ParentID: null targetID: ef9cf13a-729b-4dfd-bf97-1bf4e6f06f88
07-03 00:51:44.539 13379 13379 D SearchTargetUtil: layoutType=short_icon_row resultType=131072 packageName=com.google.android.googlequicksearchbox extras=Bundle{suggestion_type=33,suggest_truncate_start=false,is_answer=false,is_entity=false,is_personal=false,suggest_raw_text=explosive diarrhea parasite outbreak,group_id=web1297412247,response_id=c1aed9b3-346c-48e1-807c-21539bb96782,support_query_builder=false,} searchAction=explosive diarrhea parasite outbreak searchActionExtras=Bundle{learn_more_url=https://support.google.com/websearch/answer/106230?hl=en,suggestion_action_text=Report this,should_start_for_result=true,allow_pinning=true,skip_logging_in_target_handler=true,suggestion_action_rpc=2,}ParentID: null targetID: b1641e3c-ef09-4091-b497-625255d2a1f0
07-03 00:51:44.539 13379 13379 D SearchTargetUtil: layoutType=extra_tall_icon_row resultType=131072 packageName=com.google.android.googlequicksearchbox extras=Bundle{bitmap_url=data:image/png;base64,iVBORw0KGgoAAAANSUhEUgAAAG4AAABuCAMAAADxhdbJAAAAhFBMVEUTJ0/5+fn////8/PwAAD4AADwAADoQJU4AFkYMI00AGEcAGkgAHUkADkMAHEkAEkTO0NbW19wACUHr7O68v8emqbSVmae0t8A4Q2Ly8vR2fI6fo6+LkJ/e3+NYYHjl5ulNV3EvPF1GUGuBh5cAADBla4EgMFUAACsoNlnEx80/SWZrcoYZsIwUAAAF0ElEQVRoge1a23qyOhAlk0AIIOABFTxgtfav9v3fbwchJ0BrxfjtC+euFrOYyWTNmomO87a3ve1tDxn1SfQ6tIis8+Or8Ji3LQEc+hIwSs4pYMhGL0EL/AVghPKXoDGvQIAQgiJ4AZr/lVZgCI+9F6B5BcYVGoI9sw7GyOziGkebEetowUfZoCH4su4cOTaB5GjZxDaatxau8USJbZ9wL1NosLJ85qh3UmgIJ3adoyTV0GzTFyVjDQ0Bs+pcG21hNy1dAw3B0uqZM7KE50lqlVC8hYGGwGoRJ3MTDU9tloKkMNEQzBN7aNG+hcbJ2d4pYCzHJprNRKHeGLedO4TW4EjWDiWCwFosg2MHDZ+sxZI6bbAqltb0l5fK4q3grCnnkazesNo0wHhjK5bsQ6Jl/6RzK1tn3BMewcz7kshbS3w5ElSJxyTaCThsKZbsW6aHw6IfBa0/FD0tbSSdwDZ0woPQzpm+dUHx9aTQBoUE4P74IrDwE6tneC7lH0+p69QXezWtopcILoNvLXxhAfAcviaigMOuCtdI/Jnrq/sr4PhPcI+dBdrisv7khHsypfr0KfVBlZ2a/knDZrDQ5SzJ27nzmIUyTw5+vXADD3NfPRVtoSoQwyUnaSo4LhsRJOEKLTFJFeEnwCUy7Y/N6qThM53C6v0dDkdjwf6pUHgSTsvDmlJhMXTvJvKQyWZfwinWcuunBldbSZaaTBB7h2RikobWBrcLaragVhJw8pSLvlkm06PGll3nxDGvGY0fAdk1GCfjEXNPuOOcCUfJXo470MCmme17nBOciUvisIlzmb8ZNPCwSfEFZy0HmorAex/yvQDpGgwdi0mVgFNX+1jUu+k2VWAI50NbdFfW8J1epwNZzbWOAaOPgbX8wrqXpfQwscDdKp+Ub8v4+kp3mXLuwpaUxcmE+Lv1bNrugxBsnKE6RTm3+eQ4hO2L1akEANxGw7DyBpdx5Vy2zmbjHPqQLmDj8/AyF6kduoIjwLbuYNdY8tnpVPuw8GznDlaXjHyvpt3061h6iIZfxVByPgHc8E1ENv8XDtfpiXO6hoUxrvaxnDX1dbhqpt4a95xifMnLabqYF0uffOY13GBZGdFxG6xCmqbZ+viREDLyY6ZK0Gzg3NTft+c0kJ/mW8clSRCpyEmSdm+sdQfatr1rsCXE7zRuog4OuxuJd51Anty+3KOk2bze3ty/7x3YF+rMoK5IK6kfeiqqv1relUGy29ecu9KwxU3fYBbC2kLAuy4eayvQRp1jyMvfnHNo1Ei9nqsmn5+azvfYfm7i0RBfwKbrUKJdv7eSTVdXMfB9bc0IuLmbVhZX3Sen9x/v8ySl1XXWEF1Yz5UF4dUXduY3K9VjbjMZA5x2XhzKuV7TrPbbRDzUoc2+vpJrxdbIh6SzJad36ucyUegNAhYNevedEtwdlpESt69LJ6MqAOqW4PZQW8r5dlo0/yD6q14yC4ruehM51xMtwDUjYiCwMd86uKwARmTq+R3uSMNA8Qr83D6sUvPCynivWuKYWVa3bTj/Npf0z/Kgc/q6icbXlYr+qPUGzVTEmPBwN+ojjXZ6jCc7pYDwr5e3ctyC8Fm9dTMVAfN6lKdKTSFZMmrWjfXbVDj83mXLYRJGS/G0t6o/y82Nl4MmQIsd16y8cBYbDS29o5uhsQwF/qnEH40FWvs2w1CRqEzTDdZK3Z3dTPijFpl9eIRsxRt3+li31NsXbMpW6KH0PnPV5RqGMs3hKv1F3TsIbePuFeFEq1naG/fcDMmZQhctu1uCMNbthlBvGaSjsl9NwuIPTW/01dZS6Aq3M6fs8w+yP7XYUXcV2PTuBfPTDh6Gwx8HvNWvSMw8G4f9DEHdg9Ffc7DN+e9KlRynchWugVfk6iEK/HlZNW+41uVl8VAXGpNiDLVNs+/RjSNLffe8no2nec51+ZY8qPlpTNjxMF8XS5L8SrXBiHMYJ7JkSKtGozAIYvs/OHrb2972f7P/ANGaS/ppiKoKAAAAAElFTkSuQmCC,suggestion_type=33,suggest_truncate_start=false,is_answer=false,is_entity=true,is_personal=false,suggest_raw_text=atlanta braves game,group_id=web1297412247,response_id=c1aed9b3-346c-48e1-807c-21539bb96782,support_query_builder=false,} searchAction=atlanta braves game searchActionExtras=Bundle{learn_more_url=https://support.google.com/websearch/answer/106230?hl=en,suggestion_action_text=Report this,should_start_for_result=true,allow_pinning=true,skip_logging_in_target_handler=true,suggestion_action_rpc=2,}ParentID: null targetID: c5308384-cb24-489b-881a-9e84e85748e5
07-03 00:51:44.574 27531 27531 W android.youtube: Failed to find entry 'classes.dex': Entry not found
07-03 00:51:44.575 27531 27531 W android.youtube: Failed to find entry 'classes.dex': Entry not found
07-03 00:51:44.576 27531 27531 W android.youtube: Failed to find entry 'classes.dex': Entry not found
07-03 00:51:44.577 27531 27531 W android.youtube: Failed to find entry 'classes.dex': Entry not found
07-03 00:51:44.577 27531 27531 D nativeloader: Configuring clns-5 for other apk /data/app/~~oJ-J-uwdzpFmuLUYs5IfFA==/com.google.android.youtube-ie1OGUn0jT7r5k2YjSiGxw==/base.apk:/data/app/~~oJ-J-uwdzpFmuLUYs5IfFA==/com.google.android.youtube-ie1OGUn0jT7r5k2YjSiGxw==/split_config.arm64_v8a.apk:/data/app/~~oJ-J-uwdzpFmuLUYs5IfFA==/com.google.android.youtube-ie1OGUn0jT7r5k2YjSiGxw==/split_config.en.apk:/data/app/~~oJ-J-uwdzpFmuLUYs5IfFA==/com.google.android.youtube-ie1OGUn0jT7r5k2YjSiGxw==/split_config.xxhdpi.apk:/data/app/~~oJ-J-uwdzpFmuLUYs5IfFA==/com.google.android.youtube-ie1OGUn0jT7r5k2YjSiGxw==/split_config.zh.apk. target_sdk_version=37, uses_libraries=, library_path=/data/app/~~oJ-J-uwdzpFmuLUYs5IfFA==/com.google.android.youtube-ie1OGUn0jT7r5k2YjSiGxw==/lib/arm64:/data/app/~~oJ-J-uwdzpFmuLUYs5IfFA==/com.google.android.youtube-ie1OGUn0jT7r5k2YjSiGxw==/base.apk!/lib/arm64-v8a:/data/app/~~oJ-J-uwdzpFmuLUYs5IfFA==/com.google.android.youtube-ie1OGUn0jT7r5k2YjSiGxw==/split_config.arm64_v8a.apk!/lib/arm64-v8a:/data/app/~~oJ-J-uwdzpFmuLUYs5IfFA==/com.google.
07-03 00:51:44.589 27531 27531 D nativeloader: Load libframework-connectivity-jni.so using APEX ns com_android_tethering for caller /apex/com.android.tethering/javalib/framework-connectivity.jar: ok
07-03 00:51:44.594 27531 27531 V GraphicsEnvironment: Currently set values for:
07-03 00:51:44.595 27531 27531 V GraphicsEnvironment:   angle_gl_driver_selection_pkgs=[]
07-03 00:51:44.595 27531 27531 V GraphicsEnvironment:   angle_gl_driver_selection_values=[]
07-03 00:51:44.595 27531 27531 V GraphicsEnvironment: ANGLE GameManagerService for com.google.android.youtube: false
07-03 00:51:44.595 27531 27531 V GraphicsEnvironment: com.google.android.youtube is not listed in per-application setting
07-03 00:51:44.595 27531 27531 V GraphicsEnvironment: Updatable production driver is not supported on the device.
07-03 00:51:44.617  2392  2393 I pixel-thermal: skin-therm-monitor:35.392 raw data: skin-therm-monitor:35392 
07-03 00:51:44.628 27531 27550 W YT      : Fetching the Gservices key 'device_country' before the end of the bulk initialization
07-03 00:51:44.634  2251  7483 I ActivityManager: Flag disabled. Ignoring finishAttachApplication from uid: 10176. pid: 27531
07-03 00:51:44.645 27531 27548 D nativeloader: Load /data/app/~~oJ-J-uwdzpFmuLUYs5IfFA==/com.google.android.youtube-ie1OGUn0jT7r5k2YjSiGxw==/split_config.arm64_v8a.apk!/lib/arm64-v8a/libnative_crash_handler_jni.so using class loader ns clns-5 (caller=/data/app/~~oJ-J-uwdzpFmuLUYs5IfFA==/com.google.android.youtube-ie1OGUn0jT7r5k2YjSiGxw==/base.apk!classes2.dex): ok
07-03 00:51:44.653  2251  3678 D CompatibilityChangeReporter: Compat change id reported: 161145287; UID 10176; state: ENABLED
07-03 00:51:44.745  2251  3678 D CompatibilityChangeReporter: Compat change id reported: 261072174; UID 10176; state: ENABLED
07-03 00:51:44.748 23013 23013 D BoundBrokerSvc: onRebind: Intent { act=com.google.android.gms.common.telemetry.service.START dat=chimera-action:/... cmp=com.google.android.gms/.chimera.PersistentApiService }
07-03 00:51:44.758 27531 27556 D nativeloader: Load /data/app/~~oJ-J-uwdzpFmuLUYs5IfFA==/com.google.android.youtube-ie1OGUn0jT7r5k2YjSiGxw==/split_config.arm64_v8a.apk!/lib/arm64-v8a/libelements.so using class loader ns clns-5 (caller=/data/app/~~oJ-J-uwdzpFmuLUYs5IfFA==/com.google.android.youtube-ie1OGUn0jT7r5k2YjSiGxw==/base.apk!classes3.dex): ok
07-03 00:51:44.776  2251  7483 D ConnectivityService: requestNetwork for uid/pid:10176/27531 activeRequest: null callbackRequest: 15969 [NetworkRequest [ REQUEST id=15970, [ Capabilities: INTERNET&NOT_RESTRICTED&TRUSTED&NOT_VCN_MANAGED Uid: 10176 RequestorUid: 10176 RequestorPkg: com.google.android.youtube UnderlyingNetworks: Null] ]] callback flags: 0 order: 2147483647 isUidTracked: false declaredMethods: AVAIL|LOST|NC|LP
07-03 00:51:44.779  2251  2958 D WifiNetworkFactory: got request NetworkRequest [ REQUEST id=15970, [ Capabilities: INTERNET&NOT_RESTRICTED&TRUSTED&NOT_VCN_MANAGED Uid: 10176 RequestorUid: 10176 RequestorPkg: com.google.android.youtube UnderlyingNetworks: Null] ]
07-03 00:51:44.780  2251  2958 D UntrustedWifiNetworkFactory: got request NetworkRequest [ REQUEST id=15970, [ Capabilities: INTERNET&NOT_RESTRICTED&TRUSTED&NOT_VCN_MANAGED Uid: 10176 RequestorUid: 10176 RequestorPkg: com.google.android.youtube UnderlyingNetworks: Null] ]
07-03 00:51:44.781  2251  2958 D OemPaidWifiNetworkFactory: got request NetworkRequest [ REQUEST id=15970, [ Capabilities: INTERNET&NOT_RESTRICTED&TRUSTED&NOT_VCN_MANAGED Uid: 10176 RequestorUid: 10176 RequestorPkg: com.google.android.youtube UnderlyingNetworks: Null] ]
07-03 00:51:44.781  2251  2958 D MultiInternetWifiNetworkFactory: got request NetworkRequest [ REQUEST id=15970, [ Capabilities: INTERNET&NOT_RESTRICTED&TRUSTED&NOT_VCN_MANAGED Uid: 10176 RequestorUid: 10176 RequestorPkg: com.google.android.youtube UnderlyingNetworks: Null] ]
07-03 00:51:44.781  2251  2965 D ConnectivityService: NetReassign [15970 : null → 101] [c 0] [a 2] [i 3]
07-03 00:51:44.788 27531 27554 D nativeloader: Load /data/app/~~oJ-J-uwdzpFmuLUYs5IfFA==/com.google.android.youtube-ie1OGUn0jT7r5k2YjSiGxw==/split_config.arm64_v8a.apk!/lib/arm64-v8a/libcronet.149.0.7827.159.so using class loader ns clns-5 (caller=/data/app/~~oJ-J-uwdzpFmuLUYs5IfFA==/com.google.android.youtube-ie1OGUn0jT7r5k2YjSiGxw==/base.apk): ok
07-03 00:51:44.792  2251  7483 D CompatibilityChangeReporter: Compat change id reported: 319212206; UID 10176; state: ENABLED
07-03 00:51:44.795  2251  2965 D ConnectivityService: NetReassign [no changes] [c 0] [a 1] [i 2]
07-03 00:51:44.830  2251  7483 D ConnectivityService: requestNetwork for uid/pid:10176/27531 activeRequest: null callbackRequest: 15972 [NetworkRequest [ REQUEST id=15973, [ Capabilities: INTERNET&NOT_RESTRICTED&TRUSTED&NOT_VCN_MANAGED Uid: 10176 RequestorUid: 10176 RequestorPkg: com.google.android.youtube UnderlyingNetworks: Null] ]] callback flags: 0 order: 2147483647 isUidTracked: false declaredMethods: AVAIL|NC|BLK
07-03 00:51:44.832  2251  2958 D WifiNetworkFactory: got request NetworkRequest [ REQUEST id=15973, [ Capabilities: INTERNET&NOT_RESTRICTED&TRUSTED&NOT_VCN_MANAGED Uid: 10176 RequestorUid: 10176 RequestorPkg: com.google.android.youtube UnderlyingNetworks: Null] ]
07-03 00:51:44.832  2251  2965 D ConnectivityService: NetReassign [15973 : null → 101] [c 0] [a 0] [i 1]
07-03 00:51:44.832  2251  2958 D UntrustedWifiNetworkFactory: got request NetworkRequest [ REQUEST id=15973, [ Capabilities: INTERNET&NOT_RESTRICTED&TRUSTED&NOT_VCN_MANAGED Uid: 10176 RequestorUid: 10176 RequestorPkg: com.google.android.youtube UnderlyingNetworks: Null] ]
07-03 00:51:44.832  2251  2958 D OemPaidWifiNetworkFactory: got request NetworkRequest [ REQUEST id=15973, [ Capabilities: INTERNET&NOT_RESTRICTED&TRUSTED&NOT_VCN_MANAGED Uid: 10176 RequestorUid: 10176 RequestorPkg: com.google.android.youtube UnderlyingNetworks: Null] ]
07-03 00:51:44.832  2251  2958 D MultiInternetWifiNetworkFactory: got request NetworkRequest [ REQUEST id=15973, [ Capabilities: INTERNET&NOT_RESTRICTED&TRUSTED&NOT_VCN_MANAGED Uid: 10176 RequestorUid: 10176 RequestorPkg: com.google.android.youtube UnderlyingNetworks: Null] ]
07-03 00:51:44.864  2951 23243 W SQLiteLog: (28) double-quoted string literal: "1782838304864"
07-03 00:51:44.864  2951 23243 W SQLiteLog: (28) double-quoted string literal: "1"
07-03 00:51:44.897 27531 27570 W MemoryUsageCapture: Error reading dmabuf proc dmabuf_rss [CONTEXT ratelimit_period="1 MINUTES" ]
07-03 00:51:44.897 27531 27570 W MemoryUsageCapture: java.io.FileNotFoundException: /proc/27531/dmabuf_rss: open failed: ENOENT (No such file or directory)
07-03 00:51:44.897 27531 27570 W MemoryUsageCapture: 	at libcore.io.IoBridge.open(IoBridge.java:574)
07-03 00:51:44.897 27531 27570 W MemoryUsageCapture: 	at java.io.FileInputStream.<init>(FileInputStream.java:179)
07-03 00:51:44.897 27531 27570 W MemoryUsageCapture: 	at awui.a(PG:3)
07-03 00:51:44.897 27531 27570 W MemoryUsageCapture: 	at awui.b(PG:6)
07-03 00:51:44.897 27531 27570 W MemoryUsageCapture: 	at zcv.d(PG:40)
07-03 00:51:44.897 27531 27570 W MemoryUsageCapture: 	at zcr.a(PG:240)
07-03 00:51:44.897 27531 27570 W MemoryUsageCapture: 	at axaa.c(PG:3)
07-03 00:51:44.897 27531 27570 W MemoryUsageCapture: 	at axac.run(PG:47)
07-03 00:51:44.897 27531 27570 W MemoryUsageCapture: 	at axcw.run(PG:203)
07-03 00:51:44.897 27531 27570 W MemoryUsageCapture: 	at ugg.run(PG:7)
07-03 00:51:44.897 27531 27570 W MemoryUsageCapture: 	at awve.run(PG:44)
07-03 00:51:44.897 27531 27570 W MemoryUsageCapture: 	at uhg.run(PG:834)
07-03 00:51:44.897 27531 27570 W MemoryUsageCapture: 	at fts.run(PG:1115)
07-03 00:51:44.897 27531 27570 W MemoryUsageCapture: 	at java.lang.Thread.run(Thread.java:1572)
07-03 00:51:44.897 27531 27570 W MemoryUsageCapture: 	at uhf.run(PG:61)
07-03 00:51:44.897 27531 27570 W MemoryUsageCapture: Caused by: android.system.ErrnoException: open failed: ENOENT (No such file or directory)
07-03 00:51:44.897 27531 27570 W MemoryUsageCapture: 	at libcore.io.Linux.open(Native Method)
07-03 00:51:44.897 27531 27570 W MemoryUsageCapture: 	at libcore.io.ForwardingOs.open(ForwardingOs.java:579)
07-03 00:51:44.897 27531 27570 W MemoryUsageCapture: 	at libcore.io.BlockGuardOs.open(BlockGuardOs.java:274)
07-03 00:51:44.897 27531 27570 W MemoryUsageCapture: 	at libcore.io.ForwardingOs.open(ForwardingOs.java:579)
07-03 00:51:44.897 27531 27570 W MemoryUsageCapture: 	at android.app.ActivityThread$AndroidOs.open(ActivityThread.java:8063)
07-03 00:51:44.897 27531 27570 W MemoryUsageCapture: 	at libcore.io.IoBridge.open(IoBridge.java:560)
07-03 00:51:44.897 27531 27570 W MemoryUsageCapture: 	... 14 more
07-03 00:51:44.963 27531 27566 D CompatibilityChangeReporter: Compat change id reported: 160794467; UID 10176; state: ENABLED
07-03 00:51:45.006 27531 27531 E YT.mlplayer: setAudioDrc(enabled=1)
07-03 00:51:45.006 27531 27531 E YT.mlplayer: setDefaultLoudnessTargetPreferenceState
07-03 00:51:45.034 27531 27566 D CompatibilityChangeReporter: Compat change id reported: 194532703; UID 10176; state: ENABLED
07-03 00:51:45.034 27531 27566 D CompatibilityChangeReporter: Compat change id reported: 253665015; UID 10176; state: ENABLED
07-03 00:51:45.035  2251  7483 D CompatibilityChangeReporter: Compat change id reported: 253665015; UID 10176; state: ENABLED
07-03 00:51:45.036  2251  7483 D CompatibilityChangeReporter: Compat change id reported: 194532703; UID 10176; state: ENABLED
07-03 00:51:45.087  2251  7482 W JobScheduler: Job didn't exist in JobStore: e8167af {androidx.work.systemjobscheduler} #u0a176/57328 @androidx.work.systemjobscheduler@com.google.android.youtube/androidx.work.impl.background.systemjob.SystemJobService
07-03 00:51:45.162 27531 27566 D CompatibilityChangeReporter: Compat change id reported: 263076149; UID 10176; state: ENABLED
07-03 00:51:45.170  2251  7482 I ActivityManager: Killing 26189:com.google.android.rkpdapp/u0a236 (adj 975): empty #17
07-03 00:51:45.176  2251  2602 I libprocessgroup: Successfully killed process cgroup uid 10236 pid 26189 in 5ms
07-03 00:51:45.191 27531 27566 E WM-WorkerWrapper: Work [ id=4d266856-a620-4f6e-ace4-03947ed1496e, class=com.google.android.libraries.youtube.common.backgroundtask.workmanager.BackgroundTaskWorker, tags={ com.google.android.libraries.youtube.common.backgroundtask.workmanager.BackgroundTaskWorker,device_context_task } ] failed because it threw an exception/error
07-03 00:51:45.191 27531 27566 E WM-WorkerWrapper: java.lang.IllegalStateException
07-03 00:51:45.191 27531 27566 E WM-WorkerWrapper: 	at com.android.internal.util.Preconditions.checkState(Preconditions.java:215)
07-03 00:51:45.191 27531 27566 E WM-WorkerWrapper: 	at com.android.internal.util.Preconditions.checkState(Preconditions.java:200)
07-03 00:51:45.191 27531 27566 E WM-WorkerWrapper: 	at android.os.BaseBundle.unparcel(BaseBundle.java:319)
07-03 00:51:45.191 27531 27566 E WM-WorkerWrapper: 	at android.os.BaseBundle.unparcel(BaseBundle.java:311)
07-03 00:51:45.191 27531 27566 E WM-WorkerWrapper: 	at android.os.BaseBundle.remove(BaseBundle.java:750)
07-03 00:51:45.191 27531 27566 E WM-WorkerWrapper: 	at android.os.Bundle.remove(Bundle.java:290)
07-03 00:51:45.191 27531 27566 E WM-WorkerWrapper: 	at aauk.call(PG:139)
07-03 00:51:45.191 27531 27566 E WM-WorkerWrapper: 	at axam.call(PG:21)
07-03 00:51:45.191 27531 27566 E WM-WorkerWrapper: 	at axde.a(PG:3)
07-03 00:51:45.191 27531 27566 E WM-WorkerWrapper: 	at axci.run(PG:19)
07-03 00:51:45.191 27531 27566 E WM-WorkerWrapper: 	at axdf.run(PG:5)
07-03 00:51:45.191 27531 27566 E WM-WorkerWrapper: 	at awve.run(PG:44)
07-03 00:51:45.191 27531 27566 E WM-WorkerWrapper: 	at uhg.run(PG:834)
07-03 00:51:45.191 27531 27566 E WM-WorkerWrapper: 	at fts.run(PG:1115)
07-03 00:51:45.191 27531 27566 E WM-WorkerWrapper: 	at java.lang.Thread.run(Thread.java:1572)
07-03 00:51:45.191 27531 27566 E WM-WorkerWrapper: 	at uhf.run(PG:61)
07-03 00:51:45.196  1431  1431 I Zygote  : Process 26189 exited due to signal 9 (Killed)
07-03 00:51:45.197  2251  2541 D DisplayManagerService: Drop pending events for gone uid 10236
07-03 00:51:45.286  2951  2951 D BoundBrokerSvc: onRebind: Intent { act=com.google.android.gms.potokens.service.START dat=chimera-action:/... cmp=com.google.android.gms/.chimera.GmsApiService }
07-03 00:51:45.311  2251  7483 D ConnectivityService: requestNetwork for uid/pid:10176/27531 activeRequest: null callbackRequest: 15974 [NetworkRequest [ REQUEST id=15975, [ Capabilities: INTERNET&NOT_RESTRICTED&TRUSTED&NOT_VCN_MANAGED Uid: 10176 RequestorUid: 10176 RequestorPkg: com.google.android.youtube UnderlyingNetworks: Null] ]] callback flags: 0 order: 2147483647 isUidTracked: false declaredMethods: AVAIL|LOST
07-03 00:51:45.317  2251  2965 D ConnectivityService: NetReassign [15975 : null → 101] [c 0] [a 4] [i 2]
07-03 00:51:45.317  2251  2958 D WifiNetworkFactory: got request NetworkRequest [ REQUEST id=15975, [ Capabilities: INTERNET&NOT_RESTRICTED&TRUSTED&NOT_VCN_MANAGED Uid: 10176 RequestorUid: 10176 RequestorPkg: com.google.android.youtube UnderlyingNetworks: Null] ]
07-03 00:51:45.317  2251  2958 D UntrustedWifiNetworkFactory: got request NetworkRequest [ REQUEST id=15975, [ Capabilities: INTERNET&NOT_RESTRICTED&TRUSTED&NOT_VCN_MANAGED Uid: 10176 RequestorUid: 10176 RequestorPkg: com.google.android.youtube UnderlyingNetworks: Null] ]
07-03 00:51:45.317  2251  2958 D OemPaidWifiNetworkFactory: got request NetworkRequest [ REQUEST id=15975, [ Capabilities: INTERNET&NOT_RESTRICTED&TRUSTED&NOT_VCN_MANAGED Uid: 10176 RequestorUid: 10176 RequestorPkg: com.google.android.youtube UnderlyingNetworks: Null] ]
07-03 00:51:45.317  2251  2958 D MultiInternetWifiNetworkFactory: got request NetworkRequest [ REQUEST id=15975, [ Capabilities: INTERNET&NOT_RESTRICTED&TRUSTED&NOT_VCN_MANAGED Uid: 10176 RequestorUid: 10176 RequestorPkg: com.google.android.youtube UnderlyingNetworks: Null] ]
07-03 00:51:45.373  2251  3257 D ConnectivityService: requestNetwork for uid/pid:10176/27531 activeRequest: null callbackRequest: 15976 [NetworkRequest [ REQUEST id=15977, [ Capabilities: INTERNET&NOT_RESTRICTED&TRUSTED&NOT_VCN_MANAGED Uid: 10176 RequestorUid: 10176 RequestorPkg: com.google.android.youtube UnderlyingNetworks: Null] ]] callback flags: 0 order: 2147483647 isUidTracked: false declaredMethods: AVAIL|LOST|NC
07-03 00:51:45.375  2251  2958 D WifiNetworkFactory: got request NetworkRequest [ REQUEST id=15977, [ Capabilities: INTERNET&NOT_RESTRICTED&TRUSTED&NOT_VCN_MANAGED Uid: 10176 RequestorUid: 10176 RequestorPkg: com.google.android.youtube UnderlyingNetworks: Null] ]
07-03 00:51:45.375  2251  2958 D UntrustedWifiNetworkFactory: got request NetworkRequest [ REQUEST id=15977, [ Capabilities: INTERNET&NOT_RESTRICTED&TRUSTED&NOT_VCN_MANAGED Uid: 10176 RequestorUid: 10176 RequestorPkg: com.google.android.youtube UnderlyingNetworks: Null] ]
07-03 00:51:45.375  2251  2958 D OemPaidWifiNetworkFactory: got request NetworkRequest [ REQUEST id=15977, [ Capabilities: INTERNET&NOT_RESTRICTED&TRUSTED&NOT_VCN_MANAGED Uid: 10176 RequestorUid: 10176 RequestorPkg: com.google.android.youtube UnderlyingNetworks: Null] ]
07-03 00:51:45.375  2251  2958 D MultiInternetWifiNetworkFactory: got request NetworkRequest [ REQUEST id=15977, [ Capabilities: INTERNET&NOT_RESTRICTED&TRUSTED&NOT_VCN_MANAGED Uid: 10176 RequestorUid: 10176 RequestorPkg: com.google.android.youtube UnderlyingNetworks: Null] ]
07-03 00:51:45.375  2251  2965 D ConnectivityService: NetReassign [15977 : null → 101] [c 0] [a 1] [i 1]
07-03 00:51:45.384 27531 27598 D nativeloader: Load /data/app/~~oJ-J-uwdzpFmuLUYs5IfFA==/com.google.android.youtube-ie1OGUn0jT7r5k2YjSiGxw==/split_config.arm64_v8a.apk!/lib/arm64-v8a/libmemorymappedbufferjni.so using class loader ns clns-5 (caller=/data/app/~~oJ-J-uwdzpFmuLUYs5IfFA==/com.google.android.youtube-ie1OGUn0jT7r5k2YjSiGxw==/base.apk!classes2.dex): ok
07-03 00:51:45.509 27531 27545 D nativeloader: Configuring clns-6 for other apk . target_sdk_version=37, uses_libraries=ALL, library_path=, permitted_path=/data:/mnt/expand
07-03 00:51:45.545 27531 27531 W com.google.android.youtube: type=1400 audit(0.0:21337): avc:  granted  { execute } for  comm=424720546872656164202330 path="/data/data/com.google.android.youtube/app_pccache2/5/7637A808903E06DBB1373A174A3C4F96BA1CCBEF/pcam.jar" dev="dm-45" ino=221111 scontext=u:r:untrusted_app:s0:c176,c256,c512,c768 tcontext=u:object_r:app_data_file:s0:c176,c256,c512,c768 tclass=file app=com.google.android.youtube
07-03 00:51:45.563 27531 27545 D nativeloader: Load /data/user/0/com.google.android.youtube/app_pccache2/5/7637A808903E06DBB1373A174A3C4F96BA1CCBEF/pcam.jar!/libdB82B42E4925D.so using isolated ns clns-6 (caller=/data/user/0/com.google.android.youtube/app_pccache2/5/7637A808903E06DBB1373A174A3C4F96BA1CCBEF/pcam.jar): ok
07-03 00:51:45.577  3295  3326 I native  : I0000 00:00:1783011105.577039    3326 tf_lite_classifier.cc:400] Event stream classified as kNone
07-03 00:51:45.584  1490  1685 D audioserver: FGS Logger Transaction failed
07-03 00:51:45.584  1490  1685 D audioserver: -129
07-03 00:51:45.586  2251  7483 D CompatibilityChangeReporter: Compat change id reported: 265464455; UID 10373; state: DISABLED
07-03 00:51:45.586  2251  7483 D CompatibilityChangeReporter: Compat change id reported: 265452344; UID 10373; state: DISABLED
07-03 00:51:45.586  1438  1177 D audio_hw_primary: start_output_stream: enter: stream(0xed500010)usecase(1: low-latency-playback)  devices(0x2) is_haptic_usecase(0)
07-03 00:51:45.586  2251  7483 D CompatibilityChangeReporter: Compat change id reported: 266124927; UID 10373; state: DISABLED
07-03 00:51:45.586  1438  1177 D audio_hw_primary: select_devices for use case (low-latency-playback)
07-03 00:51:45.586  1438  1177 I msm8974_platform: platform_check_and_set_codec_backend_cfg:becf: afe: bitwidth 24, samplerate 48000 channels 2, backend_idx 0 usecase = 1 device (speaker)
07-03 00:51:45.586  1438  1177 I msm8974_platform: platform_check_and_set_codec_backend_cfg: new_snd_devices[0] is 2
07-03 00:51:45.586  2251  7483 D CompatibilityChangeReporter: Compat change id reported: 265451093; UID 10373; state: DISABLED
07-03 00:51:45.586  1438  1177 I msm8974_platform: platform_check_codec_backend_cfg:becf: afe: bitwidth 24, samplerate 48000 channels 2, backend_idx 0 usecase = 1 device (speaker)
07-03 00:51:45.586  2251  7483 D CompatibilityChangeReporter: Compat change id reported: 265456536; UID 10373; state: DISABLED
07-03 00:51:45.586  2251  7483 D CompatibilityChangeReporter: Compat change id reported: 255940284; UID 10373; state: DISABLED
07-03 00:51:45.586  2251  7483 D CompatibilityChangeReporter: Compat change id reported: 236283604; UID 10373; state: DISABLED
07-03 00:51:45.587  2251  7483 D CompatibilityChangeReporter: Compat change id reported: 263959004; UID 10373; state: DISABLED
07-03 00:51:45.587  2251  7483 D CompatibilityChangeReporter: Compat change id reported: 264304459; UID 10373; state: DISABLED
07-03 00:51:45.587  2251  7483 D CompatibilityChangeReporter: Compat change id reported: 264301586; UID 10373; state: DISABLED
07-03 00:51:45.587  2251  7483 D CompatibilityChangeReporter: Compat change id reported: 254631730; UID 10373; state: DISABLED
07-03 00:51:45.587  2251  7483 D CompatibilityChangeReporter: Compat change id reported: 273509367; UID 10373; state: DISABLED
07-03 00:51:45.587  2251  7483 D CompatibilityChangeReporter: Compat change id reported: 263259275; UID 10373; state: DISABLED
07-03 00:51:45.587  2251  7483 D CompatibilityChangeReporter: Compat change id reported: 174042980; UID 10373; state: DISABLED
07-03 00:51:45.587  2251  7483 D CompatibilityChangeReporter: Compat change id reported: 174042936; UID 10373; state: DISABLED
07-03 00:51:45.587  2251  7483 D CompatibilityChangeReporter: Compat change id reported: 181136395; UID 10373; state: DISABLED
07-03 00:51:45.588  1438  1177 D msm8974_platform: platform_check_codec_backend_cfg:becf: updated afe: bitwidth 24, samplerate 48000 channels 2,backend_idx 0 usecase = 1 device (speaker)
07-03 00:51:45.588  1438  1177 I msm8974_platform: platform_check_codec_backend_cfg:becf: afe: Codec selected backend: 0 updated bit width: 24 and sample rate: 48000
07-03 00:51:45.588  1438  1177 I msm8974_platform: platform_check_codec_backend_cfg:becf: afe: Codec backend needs to be updated. new bit width: 24new sample rate: 48000 new channels: 2
07-03 00:51:45.588  1438  1177 I msm8974_platform: platform_set_codec_backend_cfg:becf: afe: bitwidth 24, samplerate 48000 channels 2 format 1, backend_idx 0 device (speaker)
07-03 00:51:45.588  1438  1177 E msm8974_platform: platform_set_codec_backend_cfg:becf: afe: Could not get ctl for mixer command - SLIM_0_RX Format
07-03 00:51:45.588  1438  1177 D audio_hw_primary: check_usecases_codec_backend:becf: force routing 0
07-03 00:51:45.588  1438  1177 D audio_hw_primary: check_usecases_codec_backend:becf: (78) check_usecases curr device: speaker, usecase device: backends match 0
07-03 00:51:45.588  1438  1177 D audio_hw_primary: check_usecases_codec_backend:becf: check_usecases num.of Usecases to switch 0
07-03 00:51:45.588  1438  1177 D hardware_info: hw_info_append_hw_type : device_name = speaker
07-03 00:51:45.588  1438  1177 D audio_route: Apply path: speaker
07-03 00:51:45.590  2251  7483 D CompatibilityChangeReporter: Compat change id reported: 194480991; UID 10373; state: ENABLED
07-03 00:51:45.594  2251  7483 D CompatibilityChangeReporter: Compat change id reported: 184838306; UID 10373; state: DISABLED
07-03 00:51:45.594  2251  7483 D CompatibilityChangeReporter: Compat change id reported: 185004937; UID 10373; state: DISABLED
07-03 00:51:45.595  2251  7483 D CompatibilityChangeReporter: Compat change id reported: 197654537; UID 10373; state: ENABLED
07-03 00:51:45.597  2251  7483 D CompatibilityChangeReporter: Compat change id reported: 205907456; UID 10373; state: ENABLED
07-03 00:51:45.599  2251  7483 D CompatibilityChangeReporter: Compat change id reported: 194833441; UID 10373; state: ENABLED
07-03 00:51:45.599  2251  7483 I ActivityTaskManager: START u0 {act=android.intent.action.MAIN cat=[android.intent.category.LAUNCHER] flg=0x10200000 cmp=com.bob.agent/.MainActivity bnds=[57,578][250,863]} with LAUNCH_SINGLE_TASK from uid 10226 (BAL_ALLOW_ALLOWLISTED_COMPONENT) result code=0
07-03 00:51:45.599  3128  3157 V WindowManagerShell: Transition requested: android.os.BinderProxy@124ad35 TransitionRequestInfo { type = OPEN, triggerTask = TaskInfo{userId=0 taskId=792 displayId=0 isRunning=true baseIntent=Intent { act=android.intent.action.MAIN cat=[android.intent.category.LAUNCHER] flg=0x10200000 cmp=com.bob.agent/.MainActivity } baseActivity=ComponentInfo{com.bob.agent/com.bob.agent.MainActivity} topActivity=ComponentInfo{com.bob.agent/com.bob.agent.MainActivity} origActivity=null realActivity=ComponentInfo{com.bob.agent/com.bob.agent.MainActivity} numActivities=1 lastActiveTime=1300368754 supportsMultiWindow=true resizeMode=1 isResizeable=true minWidth=-1 minHeight=-1 defaultMinSize=220 token=WCT{android.window.IWindowContainerToken$Stub$Proxy@56215ca} topActivityType=1 pictureInPictureParams=null shouldDockBigOverlays=false launchIntoPipHostTaskId=-1 lastParentTaskIdBeforePip=-1 displayCutoutSafeInsets=Rect(0, 136 - 0, 0) topActivityInfo=ActivityInfo{1a3033b com.bob.agent.MainActivity} launchCookies=[android.os.BinderProxy@8068a58] positionInParent=Point(0, 0) parentTaskId=-1 isFocused=false isVisible=false isVisibleRequested=false isSleeping=false topActivityInSizeCompat=false topActivityEligibleForLetterboxEducation= false topActivityLetterboxed= false isFromDoubleTap= false topActivityLetterboxVerticalPosition= -1 topActivityLetterboxHorizontalPosition= -1 topActivityLetterboxWidth=-1 topActivityLetterboxHeight=-1 locusId=null displayAreaFeatureId=1 cameraCompatControlState=hidden}, remoteTransition = RemoteTransition { remoteTransition = android.window.IRemoteTransition$Stub$Proxy@ffe7b1, appThread = android.app.IApplicationThread$Stub$Proxy@973c496, debugName = QuickstepLaunch }, displayChange = null }
07-03 00:51:45.599  3128  3157 V WindowManagerShell: RemoteTransition directly requested for android.os.BinderProxy@124ad35: RemoteTransition { remoteTransition = android.window.IRemoteTransition$Stub$Proxy@ffe7b1, appThread = android.app.IApplicationThread$Stub$Proxy@973c496, debugName = QuickstepLaunch }
07-03 00:51:45.601  2251  2543 D CompatibilityChangeReporter: Compat change id reported: 135634846; UID 10373; state: DISABLED
07-03 00:51:45.601  2251  2543 D CompatibilityChangeReporter: Compat change id reported: 177438394; UID 10373; state: DISABLED
07-03 00:51:45.601  2251  2543 D CompatibilityChangeReporter: Compat change id reported: 135772972; UID 10373; state: DISABLED
07-03 00:51:45.601  2251  2543 D CompatibilityChangeReporter: Compat change id reported: 135754954; UID 10373; state: ENABLED
07-03 00:51:45.601  2251  2559 D CompatibilityChangeReporter: Compat change id reported: 143937733; UID 10373; state: ENABLED
07-03 00:51:45.609  1438  1177 D hardware_info: hw_info_append_hw_type : device_name = vi-feedback
07-03 00:51:45.609  1431  1431 D Zygote  : Forked child process 27624
07-03 00:51:45.609  1438  1177 D audio_hw_primary: enable_snd_device: snd_device(222: vi-feedback)
07-03 00:51:45.609  1438  1177 D msm8974_platform: platform_get_island_cfg_on_device:island cfg status on snd_device = (vi-feedback 0)
07-03 00:51:45.609  1438  1177 I soundtrigger: audio_extn_sound_trigger_update_device_status: device 0xde of type 1 for Event 1, with Raise=0
07-03 00:51:45.609  1438  1177 D audio_route: Apply path: vi-feedback
07-03 00:51:45.609  1438  1177 D soundtrigger: audio_extn_sound_trigger_update_stream_status: uc_info->id 53 of type 1 for Event 3, with Raise=0
07-03 00:51:45.609  1438  1177 D audio_hw_utils: audio_extn_utils_send_app_type_cfg: usecase->in_snd_device vi-feedback
07-03 00:51:45.609  1438  1177 E audio_hw_utils: send_app_type_cfg_for_device: Could not get ctl for mixer cmd - Audio Stream Capture 55 App Type Cfg
07-03 00:51:45.609  1438  1177 D audio_hw_waves: ma_set_device: 53 is not supported usecase
07-03 00:51:45.609  1438  1177 D ACDB-LOADER: ACDB -> send_audio_cal, acdb_id = 512, path = 1, app id = 0x11132, sample rate = 8000, afe_sample_rate = 8000
07-03 00:51:45.609  1438  1177 D ACDB-LOADER: ACDB -> send_asm_topology
07-03 00:51:45.609  1438  1177 D ACDB-LOADER: ACDB -> ACDB_CMD_GET_AUDPROC_STREAM_TOPOLOGY_ID
07-03 00:51:45.609  1438  1177 D ACDB-LOADER: ACDB -> send_adm_topology
07-03 00:51:45.609  1438  1177 D ACDB-LOADER: ACDB -> ACDB_CMD_GET_AUDPROC_COMMON_TOPOLOGY_ID
07-03 00:51:45.609  1438  1177 D ACDB-LOADER: ACDB -> send_audtable
07-03 00:51:45.609  1438  1177 D ACDB-LOADER: ACDB -> ACDB_CMD_GET_AUDPROC_INSTANCE_COMMON_TABLE_SIZE
07-03 00:51:45.609  1438  1177 D android.hardware.audio.service: Failed to fetch the lookup information of the device 00000200 
07-03 00:51:45.609 13379 13397 D QuickstepModelDelegate: notifyAppTargetEvent action=1 launchLocation=all-apps
07-03 00:51:45.609  1438  1177 D ACDB-LOADER: Error: ACDB_CMD_GET_AUDPROC_INSTANCE_COMMON_TABLE_SIZE Returned = -19
07-03 00:51:45.609  1438  1177 D ACDB-LOADER: ACDB -> ACDB_CMD_GET_AUDPROC_INSTANCE_COMMON_TABLE
07-03 00:51:45.609  1438  1177 D android.hardware.audio.service: Failed to fetch the lookup information of the device 00000200 
07-03 00:51:45.609  1438  1177 D ACDB-LOADER: Error: ACDB audproc returned = -19
07-03 00:51:45.609  1438  1177 D ACDB-LOADER: ACDB -> AUDIO_SET_AUDPROC_CAL cal_type[11] acdb_id[512] app_type[69938]
07-03 00:51:45.609  1438  1177 D ACDB-LOADER: ACDB -> ACDB_CMD_GET_PERSISTENT_AUDPROC_INSTANCE_COMMON_TABLE_SIZE
07-03 00:51:45.609  1438  1177 D android.hardware.audio.service: Failed to fetch the lookup information of the device 00000200 
07-03 00:51:45.609  1438  1177 D ACDB-LOADER: Error: ACDB_CMD_GET_PERSISTENT_AUDPROC_INSTANCE_COMMON_TABLE_SIZE returned -19
07-03 00:51:45.609  1438  1177 D ACDB-LOADER: ACDB -> send_audproc_persist_table -19 
07-03 00:51:45.609  1438  1177 D ACDB-LOADER: Error: Invalid Audproc persist size = -19
07-03 00:51:45.609  1438  1177 D ACDB-LOADER: ACDB -> ACDB_CMD_GET_AUDPROC_INSTANCE_STREAM_TABLE_SIZE
07-03 00:51:45.609  1438  1177 D ACDB-LOADER: ACDB -> send_audstrmtable
07-03 00:51:45.609  1438  1177 D ACDB-LOADER: ACDB -> ACDB_CMD_GET_AUDPROC_INSTANCE_STREAM_TABLE
07-03 00:51:45.609  1438  1177 D ACDB-LOADER: ACDB -> audstrm_cal->cal_type.cal_data.cal_size = 20
07-03 00:51:45.609  1438  1177 D ACDB-LOADER: ACDB -> send_afe_topology
07-03 00:51:45.609  1438  1177 D ACDB-LOADER: ACDB -> ACDB_CMD_GET_AFE_TOPOLOGY_ID
07-03 00:51:45.609  1438  1177 D ACDB-LOADER: ACDB -> GET_AFE_TOPOLOGY_ID for adcd_id 512, Topology Id 112fb
07-03 00:51:45.609  1438  1177 D ACDB-LOADER: ACDB -> send_afe_cal
07-03 00:51:45.609  1438  1177 D ACDB-LOADER: ACDB -> ACDB_CMD_GET_AFE_INSTANCE_COMMON_TABLE_SIZE
07-03 00:51:45.609  1438  1177 D android.hardware.audio.service: Failed to fetch the lookup information of the device 00000200 
07-03 00:51:45.609  1438  1177 D ACDB-LOADER: Error: ACDB_CMD_GET_AFE_INSTANCE_COMMON_TABLE_SIZE Returned = -19
07-03 00:51:45.609  1438  1177 D ACDB-LOADER: ACDB -> ACDB_CMD_GET_AFE_INSTANCE_COMMON_TABLE
07-03 00:51:45.609  1438  1177 D android.hardware.audio.service: Failed to fetch the lookup information of the device 00000200 
07-03 00:51:45.609  1438  1177 D ACDB-LOADER: Error: ACDB AFE returned = -19
07-03 00:51:45.609  1438  1177 D ACDB-LOADER: ACDB -> AUDIO_SET_AFE_CAL cal_type[17] acdb_id[512]
07-03 00:51:45.609  1438  1177 D ACDB-LOADER: ACDB -> send_hw_delay : acdb_id = 512 path = 1
07-03 00:51:45.609  1438  1177 D ACDB-LOADER: ACDB -> ACDB_AVSYNC_INFO: ACDB_CMD_GET_DEVICE_PROPERTY
07-03 00:51:45.609  1438  1177 D audio_hw_primary: enable_audio_route: apply mixer and update path: spkr-vi-record
07-03 00:51:45.610  1438  1177 D audio_route: Apply path: spkr-vi-record
07-03 00:51:45.610  2251  2559 I ActivityManager: Start proc 27624:com.bob.agent/u0a373 for next-top-activity {com.bob.agent/com.bob.agent.MainActivity}
07-03 00:51:45.610  3128  3173 W Parcel  : Expecting binder but got null!
07-03 00:51:45.612   664   664 I BpBinder: onLastStrongRef automatically unlinking death recipients: 
07-03 00:51:45.618  2251  2847 D CompatibilityChangeReporter: Compat change id reported: 265195908; UID 10373; state: ENABLED
07-03 00:51:45.618  3128  3157 D WindowManagerShell: onFixedRotationStarted: null, state=PipTransitionState(mState=undefined, mInSwipePipToHomeTransition=false)
07-03 00:51:45.624 27624 27624 I com.bob.agent: Late-enabling -Xcheck:jni
07-03 00:51:45.628  2251  3678 D CoreBackPreview: Window{1f5c45d u0 Splash Screen com.bob.agent}: Setting back callback OnBackInvokedCallbackInfo{mCallback=android.window.IOnBackInvokedCallback$Stub$Proxy@d655fcc, mPriority=0, mIsAnimationCallback=false}
07-03 00:51:45.632  3128  3169 E OpenGLRenderer: Unable to match the desired swap behavior.
07-03 00:51:45.632  1438  1177 W audio_hw_cirrus_playback: spkr_prot_start_processing: ret: 0, state: 3, snd_device: 2
07-03 00:51:45.632  1438  1177 D soundtrigger: audio_extn_sound_trigger_update_stream_status: uc_info->id 1 of type 0 for Event 3, with Raise=0
07-03 00:51:45.632  1438  1177 D audio_hw_utils: audio_extn_utils_send_app_type_cfg: usecase->out_snd_device speaker
07-03 00:51:45.632  1438  1177 I audio_hw_utils: send_app_type_cfg_for_device PLAYBACK app_type 69936, acdb_dev_id 513, sample_rate 48000, snd_device_be_idx 119
07-03 00:51:45.634  1438  1177 I audio_hw_waves: ma_set_output_mode_l: set mode 1 for app_type 69936, successed
07-03 00:51:45.636  1438  1177 E ACDB-LOADER: [acdb_loader_adsp_set_audio_cal] active device/stream not found (result=-100) for topology 0x1000dffb and apptype 0x11130
07-03 00:51:45.636  1438  1177 E ACDB-LOADER: [acdb_loader_adsp_set_audio_cal] set parameters failed with status -100
07-03 00:51:45.637  1438  1177 D android.hardware.audio.service: AcdbCmdSetOnlineData: Unable to set delta file data!
07-03 00:51:45.637  1438  1177 D android.hardware.audio.service: [ACDB Command]->[AcdbCmdSetAudProcInstanceData]->Unable to save delta file data
07-03 00:51:45.637  1438  1177 E ACDB-LOADER: [acdb_loader_store_set_audio_cal] ACDB settting parameters failed -1
07-03 00:51:45.637  1438  1177 D ACDB-LOADER: ACDB -> send_audio_cal, acdb_id = 513, path = 0, app id = 0x11130, sample rate = 48000, afe_sample_rate = 48000
07-03 00:51:45.637  1438  1177 D ACDB-LOADER: ACDB -> send_asm_topology
07-03 00:51:45.637  1438  1177 D ACDB-LOADER: ACDB -> ACDB_CMD_GET_AUDPROC_STREAM_TOPOLOGY_ID
07-03 00:51:45.637  1438  1177 D ACDB-LOADER: ACDB -> send_adm_topology
07-03 00:51:45.637  1438  1177 D ACDB-LOADER: ACDB -> ACDB_CMD_GET_AUDPROC_COMMON_TOPOLOGY_ID
07-03 00:51:45.637  1438  1177 D ACDB-LOADER: ACDB -> send_audtable
07-03 00:51:45.637  1438  1177 D ACDB-LOADER: ACDB -> ACDB_CMD_GET_AUDPROC_INSTANCE_COMMON_TABLE_SIZE
07-03 00:51:45.637  1438  1177 D ACDB-LOADER: ACDB -> ACDB_CMD_GET_AUDPROC_INSTANCE_COMMON_TABLE
07-03 00:51:45.637  1438  1177 D ACDB-LOADER: ACDB -> AUDIO_SET_AUDPROC_CAL cal_type[11] acdb_id[513] app_type[69936]
07-03 00:51:45.637  1438  1177 D ACDB-LOADER: ACDB -> send_audvoltable
07-03 00:51:45.637  1438  1177 D ACDB-LOADER: ACDB -> ACDB_CMD_GET_AUDPROC_INSTANCE_GAIN_DEP_STEP_TABLE_SIZE
07-03 00:51:45.637  1438  1177 D android.hardware.audio.service: Failed to fetch the lookup information of the device 00000201 
07-03 00:51:45.637  1438  1177 D ACDB-LOADER: Error: ACDB_CMD_GET_AUDPROC_INSTANCE_GAIN_DEP_STEP_TABLE_SIZE Returned = -19
07-03 00:51:45.637  1438  1177 D ACDB-LOADER: ACDB -> ACDB_CMD_GET_AUDPROC_INSTANCE_GAIN_DEP_STEP_TABLE, vol index 0
07-03 00:51:45.637  1438  1177 D android.hardware.audio.service: Failed to fetch the lookup information of the device 00000201 
07-03 00:51:45.637  1438  1177 D ACDB-LOADER: Error: ACDB AudProc vol returned = -19
07-03 00:51:45.637  1438  1177 D ACDB-LOADER: ACDB -> AUDIO_SET_VOL_CAL cal type = 12
07-03 00:51:45.637  1438  1177 D ACDB-LOADER: ACDB -> ACDB_CMD_GET_AUDPROC_INSTANCE_STREAM_TABLE_SIZE
07-03 00:51:45.637  1438  1177 D ACDB-LOADER: ACDB -> send_audstrmtable
07-03 00:51:45.637  1438  1177 D ACDB-LOADER: ACDB -> ACDB_CMD_GET_AUDPROC_INSTANCE_STREAM_TABLE
07-03 00:51:45.637  1438  1177 D ACDB-LOADER: ACDB -> audstrm_cal->cal_type.cal_data.cal_size = 536
07-03 00:51:45.637  1438  1177 D ACDB-LOADER: ACDB -> send_afe_topology
07-03 00:51:45.637  1438  1177 D ACDB-LOADER: ACDB -> ACDB_CMD_GET_AFE_TOPOLOGY_ID
07-03 00:51:45.637  1438  1177 D ACDB-LOADER: ACDB -> GET_AFE_TOPOLOGY_ID for adcd_id 513, Topology Id 1000dfa0
07-03 00:51:45.637  1438  1177 D ACDB-LOADER: ACDB -> send_afe_cal
07-03 00:51:45.637  1438  1177 D ACDB-LOADER: ACDB -> ACDB_CMD_GET_AFE_INSTANCE_COMMON_TABLE_SIZE
07-03 00:51:45.637  1438  1177 D ACDB-LOADER: ACDB -> ACDB_CMD_GET_AFE_INSTANCE_COMMON_TABLE
07-03 00:51:45.637  1438  1177 D ACDB-LOADER: ACDB -> AUDIO_SET_AFE_CAL cal_type[16] acdb_id[513]
07-03 00:51:45.637  1438  1177 D ACDB-LOADER: ACDB -> send_hw_delay : acdb_id = 513 path = 0
07-03 00:51:45.637  1438  1177 D ACDB-LOADER: ACDB -> ACDB_AVSYNC_INFO: ACDB_CMD_GET_DEVICE_PROPERTY
07-03 00:51:45.637  1438  1177 D audio_hw_primary: enable_audio_route: apply mixer and update path: low-latency-playback
