07-03 00:51:46.787 18947 18947 I InputMethodEntryManager: oid.libraries.inputmethod.metadata.OverrideKeyboardXmlConditionsDef@b941267), phenotypeFlagId=0, localizationLanguageTag=null, supportsInlineSuggestion=false}, ImeDef{stringId=phone_number, language=und-Latn-x-phone-number, languageTag=und-Latn-x-phone-number, processedConditions={}, className=com.google.android.libraries.inputmethod.ime.DummyIme, label=2132019423, keyEventInterpreter=null, inlineComposing=true, autoCapital=false, announceAutoSelectedCandidate=false, statusIcon=0, indicatorIcon=0, indicatorLabel=null, displayAppCompletions=false, extraValues=ope{}, processors=com.google.android.libraries.inputmethod.metadata.ProcessorsDef@9a638b5, unacceptableMetaKeys=4098, languageSpecificSettings=0, asciiCapable=false, alwaysShowSuggestions=false, useAsciiPasswordKeyboard=false, keyboardGroupDef=KeyboardGroupDef(variant=, variantLabel=0, pkLanguageTag=, pkLayoutType=, dynamicLayout=null, layoutSpecificSettings=[], layoutSpecificTheme=0, order=0, supportsSplitMode=false, supportsOneHandedMode=true, isVariantNameMandatory=false, keyboardDefInfos={prime=KeyboardDefInfo(kbType=prime, initialStates=0, keyboardDefs=[2132215945], extraValues=ope{})}, overrideKeyboardXmlConditions=com.google.android.libraries.inputmethod.metadata.OverrideKeyboardXmlConditionsDef@b7e664f), phenotypeFlagId=0, localizationLanguageTag=null, supportsInlineSuggestion=false}, ImeDef{stringId=date_time, language=und-Latn-x-date-time, languageTag=und-Latn-x-date-time, processedConditions={}, className=com.google.android.libraries.inputmethod.ime.DummyIme, label=2132017769, keyEventInterpreter=null, inlineComposing=true, autoCapital=false, announceAutoSelectedCandidate=false, statusIcon=0, indicatorIcon=0, indicatorLabel=null, displayAppCompletions=false, extraValues=ope{}, processors=com.google.android.libraries.inputmethod.metadata.ProcessorsDef@9a638b5, unacceptableMetaKeys=4098, languageSpecificSettings=0, asciiCapable=false, alwaysShowSuggestions=false, useAsciiPasswordKeyboard=false, keyboardGroupDef=KeyboardGroupDef(variant=, variantLabel=0, pkLanguageTag=, pkLayoutType=, dynamicLayout=null, layoutSpecificSettings=[], layoutSpecificTheme=0, order=0, supportsSplitMode=false, supportsOneHandedMode=true, isVariantNameMandatory=false, keyboardDefInfos={prime=KeyboardDefInfo(kbType=prime, initialStates=0, keyboardDefs=[2132215785], extraValues=ope{})}, overrideKeyboardXmlConditions=com.google.android.libraries.inputmethod.metadata.OverrideKeyboardXmlConditionsDef@6ea8074), phenotypeFlagId=0, localizationLanguageTag=null, supportsInlineSuggestion=false}]
07-03 00:51:46.788 18947 18947 I InputMethodEntryManager: InputMethodEntryManager.onSuccessLoadingAdditionalImeDefs():3178 Additional ImeDefs have been loaded, maybe notify entry change: false
07-03 00:51:46.788 18947 18947 I SystemSubtypesReportModule: SystemSubtypesReportModule$2.onCurrentInputMethodEntryChanged():150 entry: en-US, source: UNSPECIFIED
07-03 00:51:46.788 18947 18947 I GoogleInputMethodService: GoogleInputMethodService.onCurrentInputMethodEntryChanged():2535 onCurrentInputMethodEntryChanged(): imeDefsChanged=false, entryLanguageVariantChanged=false, keyboardContextChanged=false
07-03 00:51:46.788 18947 18947 I GoogleInputMethodService: GoogleInputMethodService.onCurrentInputMethodEntryChanged():2553 Skip the entry change as the input method entry is consider as not changed.
07-03 00:51:46.788 18947 18947 I GoogleInputMethodService: GoogleInputMethodService.onConfigurationChanged():1186 changedMask : 20000480
07-03 00:51:46.788 18947 18947 I GoogleInputMethodService: GoogleInputMethodService.clearInputMethodServiceData():1129 clearInputMethodServiceData for configurationChange
07-03 00:51:46.788 18947 18947 I GoogleInputMethodService: GoogleInputMethodService.discardAllKeyboardViewAndInputView():1374 discardAllKeyboardViewAndInputView()
07-03 00:51:46.788 18947 18947 I AbstractOpenableExtension: AbstractOpenableExtension.maybeDestroyExistingKeyboardGroupManager():536 Destroy existing keyboard group manager in igm
07-03 00:51:46.788 18947 18947 I AbstractOpenableExtension: AbstractOpenableExtension$3.onSuccess():556 KeyboardGroupManager destroyed in igm.
07-03 00:51:46.788 18947 18947 I AbstractOpenableExtension: AbstractOpenableExtension.createKeyboardGroupManagerListenableFuture():121 Create keyboard group manager listenable future in igm
07-03 00:51:46.788 18947 18947 I AbstractOpenableExtension: AbstractOpenableExtension.maybeDestroyExistingKeyboardGroupManager():536 Destroy existing keyboard group manager in fmo
07-03 00:51:46.788 18947 18947 I AbstractOpenableExtension: AbstractOpenableExtension$3.onSuccess():556 KeyboardGroupManager destroyed in fmo.
07-03 00:51:46.788 18947 18947 I AbstractOpenableExtension: AbstractOpenableExtension.createKeyboardGroupManagerListenableFuture():121 Create keyboard group manager listenable future in fmo
07-03 00:51:46.788 18947 18947 I AbstractOpenableExtension: AbstractOpenableExtension.maybeDestroyExistingKeyboardGroupManager():536 Destroy existing keyboard group manager in ijr
07-03 00:51:46.788 18947 18947 I AbstractOpenableExtension: AbstractOpenableExtension$3.onSuccess():556 KeyboardGroupManager destroyed in ijr.
07-03 00:51:46.789 18947 18947 I AbstractOpenableExtension: AbstractOpenableExtension.createKeyboardGroupManagerListenableFuture():121 Create keyboard group manager listenable future in ijr
07-03 00:51:46.789 18947 27374 I KeyboardGroupDefParser: KeyboardGroupDefParser.parseKeyboardGroupDef():72 parseKeyboardGroupDef() 2132213994 -> 0_resource_name_obfuscated : WaitTime = 0 ms : RunTime = 0 ms
07-03 00:51:46.789 18947 27374 I KeyboardGroupDefParser: KeyboardGroupDefParser.parseKeyboardGroupDef():72 parseKeyboardGroupDef() 2132213997 -> 0_resource_name_obfuscated : WaitTime = 0 ms : RunTime = 0 ms
07-03 00:51:46.789 18947 18947 I DeviceModeModule: DeviceModeModule.calculateAndNotify():230 Device mode 'phone' from display metrics 'DisplayMetrics{density=0.0, width=1080, height=2340, scaledDensity=0.0, xdpi=435.428, ydpi=433.839}' or smallestScreenWidthDp: 462
07-03 00:51:46.789 18947 18947 I GoogleInputMethodService: GoogleInputMethodService$8.onWindowMetricsChanged():839 windowMetrics: bounds() = Rect(0, 136 - 1080, 2340), insets() = Rect(0, 0 - 0, 56)
07-03 00:51:46.789 18947 18947 W LatinIMEBase: LatinIMEBase.updateInputViewCoverNavigation():322 Null input view, cannot update padding!
07-03 00:51:46.789 18947 18947 I WindowMetricsNotification: WindowMetricsNotification.notify():158 rwb[bounds=Rect(0, 136 - 1080, 2340), insets=Rect(0, 0 - 0, 56), densityDpi=374, smallestScreenWidthDp=462, displayWidth=1080, displayHeight=2340, xdpi=435.428, ydpi=433.839, isTrustable=true, displayId=0]; DisplayMetrics{density=2.3375, width=1080, height=2340, scaledDensity=2.3375, xdpi=435.428, ydpi=433.839}
07-03 00:51:46.789 18947 18947 I WindowMetricsHelper: WindowMetricsHelper.predictAndNotify():145 Window metrics predicted.
07-03 00:51:46.790 18947 18947 I GoogleInputMethodService: GoogleInputMethodService.initializeInputMethodServiceData():894 initializeInputMethodServiceData for ntv{languageTag=en-US, variant=qwerty, hasLocalizedResources=true, conditionCacheKey=_android_software_xr_api_spatial=false_app_first_start_timestamp=1725788820830_device=phone_device_size=default_enable_free_cursor_by_long_press_space=true_enable_number_row=false_enable_number_row_in_password=true_enable_pk_simulator=false_enable_pk_simulator_setting=false_enable_scrub_move=true_enable_secondary_digits=true_enable_secondary_symbols=false_expressions=normal_four_or_more_letter_rows=false_free_cursor=false_keyboard_font_size_setting=_keyboard_mode=normal_language=en-US_layout_9key_split=false_orientation=portrait_physical_keyboard=nokeys_pk_simulator_vk_ready=false_pref_enable_flick_symbols=false_rtl_layout=false_show_comma_key=true_show_period_key=true_show_secondary_digits=true_show_suggestion_strip=true_show_suggestions=true_split_with_duplicate_keys=true_true=true_variant=qwerty_writing_helper_enable_by_word_revert=false, imeDef.stringId=ime_english_united_states, imeDef.className=com.google.android.apps.inputmethod.libs.latin5.LatinIme, imeDef.languageTag=en-US}
07-03 00:51:46.790 18947 18947 I Gm3ColorTokenStyleSheetProvider: Gm3ColorTokenStyleSheetProvider.isMonochromaticMode():312 Detected monochromatic mode
07-03 00:51:46.790 18947 19019 E UserFeatureCache: UserFeatureCache.getStore():806 Wrong feature id provided -1 for protobuf qlq.
07-03 00:51:46.791 18947 27374 I KeyboardGroupDefParser: KeyboardGroupDefParser.parseKeyboardGroupDef():72 parseKeyboardGroupDef() 2132213998 -> 0_resource_name_obfuscated : WaitTime = 2 ms : RunTime = 0 ms
07-03 00:51:46.791  2251  2543 I InputManager-JNI: Viewport [0] to add: local:4630946523002478721, isActive: true
07-03 00:51:46.791 13509 13509 I cgkw    : (REDACTED) onApplyWindowInsets: systemWindowInsets=%s
07-03 00:51:46.791 13509 13509 I cgkw    : (REDACTED) onApplyWindowInsets: systemWindowInsets=%s
07-03 00:51:46.792 13379 13379 D b/254119092: DisplayInfoChangeListener#CHANGE_ROTATION
07-03 00:51:46.792 13379 13379 D b/254119092: mActivity and mContext agree taskbarIsPresent=false
07-03 00:51:46.793  2251  2874 I InputReader: Reconfiguring input devices, changes=DISPLAY_INFO
07-03 00:51:46.794  3128  3157 D WindowManagerShell: onFixedRotationFinished: null, state=PipTransitionState(mState=undefined, mInSwipePipToHomeTransition=false)
07-03 00:51:46.794 18947 18947 I KeyboardThemeProvider: KeyboardThemeProvider.applyKeyboardTheme():27 Apply keyboard theme: theme,!gsf,!pgsf,!use_system_font,BORDER,FLAVOR_DPI=XXHDPI,KEYBOARD_WIDTH_CATEGORY=NORMAL,KEY_BORDER_SHAPE=1,LIGHT_THEME=false,PHYSICAL_DIAGONAL=6.5625324,POPUP,SCREEN_SHORTEST_WIDTH=462,SCREEN_SHORTEST_WIDTH_NO_SCALE=462,SW400DP,XXHDPI,bottom4dp,enable_popup_on_keypress=true,non_linear_scale,noshadow,overlay_builtin_dynamic_color_dark_base.binarypb:gm3-dark-ff131313-ffffffff-07ab881c0c14ce36bf0ba41494a330db,pgsans,silkpopup
07-03 00:51:46.794 18947 18947 I InputMethodEntryManager: InputMethodEntryManager.getAdditionalImeDefs():2490 getAdditionalImeDefs() called, flag enabled: false, isUserUnlocked: true
07-03 00:51:46.794  3128  3157 V WindowManagerShell: Display changed: 0
07-03 00:51:46.794 18947 18947 I InputMethodEntryManager: InputMethodEntryManager.getAdditionalImeDefs():2498 OptimizeAdditionalImeDefLoadingFlag disabled, retrieving additional ImeDefs synchronously for entry: ntv{languageTag=en-US, variant=qwerty, hasLocalizedResources=true, conditionCacheKey=_android_software_xr_api_spatial=false_app_first_start_timestamp=1725788820830_device=phone_device_size=default_enable_free_cursor_by_long_press_space=true_enable_number_row=false_enable_number_row_in_password=true_enable_pk_simulator=false_enable_pk_simulator_setting=false_enable_scrub_move=true_enable_secondary_digits=true_enable_secondary_symbols=false_expressions=normal_four_or_more_letter_rows=false_free_cursor=false_keyboard_font_size_setting=_keyboard_mode=normal_language=en-US_layout_9key_split=false_orientation=portrait_physical_keyboard=nokeys_pk_simulator_vk_ready=false_pref_enable_flick_symbols=false_rtl_layout=false_show_comma_key=true_show_period_key=true_show_secondary_digits=true_show_suggestion_strip=true_show_suggestions=true_split_with_duplicate_keys=true_true=true_variant=qwerty_writing_helper_enable_by_word_revert=false, imeDef.stringId=ime_english_united_states, imeDef.className=com.google.android.apps.inputmethod.libs.latin5.LatinIme, imeDef.languageTag=en-US}
07-03 00:51:46.794 18947 18947 I InputBundle: InputBundle.prefetchKeyboard():670 prefetchKeyboard: prime
07-03 00:51:46.794 18947 18947 I KeyboardDefManager: KeyboardDefManager.requestKeyboardDef():128 requestKeyboardDef(): type=prime, info=oqm{defIds=[#0x7f1705fa, #0x7f170891], defIdsCacheKey=[2132215290, 2132215953]}
07-03 00:51:46.794 18947 18947 I KeyboardDefManager: KeyboardDefManager.requestKeyboardDef():195 requestKeyboardDef(): getOrCreate from cache, info=oqm{defIds=[#0x7f1705fa, #0x7f170891], defIdsCacheKey=[2132215290, 2132215953]}
07-03 00:51:46.795 18947 18947 I KeyboardDefManager: KeyboardDefManager$Companion$addFutureCallbackForKeyboardDefReceiver$1.onSuccess():425 requestKeyboardDef onSuccess(): info=oqm{defIds=[#0x7f1705fa, #0x7f170891], defIdsCacheKey=[2132215290, 2132215953]}
07-03 00:51:46.795 18947 18947 I KeyboardInterfacePrivate: IKeyboard.createKeyboard():71 Keyboard created from HiltKeyboardFactory: com.google.android.apps.inputmethod.latin.keyboard.LatinPrimeKeyboard
07-03 00:51:46.795 18947 18947 I InputBundleManager: InputBundleManager.loadActiveInputBundleId():552 loadActiveInputBundleId: und-Latn-x-password, password
07-03 00:51:46.797 18947 18947 I GoogleInputMethodService: GoogleInputMethodService.onStartInput():1459 onStartInput(EditorInfo{EditorInfo{packageName=com.google.android.apps.nexuslauncher, inputType=0, inputTypeString=NULL, enableLearning=false, autoCorrection=false, autoComplete=false, imeOptions=0, privateImeOptions=null, actionName=UNSPECIFIED, actionLabel=null, initialSelStart=-1, initialSelEnd=-1, initialCapsMode=0, label=null, fieldId=0, fieldName=null, extras=null, hintText=null, hintLocales=[]}}, true)
07-03 00:51:46.797 18947 18947 W SessionManager: SessionManager.beginSession():72 Try to begin an already begun session [INPUT_SESSION], end it first
07-03 00:51:46.797 18947 18947 W LatinIMEBase: LatinIMEBase.updateInputViewCoverNavigation():322 Null input view, cannot update padding!
07-03 00:51:46.797 18947 18947 I Module  : DeviceLockedStatusModuleProvider$Module.updateDeviceLockedStatusInternal():128 repeatCheckTimes = 1, locked = false
07-03 00:51:46.798 18947 18947 W PrimesLoggerHolder: FrameMetricServiceImpl.start():170 measurement already started: MeasurementKey{rawStringEventName=null, noPiiEventName=OnConfigurationChanged, isActivity=false}
07-03 00:51:46.798  2251  3668 W PackageConfigPersister: App-specific configuration not found for packageName: com.google.android.apps.nexuslauncher and userId: 0
07-03 00:51:46.798 18947 19024 I SP      : Registering content_cache.2024032915, url: https://www.gstatic.com/android/keyboard/modelpack/contentcache/202403291544/superpacks_manifest.json, constraints: W:*:*:*, flags: bg, requested: 2024032915, current: 2024032915
07-03 00:51:46.799 18947 19024 I SP      : Syncing emoticon_content_description (2022081613) with slices: [7a635888cb828dfa2fc744b7b9b50f04, 3c27e76d2c13b8d849a3711831ff8dbd], metadata: false
07-03 00:51:46.800 18947 19024 I SuperpacksManagerImpl: SuperpacksManagerImpl$3$1.onSuccess():552 content_cache.registerManifest() succeeded
07-03 00:51:46.800 18947 19019 E UserFeatureCache: UserFeatureCache.getProto():730 Feature not enabled should not called: 19
07-03 00:51:46.801 18947 19019 W LatinCommonMetricsProcessor: LatinCommonMetricsProcessor.processInputMethodEntryChanged():2562 The new entry is equal to the old entry
07-03 00:51:46.804  3128  3169 E OpenGLRenderer: Unable to match the desired swap behavior.
07-03 00:51:46.815  2251  2540 V WindowManager: Sent Transition #93 createdAt=07-03 00:51:46.723 via request=TransitionRequestInfo { type = CHANGE, triggerTask = null, remoteTransition = null, displayChange = DisplayChange { displayId = 0, startAbsBounds = null, endAbsBounds = null, startRotation = 1, endRotation = 0, physicalDisplayChanged = false } }
07-03 00:51:46.815  2251  2540 V WindowManager:     startWCT=WindowContainerTransaction { changes = {} hops = [] errorCallbackToken=null taskFragmentOrganizer=null }
07-03 00:51:46.816  3128  3169 E OpenGLRenderer: Unable to match the desired swap behavior.
07-03 00:51:46.816  2251  2540 V WindowManager:     info={id=93 t=CHANGE f=0x0 trk=0 r=[0@Point(0, 0)] c=[{WCT{RemoteToken{7c387ec Task{d63b4d5 #1 type=home}}} m=CHANGE f=SHOW_WALLPAPER p=WCT{RemoteToken{c8e41be DefaultTaskDisplayArea@124436253}} leash=Surface(name=Task=1)/@0x2b40ab0 sb=Rect(0, 0 - 2340, 1080) eb=Rect(0, 0 - 1080, 2340) d=0 r=1->0:0},{WCT{RemoteToken{c8e41be DefaultTaskDisplayArea@124436253}} m=CHANGE f=SHOW_WALLPAPER p=WCT{RemoteToken{a177641 Display{#0 state=ON size=1080x2340 ROTATION_0}}} leash=Surface(name=DefaultTaskDisplayArea)/@0xc7f6df3 sb=Rect(0, 0 - 2340, 1080) eb=Rect(0, 0 - 1080, 2340) d=0 r=1->0:-1},{WCT{RemoteToken{a177641 Display{#0 state=ON size=1080x2340 ROTATION_0}}} m=CHANGE f=SHOW_WALLPAPER|IS_DISPLAY leash=Surface(name=WindowedMagnification:0:31)/@0x42b9301 sb=Rect(0, 0 - 2340, 1080) eb=Rect(0, 0 - 1080, 2340) d=0 r=1->0:3}]}
07-03 00:51:46.825  3128  3157 V WindowManagerShell: onTransitionReady android.os.BinderProxy@1061d58: {id=93 t=CHANGE f=0x0 trk=0 r=[0@Point(0, 0)] c=[{WCT{android.window.IWindowContainerToken$Stub$Proxy@187621} m=CHANGE f=SHOW_WALLPAPER p=WCT{android.window.IWindowContainerToken$Stub$Proxy@cee8a46} leash=Surface(name=Task=1)/@0xa877db3 sb=Rect(0, 0 - 2340, 1080) eb=Rect(0, 0 - 1080, 2340) d=0 r=1->0:0},{WCT{android.window.IWindowContainerToken$Stub$Proxy@7d66407} m=CHANGE f=SHOW_WALLPAPER p=WCT{android.window.IWindowContainerToken$Stub$Proxy@d2ce934} leash=Surface(name=DefaultTaskDisplayArea)/@0xf6f3f70 sb=Rect(0, 0 - 2340, 1080) eb=Rect(0, 0 - 1080, 2340) d=0 r=1->0:-1},{WCT{android.window.IWindowContainerToken$Stub$Proxy@d65535d} m=CHANGE f=SHOW_WALLPAPER|IS_DISPLAY leash=Surface(name=WindowedMagnification:0:31)/@0x85252e9 sb=Rect(0, 0 - 2340, 1080) eb=Rect(0, 0 - 1080, 2340) d=0 r=1->0:3}]}
07-03 00:51:46.825  3128  3157 V WindowManagerShell: Playing animation for (#93)android.os.BinderProxy@1061d58@0
07-03 00:51:46.826  3128  3157 V WindowManagerShell:  try handler com.android.wm.shell.transition.DefaultMixedHandler@79f4ed0
07-03 00:51:46.826  3128  3157 V WindowManagerShell:  try handler com.android.wm.shell.keyguard.KeyguardTransitionHandler@db81ec9
07-03 00:51:46.826  3128  3157 V WindowManagerShell:  try handler com.android.wm.shell.activityembedding.ActivityEmbeddingController@93c89ce
07-03 00:51:46.826  3128  3157 V WindowManagerShell:  try handler com.android.wm.shell.recents.RecentsTransitionHandler@417a0ef
07-03 00:51:46.826  3128  3157 V ShellRecents: RecentsTransitionHandler.startAnimation: no controller found
07-03 00:51:46.826  3128  3157 V WindowManagerShell:  try handler com.android.wm.shell.pip.PipTransition@8f287fc
07-03 00:51:46.826  3128  3157 V WindowManagerShell:  try handler com.android.wm.shell.splitscreen.StageCoordinator@d9ade85
07-03 00:51:46.826  3128  3157 V WindowManagerShell:  try handler com.android.wm.shell.transition.RemoteTransitionHandler@a9b74da
07-03 00:51:46.826  3128  3157 V WindowManagerShell:  try handler com.android.wm.shell.transition.DefaultTransitionHandler@8acbee7
07-03 00:51:46.826  3128  3157 V WindowManagerShell: start default transition animation, info = {id=93 t=CHANGE f=0x0 trk=0 r=[0@Point(0, 0)] c=[{WCT{android.window.IWindowContainerToken$Stub$Proxy@187621} m=CHANGE f=SHOW_WALLPAPER p=WCT{android.window.IWindowContainerToken$Stub$Proxy@cee8a46} leash=Surface(name=Task=1)/@0xa877db3 sb=Rect(0, 0 - 2340, 1080) eb=Rect(0, 0 - 1080, 2340) d=0 r=1->0:0},{WCT{android.window.IWindowContainerToken$Stub$Proxy@7d66407} m=CHANGE f=SHOW_WALLPAPER p=WCT{android.window.IWindowContainerToken$Stub$Proxy@d2ce934} leash=Surface(name=DefaultTaskDisplayArea)/@0xf6f3f70 sb=Rect(0, 0 - 2340, 1080) eb=Rect(0, 0 - 1080, 2340) d=0 r=1->0:-1},{WCT{android.window.IWindowContainerToken$Stub$Proxy@d65535d} m=CHANGE f=SHOW_WALLPAPER|IS_DISPLAY leash=Surface(name=WindowedMagnification:0:31)/@0x85252e9 sb=Rect(0, 0 - 2340, 1080) eb=Rect(0, 0 - 1080, 2340) d=0 r=1->0:3}]}
07-03 00:51:46.826  3128  3157 V WindowManagerShell: Display is changing, resolve the animation hint.
07-03 00:51:46.826  3128  3157 V WindowManagerShell:   display requests explicit seamless
07-03 00:51:46.829  3128  3157 V WindowManagerShell: Transition animation finished (aborted=false), notifying core (#93)android.os.BinderProxy@1061d58@0
07-03 00:51:46.831  2251  2540 V WindowManager: Finish Transition #93: created at 07-03 00:51:46.723 collect-started=0.1ms request-sent=0.46ms started=68.101ms ready=70.48ms sent=91.601ms finished=107.772ms
07-03 00:51:46.835 18947 19024 I SP      : Syncing content_cache (2024032915) with slices: [74ed8b2e38ec1bc8af70aa63d8ec49de, 8722425f4121ffdea802b1066df73991, fa1da98da1212aad6fb9a8efaff48148], metadata: true
07-03 00:51:46.840  2251  4629 I WindowManager: finishDrawing of orientation change: Window{cf0ed6b u0 ScreenDecorOverlay} 54ms
07-03 00:51:46.840  3128  3157 V WindowManagerShell: Track 0 became idle
07-03 00:51:46.840  3128  3157 V WindowManagerShell: All active transition animations finished
07-03 00:51:46.840  3128  3157 V WindowManagerShell:  animated by com.android.wm.shell.transition.DefaultTransitionHandler@8acbee7
07-03 00:51:46.840  3128  3157 V WindowManagerShell: Track 0 became idle
07-03 00:51:46.840  3128  3157 V WindowManagerShell: All active transition animations finished
07-03 00:51:46.845  3128  3128 I NoBackGesture: Config changed: newConfig={1.0 ?mcc0mnc [en_US,zh_CN_#Hans] ldltr sw462dp w462dp h919dp 374dpi nrml long hdr widecg port night finger -keyb/v/h -nav/h winConfig={ mBounds=Rect(0, 0 - 1080, 2340) mAppBounds=Rect(0, 136 - 1080, 2284) mMaxBounds=Rect(0, 0 - 1080, 2340) mDisplayRotation=ROTATION_0 mWindowingMode=fullscreen mDisplayWindowingMode=fullscreen mActivityType=undefined mAlwaysOnTop=undefined mRotation=ROTATION_0} s.295 fontWeightAdjustment=0} lastReportedConfig={1.0 ?mcc0mnc [en_US,zh_CN_#Hans] ldltr sw462dp w462dp h919dp 374dpi nrml long hdr widecg port night finger -keyb/v/h -nav/h winConfig={ mBounds=Rect(0, 0 - 1080, 2340) mAppBounds=Rect(0, 136 - 1080, 2284) mMaxBounds=Rect(0, 0 - 1080, 2340) mDisplayRotation=ROTATION_0 mWindowingMode=fullscreen mDisplayWindowingMode=fullscreen mActivityType=undefined mAlwaysOnTop=undefined mRotation=ROTATION_0} s.295 fontWeightAdjustment=0}
07-03 00:51:46.847   664  3651 I BpBinder: onLastStrongRef automatically unlinking death recipients: 
07-03 00:51:46.847  3128  3169 E OpenGLRenderer: Unable to match the desired swap behavior.
07-03 00:51:46.848  2251  2543 W ActivityManager: setHasOverlayUi called on unknown pid: 27624
07-03 00:51:46.853  3128  3169 E OpenGLRenderer: Unable to match the desired swap behavior.
07-03 00:51:46.860  2251  3678 I WindowManager: finishDrawing of orientation change: Window{326ca14 u0 NavigationBar0} 75ms
07-03 00:51:46.864  2251  3127 I WindowManager: finishDrawing of orientation change: Window{a51325e u0 ScreenDecorOverlayBottom} 79ms
07-03 00:51:46.869 18947 19024 I SP      : Sync for emoticon_content_description succeeded in 71 ms: no changes
07-03 00:51:46.869 18947 19024 I SP      : GC for 'emoticon_content_description' (10) with ttl of 0 ms took 0 ms (0/0/0)
07-03 00:51:46.869 18947 19024 I SuperpacksManagerImpl: SuperpacksManagerImpl$19.onSyncSuccess():947 emoticon_content_description.sync() succeeded
07-03 00:51:46.877 18947 19024 I SP      : Sync for content_cache succeeded in 43 ms: no changes
07-03 00:51:46.877 18947 19024 I SP      : GC for 'content_cache' (10) with ttl of 0 ms took 0 ms (0/0/0)
07-03 00:51:46.877 18947 19024 I SuperpacksManagerImpl: SuperpacksManagerImpl$19.onSyncSuccess():947 content_cache.sync() succeeded
07-03 00:51:46.880   664   664 E BpTransactionCompletedListener: Failed to transact (-32)
07-03 00:51:46.889  3128  3169 E OpenGLRenderer: Unable to match the desired swap behavior.
07-03 00:51:46.894  2251  3127 I WindowManager: finishDrawing of orientation change: Window{171055d u0 StatusBar} 110ms
07-03 00:51:46.902  2251  3257 D CompatibilityChangeReporter: Compat change id reported: 271850009; UID 10176; state: ENABLED
07-03 00:51:46.922 27531 27568 D CompatibilityChangeReporter: Compat change id reported: 183155436; UID 10176; state: ENABLED
07-03 00:51:46.923 27531 27568 W ComponentDiscovery: Class com.google.firebase.installations.FirebaseInstallationsKtxRegistrar is not an found.
07-03 00:51:46.955 23013 23013 D BoundBrokerSvc: onBind: Intent { act=com.google.android.gms.udc.service.START dat=chimera-action:/... cmp=com.google.android.gms/.chimera.PersistentApiService }
07-03 00:51:46.955 23013 23013 D BoundBrokerSvc: Loading bound service for intent: Intent { act=com.google.android.gms.udc.service.START dat=chimera-action:/... cmp=com.google.android.gms/.chimera.PersistentApiService }
07-03 00:51:46.963 23013 23013 D BoundBrokerSvc: onRebind: Intent { act=com.google.android.gms.libs.gmscorelogger.service.START dat=chimera-action:/... cmp=com.google.android.gms/.chimera.PersistentDirectBootAwareApiService }
07-03 00:51:46.968  2951  2951 D BoundBrokerSvc: onRebind: Intent { act=com.google.android.gms.semanticlocationhistory.service.START dat=chimera-action:/... cmp=com.google.android.gms/.chimera.GmsApiService }
07-03 00:51:46.984 27531 27674 W android.youtube: ClassLoaderContext classpath size mismatch. expected=1, found=0 (DLC[];PCL[base.apk*1867988602]{PCL[/system/framework/org.apache.http.legacy.jar*365604909]#PCL[/system/framework/com.android.location.provider.jar*3994156537]#PCL[/system/framework/com.android.media.remotedisplay.jar*2114713712]} | DLC[];PCL[])
07-03 00:51:47.031 23013 27673 I DropBoxUtil: (REDACTED) Reading dropbox entry with tag %s and timestamp %d
07-03 00:51:47.033 23013 27673 I DropBoxUtil: (REDACTED) Reading dropbox entry with tag %s and timestamp %d
07-03 00:51:47.035 23013 23193 I FontLog : (REDACTED) Received query %s, URI %s
07-03 00:51:47.036 23013 23193 I FontLog : (REDACTED) Query [%s] resolved to %s
07-03 00:51:47.037 23013 27673 I DropBoxUtil: (REDACTED) Reading dropbox entry with tag %s and timestamp %d
07-03 00:51:47.038 23013 23193 I FontLog : (REDACTED) Fetch %s end status %s
07-03 00:51:47.039 23013 27673 I DropBoxUtil: (REDACTED) Reading dropbox entry with tag %s and timestamp %d
07-03 00:51:47.041 23013 27673 I DropBoxUtil: (REDACTED) Reading dropbox entry with tag %s and timestamp %d
07-03 00:51:47.042 23013 23193 I FontLog : (REDACTED) Pulling font file for id = %d, cache size = %d
07-03 00:51:47.043 23013 27673 I DropBoxUtil: (REDACTED) Reading dropbox entry with tag %s and timestamp %d
07-03 00:51:47.047 23013 23193 I FontLog : (REDACTED) Pulling font file for id = %d, cache size = %d
07-03 00:51:47.053   655   685 W keystore2: system/security/keystore2/src/remote_provisioning.rs:102 - Error occurred: system/security/keystore2/src/rkpd_client.rs:226: Trying to get to IRegistration service.
07-03 00:51:47.053   655   685 W keystore2: 
07-03 00:51:47.053   655   685 W keystore2: Caused by:
07-03 00:51:47.053   655   685 W keystore2:     0: system/security/keystore2/src/rkpd_client.rs:120: Trying to get IRPC name.
07-03 00:51:47.053   655   685 W keystore2:     1: system/security/keystore2/src/globals.rs:440
07-03 00:51:47.053   655   685 W keystore2:     2: Error::Km(r#HARDWARE_TYPE_UNAVAILABLE)
07-03 00:51:47.071   623   623 D libnos_transport: Calling App 0x02 with params 0x0001
07-03 00:51:47.072   623   623 E libnos_datagram: can't send spi message: Try again
07-03 00:51:47.077   623   623 E libnos_datagram: can't send spi message: Try again
07-03 00:51:47.081 27531 27685 I FA      : App measurement initialized, version: 175001
07-03 00:51:47.083   623   623 E libnos_datagram: can't send spi message: Try again
07-03 00:51:47.084 27531 27685 I FA      : To enable debug logging run: adb shell setprop log.tag.FA VERBOSE
07-03 00:51:47.085 27531 27685 I FA      : To enable faster debug mode event logging run:
07-03 00:51:47.085 27531 27685 I FA      :   adb shell setprop debug.firebase.analytics.app com.google.android.youtube
07-03 00:51:47.088   623   623 E libnos_datagram: can't send spi message: Try again
07-03 00:51:47.094   623   623 E libnos_datagram: can't send spi message: Try again
07-03 00:51:47.100   623   623 E libnos_datagram: can't send spi message: Try again
07-03 00:51:47.106   623   623 D libnos_transport: App 0x02 check status=0x00000000 reply_len=0 protocol=1 flags=0x0000
07-03 00:51:47.106   623   623 D libnos_transport: Send app 2 command data (58 bytes)
07-03 00:51:47.108   623   623 D libnos_transport: Send app 2 go command 0x00020001
07-03 00:51:47.108   623   623 D libnos_transport: Polling app 2
07-03 00:51:47.115   623   623 D libnos_transport: App 0x02 poll=16 status=0x00000000 reply_len=0 flags=0x0001
07-03 00:51:47.123   623   623 D libnos_transport: App 0x02 poll=32 status=0x00000000 reply_len=0 flags=0x0001
07-03 00:51:47.132  2951 27699 D AdvertisingIdClient: AdvertisingIdClient already created.
07-03 00:51:47.132  2951 27699 D AdvertisingIdClient: AdvertisingIdClient is not bounded. Starting to bind it...
07-03 00:51:47.132   623   623 D libnos_transport: App 0x02 poll=48 status=0x00000000 reply_len=0 flags=0x0001
07-03 00:51:47.135  2951 27699 D AdvertisingIdClient: AdvertisingIdClient is bounded
07-03 00:51:47.137  2951 27699 I AdvertisingIdClient: shouldSendLog 1299473298
07-03 00:51:47.137  2951 27699 I AdvertisingIdClient: GetInfoInternal elapse 6ms
07-03 00:51:47.140   623   623 D libnos_transport: App 0x02 poll=64 status=0x00000000 reply_len=0 flags=0x0001
07-03 00:51:47.149   623   623 D libnos_transport: App 0x02 poll=80 status=0x00000000 reply_len=0 flags=0x0001
07-03 00:51:47.158   623   623 D libnos_transport: App 0x02 poll=96 status=0x00000000 reply_len=0 flags=0x0001
07-03 00:51:47.167   623   623 D libnos_transport: App 0x02 polled=101 status=0x80000000 reply_len=1658 flags=0x0000
07-03 00:51:47.167   623   623 D libnos_transport: Read app 2 reply data (1658 bytes)
07-03 00:51:47.179   623   623 D libnos_transport: App 0x02 returning 0x0
07-03 00:51:47.189 27531 27571 E OfflineAccountSwitcherS: Could not resolve accountId while getting offline account items
07-03 00:51:47.189 27531 27571 E OfflineAccountSwitcherS: auxj: Could not find direct account with account name.
07-03 00:51:47.189 27531 27571 E OfflineAccountSwitcherS: 	at abnq.apply(PG:242)
07-03 00:51:47.189 27531 27571 E OfflineAccountSwitcherS: 	at avod.apply(PG:17)
07-03 00:51:47.189 27531 27571 E OfflineAccountSwitcherS: 	at axab.c(PG:3)
07-03 00:51:47.189 27531 27571 E OfflineAccountSwitcherS: 	at axac.run(PG:47)
07-03 00:51:47.189 27531 27571 E OfflineAccountSwitcherS: 	at ugg.run(PG:7)
07-03 00:51:47.189 27531 27571 E OfflineAccountSwitcherS: 	at awve.run(PG:44)
07-03 00:51:47.189 27531 27571 E OfflineAccountSwitcherS: 	at uhg.run(PG:834)
07-03 00:51:47.189 27531 27571 E OfflineAccountSwitcherS: 	at fts.run(PG:1115)
07-03 00:51:47.189 27531 27571 E OfflineAccountSwitcherS: 	at java.lang.Thread.run(Thread.java:1572)
07-03 00:51:47.189 27531 27571 E OfflineAccountSwitcherS: 	at uhf.run(PG:61)
07-03 00:51:47.193   623   623 D libnos_transport: Calling App 0x02 with params 0x0002
07-03 00:51:47.194   623   623 D libnos_transport: App 0x02 check status=0x00000000 reply_len=0 protocol=1 flags=0x0000
07-03 00:51:47.194   623   623 D libnos_transport: Send app 2 command data (1542 bytes)
07-03 00:51:47.206   623   623 D libnos_transport: Send app 2 go command 0x00020002
07-03 00:51:47.206   623   623 D libnos_transport: Polling app 2
07-03 00:51:47.215   623   623 D libnos_transport: App 0x02 poll=16 status=0x00000000 reply_len=0 flags=0x0001
07-03 00:51:47.216   623   623 D libnos_transport: App 0x02 polled=19 status=0x80000000 reply_len=116 flags=0x0000
07-03 00:51:47.216   623   623 D libnos_transport: Read app 2 reply data (116 bytes)
07-03 00:51:47.218   623   623 D libnos_transport: App 0x02 returning 0x0
07-03 00:51:47.222   624   624 I android.hardware.keymaster@4.1-service.citadel: Batch attestation requested.
07-03 00:51:47.222   623   623 D libnos_transport: Calling App 0x02 with params 0x0005
07-03 00:51:47.223   623   623 D libnos_transport: App 0x02 check status=0x00000000 reply_len=0 protocol=1 flags=0x0000
07-03 00:51:47.223   623   623 D libnos_transport: Send app 2 command data (1803 bytes)
07-03 00:51:47.235   623   623 D libnos_transport: Send app 2 go command 0x00020005
07-03 00:51:47.235   623   623 D libnos_transport: Polling app 2
07-03 00:51:47.242   623   623 D libnos_transport: App 0x02 poll=16 status=0x00000000 reply_len=0 flags=0x0001
07-03 00:51:47.248   623   623 D libnos_transport: App 0x02 poll=32 status=0x00000000 reply_len=0 flags=0x0001
07-03 00:51:47.251   623   623 D libnos_transport: App 0x02 polled=39 status=0x80000000 reply_len=468 flags=0x0000
07-03 00:51:47.251   623   623 D libnos_transport: Read app 2 reply data (468 bytes)
07-03 00:51:47.255   623   623 D libnos_transport: App 0x02 returning 0x0
07-03 00:51:47.258   623   623 D libnos_transport: Calling App 0x02 with params 0x001a
07-03 00:51:47.259   623   623 D libnos_transport: App 0x02 check status=0x00000000 reply_len=0 protocol=1 flags=0x0000
07-03 00:51:47.259   623   623 D libnos_transport: Send app 2 command data (238 bytes)
07-03 00:51:47.261   623   623 D libnos_transport: Send app 2 go command 0x0002001a
07-03 00:51:47.261   623   623 D libnos_transport: Polling app 2
07-03 00:51:47.265   623   623 D libnos_transport: App 0x02 polled=7 status=0x80000000 reply_len=228 flags=0x0000
07-03 00:51:47.265   623   623 D libnos_transport: Read app 2 reply data (228 bytes)
07-03 00:51:47.267   623   623 D libnos_transport: App 0x02 returning 0x0
07-03 00:51:47.267   623   660 D libnos_transport: Calling App 0x02 with params 0x001b
07-03 00:51:47.268   623   660 D libnos_transport: App 0x02 check status=0x00000000 reply_len=0 protocol=1 flags=0x0000
07-03 00:51:47.268   623   660 D libnos_transport: Send app 2 command data (13 bytes)
07-03 00:51:47.268   623   660 D libnos_transport: Send app 2 go command 0x0002001b
07-03 00:51:47.269   623   660 D libnos_transport: Polling app 2
07-03 00:51:47.277   623   660 D libnos_transport: App 0x02 poll=16 status=0x00000000 reply_len=0 flags=0x0001
07-03 00:51:47.286   623   660 D libnos_transport: App 0x02 poll=32 status=0x00000000 reply_len=0 flags=0x0001
07-03 00:51:47.294   623   660 D libnos_transport: App 0x02 poll=48 status=0x00000000 reply_len=0 flags=0x0001
07-03 00:51:47.302   623   660 D libnos_transport: App 0x02 poll=64 status=0x00000000 reply_len=0 flags=0x0001
07-03 00:51:47.312   623   660 D libnos_transport: App 0x02 poll=80 status=0x00000000 reply_len=0 flags=0x0001
07-03 00:51:47.321   623   660 D libnos_transport: App 0x02 poll=96 status=0x00000000 reply_len=0 flags=0x0001
07-03 00:51:47.328   623   660 D libnos_transport: App 0x02 poll=112 status=0x00000000 reply_len=0 flags=0x0001
07-03 00:51:47.336   623   660 D libnos_transport: App 0x02 poll=128 status=0x00000000 reply_len=0 flags=0x0001
07-03 00:51:47.344   623   660 D libnos_transport: App 0x02 poll=144 status=0x00000000 reply_len=0 flags=0x0001
07-03 00:51:47.345   623   660 D libnos_transport: App 0x02 polled=145 status=0x80000000 reply_len=90 flags=0x0000
07-03 00:51:47.345   623   660 D libnos_transport: Read app 2 reply data (90 bytes)
07-03 00:51:47.346   623   660 D libnos_transport: App 0x02 returning 0x0
07-03 00:51:47.375   623   660 D libnos_transport: Calling App 0x02 with params 0x0007
07-03 00:51:47.376   623   660 D libnos_transport: App 0x02 check status=0x00000000 reply_len=0 protocol=1 flags=0x0000
07-03 00:51:47.376   623   660 D libnos_transport: Send app 2 command data (1542 bytes)
07-03 00:51:47.387   623   660 D libnos_transport: Send app 2 go command 0x00020007
07-03 00:51:47.387   623   660 D libnos_transport: Polling app 2
07-03 00:51:47.389   623   660 D libnos_transport: App 0x02 polled=4 status=0x80000000 reply_len=0 flags=0x0000
07-03 00:51:47.389   623   660 D libnos_transport: App 0x02 returning 0x0
07-03 00:51:47.391 23013 27673 I PlatformStatsUtil: (REDACTED) Uploading %d dropbox entries to Clearcut
07-03 00:51:47.395   623   660 D libnos_transport: Calling App 0x02 with params 0x0000
07-03 00:51:47.396   623   660 D libnos_transport: App 0x02 check status=0x00000000 reply_len=0 protocol=1 flags=0x0000
07-03 00:51:47.396   623   660 D libnos_transport: Send app 2 command data (66 bytes)
07-03 00:51:47.397   623   660 D libnos_transport: Send app 2 go command 0x00020000
07-03 00:51:47.397   623   660 D libnos_transport: Polling app 2
07-03 00:51:47.398   623   660 D libnos_transport: App 0x02 polled=2 status=0x80000000 reply_len=0 flags=0x0000
07-03 00:51:47.398   623   660 D libnos_transport: App 0x02 returning 0x0
07-03 00:51:47.515  1456  2902 I sensors-hal: [ssc_utils]get_qmi_debug_flag:243, support_qmi_debug : false
07-03 00:51:47.671 27531 27531 D CompatibilityChangeReporter: Compat change id reported: 147600208; UID 10176; state: ENABLED
07-03 00:51:47.675  2251  3127 D CompatibilityChangeReporter: Compat change id reported: 183164979; UID 10176; state: ENABLED
07-03 00:51:47.755  1456  1639 D VSC     : @ 1300384.468: [WO] Proposed rotation: 1, flat angle threshold: 40
07-03 00:51:47.755  1456  1639 D VSC     : @ 1300384.468: [WO] orientation angle 90, orientation 1
07-03 00:51:47.755  1456  1639 D VSC     : @ 1300384.468: [WO] Gyro angle integrated: 0.090243
07-03 00:51:47.755  1456  1639 D VSC     : @ 1300384.468: [WO] Gyro angle integrated: 0.090243
07-03 00:51:47.899   623   633 D libnos_transport: Calling App 0x00 with params 0x0200
07-03 00:51:47.900   623   633 D libnos_transport: App 0x00 check status=0x00000000 reply_len=0 protocol=1 flags=0x0000
07-03 00:51:47.900   623   633 D libnos_transport: Send app 0 command data (0 bytes)
07-03 00:51:47.900   623   633 D libnos_transport: Send app 0 go command 0x00000200
07-03 00:51:47.901   623   633 D libnos_transport: Polling app 0
07-03 00:51:47.903   623   633 D libnos_transport: App 0x00 polled=3 status=0x80000000 reply_len=92 flags=0x0000
07-03 00:51:47.903   623   633 D libnos_transport: Read app 0 reply data (92 bytes)
07-03 00:51:47.904   623   633 D libnos_transport: App 0x00 returning 0x0
07-03 00:51:48.628  2392  2393 I pixel-thermal: skin-therm-monitor:35.385 raw data: skin-therm-monitor:35385 
07-03 00:51:48.835  1438  2979 D audio_hw_primary: out_standby: enter: stream (0xed500010) usecase(1: low-latency-playback)
07-03 00:51:48.872  1438  2979 D audio_hw_primary: disable_audio_route: reset and update mixer path: low-latency-playback
07-03 00:51:48.875  1438  2979 D soundtrigger: audio_extn_sound_trigger_update_stream_status: uc_info->id 1 of type 0 for Event 2, with Raise=0
07-03 00:51:48.875  1438  2979 D hardware_info: hw_info_append_hw_type : device_name = speaker
07-03 00:51:48.875  1438  2979 D audio_hw_primary: disable_snd_device: snd_device(2: speaker)
07-03 00:51:48.916  1438  2979 D audio_hw_primary: disable_audio_route: reset and update mixer path: spkr-vi-record
07-03 00:51:48.916  1438  2979 D soundtrigger: audio_extn_sound_trigger_update_stream_status: uc_info->id 53 of type 1 for Event 2, with Raise=0
07-03 00:51:48.916  1438  2979 D hardware_info: hw_info_append_hw_type : device_name = vi-feedback
07-03 00:51:48.916  1438  2979 D audio_hw_primary: disable_snd_device: snd_device(222: vi-feedback)
07-03 00:51:48.916  1438  2979 I soundtrigger: audio_extn_sound_trigger_update_device_status: device 0xde of type 1 for Event 0, with Raise=0
07-03 00:51:48.916  1438  2979 W audio_hw_cirrus_playback: spkr_prot_stop_processing: state: 2, snd_device: 2
07-03 00:51:48.919  1438  2979 I soundtrigger: audio_extn_sound_trigger_update_device_status: device 0x2 of type 0 for Event 0, with Raise=0
07-03 00:51:49.055  3128  3128 D DLObserver: onReceive(); android.intent.action.BATTERY_CHANGED
07-03 00:51:49.056  3128  3128 D DLObserver: plugged=2
07-03 00:51:49.060  2251  2558 D ActivityManager: sync unfroze 14237 com.android.settings for 3
07-03 00:51:49.061  3267  3290 W System  : A resource failed to call close. 
07-03 00:51:49.062  3128  3128 I ReverseChargingControl: handleIntentForReverseCharging(): rtx=0 wlc=0 plgac=0 ac=0 acrtx=0 extra=2 this=com.google.android.systemui.reversecharging.ReverseChargingController@7db33da
07-03 00:51:49.062  3128  3128 D PowerNotificationWarningsGoogleImpl: onReceive: android.intent.action.BATTERY_CHANGED
07-03 00:51:49.062  3128  3128 D BatteryDefenderNotification: isPlugged: true | isBatteryDefender: false | defenderEnabled: false | isCharged: false | isPluggedInDock: false
07-03 00:51:49.063  3128  3128 D IncompatibleChargerNotification: dispatchIntent: android.intent.action.BATTERY_CHANGED
07-03 00:51:49.068  3425  3425 V DeviceStatisticsService: chargerType=2 batteryLevel=94 totalBatteryCapacity=2691700
07-03 00:51:49.068  3425  3425 D DeviceInfoHidlClient: isRadioOn()=true
07-03 00:51:49.068  3425  3425 I DeviceInfoHidlClient: isPowerInfoNeverSent=false batteryLevel=94 batteryLevelIndex=3 chargingMode=2 totalCapacity=2691700 powerSaveMode=false
07-03 00:51:49.073  3128 11793 D PowerUI : can't show warning due to - plugged: true status unknown: false
07-03 00:51:49.075 14237 14237 D BatteryUsageBroadcastReceiver: onReceive:android.intent.action.BATTERY_LEVEL_CHANGED
07-03 00:51:49.084  3128  3168 D BatteryInfoBroadcast: onReceive: android.intent.action.BATTERY_CHANGED, saverMode: false, remainingTime: 521532658
07-03 00:51:49.093  1456  2902 I sensors-hal: [ssc_utils]get_qmi_debug_flag:243, support_qmi_debug : false
07-03 00:51:49.099  2251  3127 D ActivityManager: sync unfroze 26739 com.google.android.turboadapter for 6
07-03 00:51:49.112 26739 26748 E GoogleBatteryService: setting battery property failed
07-03 00:51:49.112 26739 26748 E GoogleBatteryService: android.os.ServiceSpecificException: Couldn't write property or sysfs value (0) to: /sys/class/power_supply/battery/csi_stats, 9, 25 (code 1)
07-03 00:51:49.112 26739 26748 E GoogleBatteryService: 	at android.os.Parcel.createExceptionOrNull(Parcel.java:3071)
07-03 00:51:49.112 26739 26748 E GoogleBatteryService: 	at android.os.Parcel.createException(Parcel.java:3041)
07-03 00:51:49.112 26739 26748 E GoogleBatteryService: 	at android.os.Parcel.readException(Parcel.java:3024)
07-03 00:51:49.112 26739 26748 E GoogleBatteryService: 	at android.os.Parcel.readException(Parcel.java:2966)
07-03 00:51:49.112 26739 26748 E GoogleBatteryService: 	at vendor.google.google_battery.IGoogleBattery$Stub$Proxy.setProperty(IGoogleBattery.java:694)
07-03 00:51:49.112 26739 26748 E GoogleBatteryService: 	at com.google.android.turboadapter.GoogleBatteryService$GoogleBatteryProxy.setProperty(GoogleBatteryService.java:282)
07-03 00:51:49.112 26739 26748 E GoogleBatteryService: 	at com.google.android.turboadapter.IGoogleBatteryService$Stub.onTransact(IGoogleBatteryService.java:187)
07-03 00:51:49.112 26739 26748 E GoogleBatteryService: 	at android.os.Binder.execTransactInternal(Binder.java:1339)
07-03 00:51:49.112 26739 26748 E GoogleBatteryService: 	at android.os.Binder.execTransact(Binder.java:1275)
07-03 00:51:49.175  1456  2902 I sensors-hal: [ssc_utils]get_qmi_debug_flag:243, support_qmi_debug : false
07-03 00:51:49.616  2251  2958 I HalDevMgr: bestIfaceCreationProposal is null, requestIface=STA, existingIface=[name=wlan0 type=STA]
07-03 00:51:49.619  3128  3128 D StatusBarIconController: ignoring old pipeline callback because the new wifi icon is enabled
07-03 00:51:49.784  1456  1639 D VSC     : @ 1300386.498: [WO] Proposed rotation: 1, flat angle threshold: 40
07-03 00:51:49.784  1456  1639 D VSC     : @ 1300386.498: [WO] orientation angle 90, orientation 1
07-03 00:51:49.784  1456  1639 D VSC     : @ 1300386.498: [WO] Gyro angle integrated: 0.081934
07-03 00:51:49.784  1456  1639 D VSC     : @ 1300386.498: [WO] Gyro angle integrated: 0.081934
07-03 00:51:49.858 23013 23013 D BoundBrokerSvc: onUnbind: Intent { act=com.google.android.gms.common.telemetry.service.START dat=chimera-action:/... cmp=com.google.android.gms/.chimera.PersistentApiService }
07-03 00:51:50.143 23013 27452 I NearbyMediums: Found BLE GATT Advertisements :
07-03 00:51:50.143 23013 27452 I NearbyMediums: BleAdvertisement { version=2, socketVersion=2, isFast=false, serviceIdHash=[ 0xfc 0x9f 0x5e ], data=[ 0x23 0xfc 0x9f 0x5e 0x5a 0x34 0x46 0x42 0x1a 0x06 0xfa 0xfe 0x12 0xb4 0xe0 0x06 0x73 0x10 0xf9 0x9b 0x3d 0xbb 0x99 0xcb 0xa5 0xb3 0x08 0x57 0x45 0x49 0x27 0x73 0x20 0x50 0x43 0xe4 0x5e 0x37 0xae 0xf5 0x2d 0x00 0x00 ], deviceToken=[ 0x64 0xed ], rxAdvertisement=null } : 4 times.
07-03 00:51:50.143 23013 27452 I NearbyMediums: Total 4 GATT advertisements from 1 unique advertisers.
07-03 00:51:50.143 23013 27452 I NearbyMediums: Current Tracked Scanning Clients are : {NearbyConnections.EnvironmentMonitor, NearbySharing}
07-03 00:51:50.146 23013 27650 I NearbyConnections: Processing lost BlePeripheral BlePeripheral{advertisement=BleAdvertisement { version=2, socketVersion=2, isFast=true, serviceIdHash=null, data=[ 0x23 0x49 0x53 0x53 0x4a 0x11 0x32 0xa7 0x97 0xd6 0x86 0x2a 0x12 0x4f 0x5d 0x8e 0xb5 0xc6 0xb4 0x5c 0x1a 0x22 0x24 ], deviceToken=[ 0xc6 0xfa ], rxAdvertisement=null }, dctAdvertisement=null, address=null, psm=0, deviceToken=<ByteString@cc50a69 size=2 contents="\306\372">, isSecondProfile=false, rxInstantConnectionAdv=null}.
07-03 00:51:50.147 23013 27650 I NearbyConnections: Lost BleEndpoint for BlePeripheral BlePeripheral{advertisement=BleAdvertisement { version=2, socketVersion=2, isFast=true, serviceIdHash=null, data=[ 0x23 0x49 0x53 0x53 0x4a 0x11 0x32 0xa7 0x97 0xd6 0x86 0x2a 0x12 0x4f 0x5d 0x8e 0xb5 0xc6 0xb4 0x5c 0x1a 0x22 0x24 ], deviceToken=[ 0xc6 0xfa ], rxAdvertisement=null }, dctAdvertisement=null, address=null, psm=0, deviceToken=<ByteString@cc50a69 size=2 contents="\306\372">, isSecondProfile=false, rxInstantConnectionAdv=null} (with EndpointId ISSJ and EndpointInfo [ 0x32 0xa7 0x97 0xd6 0x86 0x2a 0x12 0x4f 0x5d 0x8e 0xb5 0xc6 0xb4 0x5c 0x1a 0x22 0x24 ]).
07-03 00:51:50.149 23013 27650 I NearbyConnections: ClientProxy(230048935) reporting onEndpointLost(ISSJ)
07-03 00:51:50.152 23013 27650 I NearbySharing: NearbySharing Internal event EndpointLost(endpointId=ISSJ)
07-03 00:51:50.152 23013 27452 I NearbySharing: [NS_DISCOVERY] DiscoveryController reported Lost(endpointId=ISSJ)
07-03 00:51:50.656 23013 27452 I NearbySharing: [NS_CONTROL] DiscoveryStateManager emitted ReportLost(id=1).
07-03 00:51:50.657 23013 27452 I NearbySharing: NearbySharing Internal event ReceiverLost(receiverId=1)
07-03 00:51:50.658 23013 27650 I NearbySharing: SendProvider: SendManager event Lost(receiverId=1)
07-03 00:51:50.658 23013 27452 I NearbySharing: ShareTargetDiscoveredCallback: onShareTargetLost()
07-03 00:51:50.664 23013 23013 I NearbySharing: ShortcutInfoManager removed shortcut WEI's Pixel 8
07-03 00:51:50.665  2251  2557 W NotificationHistory: Attempted to remove conversation for locked/gone/disabled user 0
07-03 00:51:50.768 23013 27452 I NearbyConnections: Found BleAdvertisement [ 0x23 0x49 0x53 0x53 0x4a 0x11 0x32 0xa7 0x97 0xd6 0x86 0x2a 0x12 0x4f 0x5d 0x8e 0xb5 0xc6 0xb4 0x5c 0x1a 0x22 0x24 ] (with EndpointId ISSJ and EndpointInfo [ 0x32 0xa7 0x97 0xd6 0x86 0x2a 0x12 0x4f 0x5d 0x8e 0xb5 0xc6 0xb4 0x5c 0x1a 0x22 0x24 ])
07-03 00:51:50.773 23013 27452 I NearbyConnections: ClientProxy(230048935 0p:com.google.android.gms.nearby.sharing) reporting onEndpointFound(ISSJ)
07-03 00:51:50.774 23013 27452 I NearbyConnections: ClientProxy(230048935) reporting onEndpointDistanceChanged(ISSJ, UNKNOWN)
07-03 00:51:50.774 23013 27519 I NearbySharing: NearbySharing Internal event EndpointDiscovered(endpointId=ISSJ)
07-03 00:51:50.782 23013 27643 I NearbySharing: [NS_DISCOVERY] DiscoveryController reported Discovered(endpointId=ISSJ, metadata=DeviceMetadata(version=1, deviceType=1, deviceName=WEI's Pixel 8, displayName=WEI HE, modelName=Pixel 8, imageUri=content://com.google.android.gms.fileprovider/nearby_share_images/-641535173.jpg, isSelfShare=true, isKnown=true, bluetoothMacAddress=[-108, 69, 96, 115, 96, 2], vendorId=0, matchesLocalQrCode=false, devicePairingBindingIds=[]))
07-03 00:51:50.782 23013 27643 I NearbySharing: [NS_DEBUG] Dedupped: same endpoint ID ISSJ
07-03 00:51:50.782 23013 27643 I NearbySharing: [NS_DEBUG] previous receiver info ReceiverInfo(endpointIds=[DiscoveryEndpoint(id=ISSJ, origin=NEARBY_CONNECTIONS)], metadata=DeviceMetadata(version=1, deviceType=1, deviceName=WEI's Pixel 8, displayName=WEI HE, modelName=Pixel 8, imageUri=content://com.google.android.gms.fileprovider/nearby_share_images/-641535173.jpg, isSelfShare=true, isKnown=true, bluetoothMacAddress=[-108, 69, 96, 115, 96, 2], vendorId=0, matchesLocalQrCode=false, devicePairingBindingIds=[]), state=Tomb(delayedStateChangeJob=jzpl{Active}@ba3a208))
07-03 00:51:50.782 23013 27643 I NearbySharing: NearbySharing Internal event ReceiverEndpointMapping(endpointId=ISSJ, receiverId=1)
07-03 00:51:50.783 23013 27519 I NearbySharing: [NS_CONTROL] DiscoveryStateManager emitted ReportDiscovered(id=1, metadata=DeviceMetadata(version=1, deviceType=1, deviceName=WEI's Pixel 8, displayName=WEI HE, modelName=Pixel 8, imageUri=content://com.google.android.gms.fileprovider/nearby_share_images/-641535173.jpg, isSelfShare=true, isKnown=true, bluetoothMacAddress=[-108, 69, 96, 115, 96, 2], vendorId=0, matchesLocalQrCode=false, devicePairingBindingIds=[])).
07-03 00:51:50.783 23013 27519 I NearbySharing: NearbySharing Internal event ReceiverDiscovered(receiverId=1, deviceName=WEI's Pixel 8, isKnown=true, isSelfShare=true, deviceType=1, hasMatchingQrCode=false, isExternal=false, providerName=null, providerId=null, cloudReceiverSessionId=null, cloudSharingId=null)
07-03 00:51:50.783 23013 27647 I NearbySharing: SendProvider: SendManager event Discovered(receiverId=1, receiverMetadata=DeviceMetadata(version=1, deviceType=1, deviceName=WEI's Pixel 8, displayName=WEI HE, modelName=Pixel 8, imageUri=content://com.google.android.gms.fileprovider/nearby_share_images/-641535173.jpg, isSelfShare=true, isKnown=true, bluetoothMacAddress=[-108, 69, 96, 115, 96, 2], vendorId=0, matchesLocalQrCode=false, devicePairingBindingIds=[]))
07-03 00:51:50.784 23013 27519 I NearbySharing: ShareTargetDiscoveredCallback: onShareTargetDiscovered()
